[2026-07-22T10:58:41.014+0300] CardTable entry size: 512
[2026-07-22T10:58:41.015+0300] Using Serial
[2026-07-22T10:58:41.015+0300] Version: 21.0.3+10-LTS (release)
[2026-07-22T10:58:41.015+0300] CPUs: 24 total, 24 available
[2026-07-22T10:58:41.015+0300] Memory: 31993M
[2026-07-22T10:58:41.015+0300] Large Page Support: Disabled
[2026-07-22T10:58:41.015+0300] NUMA Support: Disabled
[2026-07-22T10:58:41.015+0300] Compressed Oops: Enabled (32-bit)
[2026-07-22T10:58:41.015+0300] Heap Min Capacity: 128M
[2026-07-22T10:58:41.015+0300] Heap Initial Capacity: 128M
[2026-07-22T10:58:41.015+0300] Heap Max Capacity: 128M
[2026-07-22T10:58:41.015+0300] Pre-touch: Disabled
[2026-07-22T10:58:41.028+0300] CDS archive(s) mapped at: [0x000070f43b000000-0x000070f43bcaa000-0x000070f43bcaa000), size 13279232, SharedBaseAddress: 0x000070f43b000000, ArchiveRelocationMode: 1.
[2026-07-22T10:58:41.028+0300] Compressed class space mapped at: 0x000070f43c000000-0x000070f47c000000, reserved size: 1073741824
[2026-07-22T10:58:41.028+0300] Narrow klass base: 0x000070f43b000000, Narrow klass shift: 0, Narrow klass range: 0x100000000
[2026-07-22T10:58:41.201+0300] GC(0) Pause Young (Allocation Failure)
[2026-07-22T10:58:41.213+0300] GC(0) DefNew: 34944K(39296K)->4351K(39296K) Eden: 34944K(34944K)->0K(34944K) From: 0K(4352K)->4351K(4352K)
[2026-07-22T10:58:41.213+0300] GC(0) Tenured: 1054K(87424K)->2219K(87424K)
[2026-07-22T10:58:41.213+0300] GC(0) Metaspace: 265K(448K)->265K(448K) NonClass: 253K(320K)->253K(320K) Class: 11K(128K)->11K(128K)
[2026-07-22T10:58:41.213+0300] GC(0) Pause Young (Allocation Failure) 35M->6M(123M) 11,533ms
[2026-07-22T10:58:41.213+0300] GC(0) User=0,02s Sys=0,01s Real=0,01s
[2026-07-22T10:58:41.500+0300] GC(1) Pause Young (Allocation Failure)
[2026-07-22T10:58:41.508+0300] GC(1) DefNew: 39295K(39296K)->1765K(39296K) Eden: 34944K(34944K)->0K(34944K) From: 4351K(4352K)->1765K(4352K)
[2026-07-22T10:58:41.508+0300] GC(1) Tenured: 2219K(87424K)->4384K(87424K)
[2026-07-22T10:58:41.508+0300] GC(1) Metaspace: 276K(448K)->276K(448K) NonClass: 262K(320K)->262K(320K) Class: 13K(128K)->13K(128K)
[2026-07-22T10:58:41.508+0300] GC(1) Pause Young (Allocation Failure) 40M->6M(123M) 8,599ms
[2026-07-22T10:58:41.508+0300] GC(1) User=0,01s Sys=0,01s Real=0,01s
[2026-07-22T10:58:41.638+0300] GC(2) Pause Young (Allocation Failure)
[2026-07-22T10:58:41.666+0300] GC(2) DefNew: 36709K(39296K)->4351K(39296K) Eden: 34944K(34944K)->0K(34944K) From: 1765K(4352K)->4351K(4352K)
[2026-07-22T10:58:41.666+0300] GC(2) Tenured: 4384K(87424K)->10151K(87424K)
[2026-07-22T10:58:41.666+0300] GC(2) Metaspace: 276K(448K)->276K(448K) NonClass: 262K(320K)->262K(320K) Class: 13K(128K)->13K(128K)
[2026-07-22T10:58:41.666+0300] GC(2) Pause Young (Allocation Failure) 40M->14M(123M) 27,845ms
[2026-07-22T10:58:41.666+0300] GC(2) User=0,02s Sys=0,00s Real=0,03s
[2026-07-22T10:58:41.808+0300] GC(3) Pause Young (Allocation Failure)
[2026-07-22T10:58:41.873+0300] GC(3) DefNew: 39295K(39296K)->4351K(39296K) Eden: 34944K(34944K)->0K(34944K) From: 4351K(4352K)->4351K(4352K)
[2026-07-22T10:58:41.873+0300] GC(3) Tenured: 10151K(87424K)->24377K(87424K)
[2026-07-22T10:58:41.873+0300] GC(3) Metaspace: 276K(448K)->276K(448K) NonClass: 262K(320K)->262K(320K) Class: 13K(128K)->13K(128K)
[2026-07-22T10:58:41.873+0300] GC(3) Pause Young (Allocation Failure) 48M->28M(123M) 64,914ms
[2026-07-22T10:58:41.873+0300] GC(3) User=0,05s Sys=0,01s Real=0,07s
[2026-07-22T10:58:42.137+0300] GC(4) Pause Young (Allocation Failure)
[2026-07-22T10:58:42.140+0300] GC(4) DefNew: 39295K(39296K)->270K(39296K) Eden: 34944K(34944K)->0K(34944K) From: 4351K(4352K)->270K(4352K)
[2026-07-22T10:58:42.140+0300] GC(4) Tenured: 24377K(87424K)->24409K(87424K)
[2026-07-22T10:58:42.140+0300] GC(4) Metaspace: 276K(448K)->276K(448K) NonClass: 262K(320K)->262K(320K) Class: 13K(128K)->13K(128K)
[2026-07-22T10:58:42.140+0300] GC(4) Pause Young (Allocation Failure) 62M->24M(123M) 2,761ms
[2026-07-22T10:58:42.140+0300] GC(4) User=0,00s Sys=0,00s Real=0,00s
[2026-07-22T10:58:42.297+0300] GC(5) Pause Young (Allocation Failure)
[2026-07-22T10:58:42.322+0300] GC(5) DefNew: 35214K(39296K)->4352K(39296K) Eden: 34944K(34944K)->0K(34944K) From: 270K(4352K)->4352K(4352K)
[2026-07-22T10:58:42.322+0300] GC(5) Tenured: 24409K(87424K)->28679K(87424K)
[2026-07-22T10:58:42.322+0300] GC(5) Metaspace: 276K(448K)->276K(448K) NonClass: 262K(320K)->262K(320K) Class: 13K(128K)->13K(128K)
[2026-07-22T10:58:42.322+0300] GC(5) Pause Young (Allocation Failure) 58M->32M(123M) 24,557ms
[2026-07-22T10:58:42.322+0300] GC(5) User=0,02s Sys=0,01s Real=0,03s
[2026-07-22T10:58:42.483+0300] GC(6) Pause Young (Allocation Failure)
[2026-07-22T10:58:42.526+0300] GC(6) DefNew: 39296K(39296K)->4352K(39296K) Eden: 34944K(34944K)->0K(34944K) From: 4352K(4352K)->4352K(4352K)
[2026-07-22T10:58:42.526+0300] GC(6) Tenured: 28679K(87424K)->41320K(87424K)
[2026-07-22T10:58:42.526+0300] GC(6) Metaspace: 276K(448K)->276K(448K) NonClass: 262K(320K)->262K(320K) Class: 13K(128K)->13K(128K)
[2026-07-22T10:58:42.526+0300] GC(6) Pause Young (Allocation Failure) 66M->44M(123M) 42,826ms
[2026-07-22T10:58:42.526+0300] GC(6) User=0,04s Sys=0,00s Real=0,04s
[2026-07-22T10:58:42.685+0300] GC(7) Pause Young (Allocation Failure)
[2026-07-22T10:58:42.692+0300] GC(7) DefNew: 39296K(39296K)->3168K(39296K) Eden: 34944K(34944K)->0K(34944K) From: 4352K(4352K)->3168K(4352K)
[2026-07-22T10:58:42.692+0300] GC(7) Tenured: 41320K(87424K)->41326K(87424K)
[2026-07-22T10:58:42.692+0300] GC(7) Metaspace: 276K(448K)->276K(448K) NonClass: 262K(320K)->262K(320K) Class: 13K(128K)->13K(128K)
[2026-07-22T10:58:42.692+0300] GC(7) Pause Young (Allocation Failure) 78M->43M(123M) 7,176ms
[2026-07-22T10:58:42.692+0300] GC(7) User=0,00s Sys=0,00s Real=0,01s
[2026-07-22T10:58:42.948+0300] GC(8) Pause Young (Allocation Failure)
[2026-07-22T10:58:42.966+0300] GC(8) DefNew: 38112K(39296K)->4351K(39296K) Eden: 34944K(34944K)->0K(34944K) From: 3168K(4352K)->4351K(4352K)
[2026-07-22T10:58:42.966+0300] GC(8) Tenured: 41326K(87424K)->44256K(87424K)
[2026-07-22T10:58:42.966+0300] GC(8) Metaspace: 276K(448K)->276K(448K) NonClass: 262K(320K)->262K(320K) Class: 13K(128K)->13K(128K)
[2026-07-22T10:58:42.966+0300] GC(8) Pause Young (Allocation Failure) 77M->47M(123M) 18,054ms
[2026-07-22T10:58:42.966+0300] GC(8) User=0,02s Sys=0,00s Real=0,02s
[2026-07-22T10:58:43.124+0300] GC(9) Pause Young (Allocation Failure)
[2026-07-22T10:58:43.159+0300] GC(9) DefNew: 39295K(39296K)->4351K(39296K) Eden: 34944K(34944K)->0K(34944K) From: 4351K(4352K)->4351K(4352K)
[2026-07-22T10:58:43.159+0300] GC(9) Tenured: 44256K(87424K)->55363K(87424K)
[2026-07-22T10:58:43.159+0300] GC(9) Metaspace: 276K(448K)->276K(448K) NonClass: 262K(320K)->262K(320K) Class: 13K(128K)->13K(128K)
[2026-07-22T10:58:43.160+0300] GC(9) Pause Young (Allocation Failure) 81M->58M(123M) 36,016ms
[2026-07-22T10:58:43.160+0300] GC(9) User=0,04s Sys=0,01s Real=0,03s
[2026-07-22T10:58:43.335+0300] GC(10) Pause Young (Allocation Failure)
[2026-07-22T10:58:43.352+0300] GC(10) DefNew: 39295K(39296K)->4351K(39296K) Eden: 34944K(34944K)->0K(34944K) From: 4351K(4352K)->4351K(4352K)
[2026-07-22T10:58:43.352+0300] GC(10) Tenured: 55363K(87424K)->57810K(87424K)
[2026-07-22T10:58:43.352+0300] GC(10) Metaspace: 276K(448K)->276K(448K) NonClass: 262K(320K)->262K(320K) Class: 13K(128K)->13K(128K)
[2026-07-22T10:58:43.352+0300] GC(10) Pause Young (Allocation Failure) 92M->60M(123M) 16,310ms
[2026-07-22T10:58:43.352+0300] GC(10) User=0,02s Sys=0,00s Real=0,02s
[2026-07-22T10:58:43.615+0300] GC(11) Pause Young (Allocation Failure)
[2026-07-22T10:58:43.629+0300] GC(11) DefNew: 39295K(39296K)->4351K(39296K) Eden: 34944K(34944K)->0K(34944K) From: 4351K(4352K)->4351K(4352K)
[2026-07-22T10:58:43.629+0300] GC(11) Tenured: 57810K(87424K)->59246K(87424K)
[2026-07-22T10:58:43.629+0300] GC(11) Metaspace: 276K(448K)->276K(448K) NonClass: 262K(320K)->262K(320K) Class: 13K(128K)->13K(128K)
[2026-07-22T10:58:43.629+0300] GC(11) Pause Young (Allocation Failure) 94M->62M(123M) 14,773ms
[2026-07-22T10:58:43.629+0300] GC(11) User=0,01s Sys=0,00s Real=0,01s
[2026-07-22T10:58:43.790+0300] GC(12) Pause Young (Allocation Failure)
[2026-07-22T10:58:43.834+0300] GC(12) DefNew: 39295K(39296K)->4351K(39296K) Eden: 34944K(34944K)->0K(34944K) From: 4351K(4352K)->4351K(4352K)
[2026-07-22T10:58:43.834+0300] GC(12) Tenured: 59246K(87424K)->68846K(87424K)
[2026-07-22T10:58:43.834+0300] GC(12) Metaspace: 276K(448K)->276K(448K) NonClass: 262K(320K)->262K(320K) Class: 13K(128K)->13K(128K)
[2026-07-22T10:58:43.834+0300] GC(12) Pause Young (Allocation Failure) 96M->71M(123M) 44,302ms
[2026-07-22T10:58:43.834+0300] GC(12) User=0,04s Sys=0,01s Real=0,05s
[2026-07-22T10:58:44.004+0300] GC(13) Pause Young (Allocation Failure)
[2026-07-22T10:58:44.034+0300] GC(13) DefNew: 39295K(39296K)->4352K(39296K) Eden: 34944K(34944K)->0K(34944K) From: 4351K(4352K)->4352K(4352K)
[2026-07-22T10:58:44.034+0300] GC(13) Tenured: 68846K(87424K)->74925K(87424K)
[2026-07-22T10:58:44.034+0300] GC(13) Metaspace: 276K(448K)->276K(448K) NonClass: 262K(320K)->262K(320K) Class: 13K(128K)->13K(128K)
[2026-07-22T10:58:44.034+0300] GC(13) Pause Young (Allocation Failure) 105M->77M(123M) 30,185ms
[2026-07-22T10:58:44.034+0300] GC(13) User=0,03s Sys=0,00s Real=0,03s
[2026-07-22T10:58:44.301+0300] GC(14) Pause Young (Allocation Failure)
[2026-07-22T10:58:44.301+0300] GC(14) Pause Young (Allocation Failure) 111M->111M(123M) 0,136ms
[2026-07-22T10:58:44.301+0300] GC(14) User=0,00s Sys=0,00s Real=0,00s
[2026-07-22T10:58:44.301+0300] GC(15) Pause Full (Allocation Failure)
[2026-07-22T10:58:44.301+0300] GC(15) Phase 1: Mark live objects
[2026-07-22T10:58:44.309+0300] GC(15) Phase 1: Mark live objects 7,227ms
[2026-07-22T10:58:44.309+0300] GC(15) Phase 2: Compute new object addresses
[2026-07-22T10:58:44.352+0300] GC(15) Phase 2: Compute new object addresses 43,400ms
[2026-07-22T10:58:44.352+0300] GC(15) Phase 3: Adjust pointers
[2026-07-22T10:58:44.357+0300] GC(15) Phase 3: Adjust pointers 4,457ms
[2026-07-22T10:58:44.357+0300] GC(15) Phase 4: Move objects
[2026-07-22T10:58:44.358+0300] GC(15) Phase 4: Move objects 1,693ms
[2026-07-22T10:58:44.359+0300] GC(15) DefNew: 39296K(39296K)->0K(39296K) Eden: 34944K(34944K)->0K(34944K) From: 4352K(4352K)->0K(4352K)
[2026-07-22T10:58:44.359+0300] GC(15) Tenured: 74925K(87424K)->9731K(87424K)
[2026-07-22T10:58:44.359+0300] GC(15) Metaspace: 276K(448K)->276K(448K) NonClass: 262K(320K)->262K(320K) Class: 13K(128K)->13K(128K)
[2026-07-22T10:58:44.359+0300] GC(15) Pause Full (Allocation Failure) 111M->9M(123M) 57,364ms
[2026-07-22T10:58:44.359+0300] GC(15) User=0,06s Sys=0,00s Real=0,05s
[2026-07-22T10:58:44.517+0300] GC(16) Pause Young (Allocation Failure)
[2026-07-22T10:58:44.549+0300] GC(16) DefNew: 34944K(39296K)->4351K(39296K) Eden: 34944K(34944K)->0K(34944K) From: 0K(4352K)->4351K(4352K)
[2026-07-22T10:58:44.549+0300] GC(16) Tenured: 9731K(87424K)->19347K(87424K)
[2026-07-22T10:58:44.549+0300] GC(16) Metaspace: 276K(448K)->276K(448K) NonClass: 262K(320K)->262K(320K) Class: 13K(128K)->13K(128K)
[2026-07-22T10:58:44.549+0300] GC(16) Pause Young (Allocation Failure) 43M->23M(123M) 32,239ms
[2026-07-22T10:58:44.549+0300] GC(16) User=0,03s Sys=0,00s Real=0,03s
[2026-07-22T10:58:44.715+0300] GC(17) Pause Young (Allocation Failure)
[2026-07-22T10:58:44.750+0300] GC(17) DefNew: 39295K(39296K)->4352K(39296K) Eden: 34944K(34944K)->0K(34944K) From: 4351K(4352K)->4352K(4352K)
[2026-07-22T10:58:44.750+0300] GC(17) Tenured: 19347K(87424K)->29814K(87424K)
[2026-07-22T10:58:44.750+0300] GC(17) Metaspace: 276K(448K)->276K(448K) NonClass: 262K(320K)->262K(320K) Class: 13K(128K)->13K(128K)
[2026-07-22T10:58:44.750+0300] GC(17) Pause Young (Allocation Failure) 57M->33M(123M) 35,390ms
[2026-07-22T10:58:44.750+0300] GC(17) User=0,04s Sys=0,00s Real=0,03s
[2026-07-22T10:58:45.022+0300] GC(18) Pause Young (Allocation Failure)
[2026-07-22T10:58:45.030+0300] GC(18) DefNew: 39296K(39296K)->2586K(39296K) Eden: 34944K(34944K)->0K(34944K) From: 4352K(4352K)->2586K(4352K)
[2026-07-22T10:58:45.030+0300] GC(18) Tenured: 29814K(87424K)->29962K(87424K)
[2026-07-22T10:58:45.030+0300] GC(18) Metaspace: 276K(448K)->276K(448K) NonClass: 262K(320K)->262K(320K) Class: 13K(128K)->13K(128K)
[2026-07-22T10:58:45.030+0300] GC(18) Pause Young (Allocation Failure) 67M->31M(123M) 8,210ms
[2026-07-22T10:58:45.030+0300] GC(18) User=0,01s Sys=0,00s Real=0,00s
[2026-07-22T10:58:45.187+0300] GC(19) Pause Young (Allocation Failure)
[2026-07-22T10:58:45.214+0300] GC(19) DefNew: 37530K(39296K)->4352K(39296K) Eden: 34944K(34944K)->0K(34944K) From: 2586K(4352K)->4352K(4352K)
[2026-07-22T10:58:45.214+0300] GC(19) Tenured: 29962K(87424K)->36548K(87424K)
[2026-07-22T10:58:45.214+0300] GC(19) Metaspace: 276K(448K)->276K(448K) NonClass: 262K(320K)->262K(320K) Class: 13K(128K)->13K(128K)
[2026-07-22T10:58:45.214+0300] GC(19) Pause Young (Allocation Failure) 65M->39M(123M) 27,260ms
[2026-07-22T10:58:45.214+0300] GC(19) User=0,02s Sys=0,00s Real=0,03s
[2026-07-22T10:58:45.377+0300] GC(20) Pause Young (Allocation Failure)
[2026-07-22T10:58:45.428+0300] GC(20) DefNew: 39296K(39296K)->4352K(39296K) Eden: 34944K(34944K)->0K(34944K) From: 4352K(4352K)->4352K(4352K)
[2026-07-22T10:58:45.428+0300] GC(20) Tenured: 36548K(87424K)->49817K(87424K)
[2026-07-22T10:58:45.428+0300] GC(20) Metaspace: 276K(448K)->276K(448K) NonClass: 262K(320K)->262K(320K) Class: 13K(128K)->13K(128K)
[2026-07-22T10:58:45.428+0300] GC(20) Pause Young (Allocation Failure) 74M->52M(123M) 51,419ms
[2026-07-22T10:58:45.428+0300] GC(20) User=0,05s Sys=0,00s Real=0,05s
[2026-07-22T10:58:45.706+0300] GC(21) Pause Young (Allocation Failure)
[2026-07-22T10:58:45.710+0300] GC(21) DefNew: 39296K(39296K)->1079K(39296K) Eden: 34944K(34944K)->0K(34944K) From: 4352K(4352K)->1079K(4352K)
[2026-07-22T10:58:45.711+0300] GC(21) Tenured: 49817K(87424K)->49867K(87424K)
[2026-07-22T10:58:45.711+0300] GC(21) Metaspace: 276K(448K)->276K(448K) NonClass: 262K(320K)->262K(320K) Class: 13K(128K)->13K(128K)
[2026-07-22T10:58:45.711+0300] GC(21) Pause Young (Allocation Failure) 87M->49M(123M) 4,931ms
[2026-07-22T10:58:45.711+0300] GC(21) User=0,01s Sys=0,00s Real=0,01s
[2026-07-22T10:58:45.864+0300] GC(22) Pause Young (Allocation Failure)
[2026-07-22T10:58:45.881+0300] GC(22) DefNew: 36023K(39296K)->4352K(39296K) Eden: 34944K(34944K)->0K(34944K) From: 1079K(4352K)->4352K(4352K)
[2026-07-22T10:58:45.881+0300] GC(22) Tenured: 49867K(87424K)->54947K(87424K)
[2026-07-22T10:58:45.881+0300] GC(22) Metaspace: 276K(448K)->276K(448K) NonClass: 262K(320K)->262K(320K) Class: 13K(128K)->13K(128K)
[2026-07-22T10:58:45.881+0300] GC(22) Pause Young (Allocation Failure) 83M->57M(123M) 17,675ms
[2026-07-22T10:58:45.881+0300] GC(22) User=0,02s Sys=0,00s Real=0,02s
[2026-07-22T10:58:46.037+0300] GC(23) Pause Young (Allocation Failure)
[2026-07-22T10:58:46.090+0300] GC(23) DefNew: 39296K(39296K)->4351K(39296K) Eden: 34944K(34944K)->0K(34944K) From: 4352K(4352K)->4351K(4352K)
[2026-07-22T10:58:46.090+0300] GC(23) Tenured: 54947K(87424K)->68444K(87424K)
[2026-07-22T10:58:46.090+0300] GC(23) Metaspace: 276K(448K)->276K(448K) NonClass: 262K(320K)->262K(320K) Class: 13K(128K)->13K(128K)
[2026-07-22T10:58:46.090+0300] GC(23) Pause Young (Allocation Failure) 92M->71M(123M) 52,497ms
[2026-07-22T10:58:46.090+0300] GC(23) User=0,05s Sys=0,00s Real=0,05s
[2026-07-22T10:58:46.266+0300] GC(24) Pause Young (Allocation Failure)
[2026-07-22T10:58:46.272+0300] GC(24) DefNew: 39295K(39296K)->1141K(39296K) Eden: 34944K(34944K)->0K(34944K) From: 4351K(4352K)->1141K(4352K)
[2026-07-22T10:58:46.272+0300] GC(24) Tenured: 68444K(87424K)->68463K(87424K)
[2026-07-22T10:58:46.272+0300] GC(24) Metaspace: 276K(448K)->276K(448K) NonClass: 262K(320K)->262K(320K) Class: 13K(128K)->13K(128K)
[2026-07-22T10:58:46.272+0300] GC(24) Pause Young (Allocation Failure) 105M->67M(123M) 5,909ms
[2026-07-22T10:58:46.272+0300] GC(24) User=0,00s Sys=0,00s Real=0,01s
[2026-07-22T10:58:46.529+0300] GC(25) Pause Young (Allocation Failure)
[2026-07-22T10:58:46.553+0300] GC(25) DefNew: 36085K(39296K)->4351K(39296K) Eden: 34944K(34944K)->0K(34944K) From: 1141K(4352K)->4351K(4352K)
[2026-07-22T10:58:46.553+0300] GC(25) Tenured: 68463K(87424K)->72151K(87424K)
[2026-07-22T10:58:46.553+0300] GC(25) Metaspace: 276K(448K)->276K(448K) NonClass: 262K(320K)->262K(320K) Class: 13K(128K)->13K(128K)
[2026-07-22T10:58:46.554+0300] GC(25) Pause Young (Allocation Failure) 102M->74M(123M) 24,255ms
[2026-07-22T10:58:46.554+0300] GC(25) User=0,02s Sys=0,00s Real=0,03s
[2026-07-22T10:58:46.717+0300] GC(26) Pause Young (Allocation Failure)
[2026-07-22T10:58:46.717+0300] GC(26) Pause Young (Allocation Failure) 108M->108M(123M) 0,081ms
[2026-07-22T10:58:46.717+0300] GC(26) User=0,00s Sys=0,00s Real=0,00s
[2026-07-22T10:58:46.717+0300] GC(27) Pause Full (Allocation Failure)
[2026-07-22T10:58:46.717+0300] GC(27) Phase 1: Mark live objects
[2026-07-22T10:58:46.732+0300] GC(27) Phase 1: Mark live objects 14,922ms
[2026-07-22T10:58:46.732+0300] GC(27) Phase 2: Compute new object addresses
[2026-07-22T10:58:46.764+0300] GC(27) Phase 2: Compute new object addresses 32,744ms
[2026-07-22T10:58:46.764+0300] GC(27) Phase 3: Adjust pointers
[2026-07-22T10:58:46.775+0300] GC(27) Phase 3: Adjust pointers 10,510ms
[2026-07-22T10:58:46.775+0300] GC(27) Phase 4: Move objects
[2026-07-22T10:58:46.780+0300] GC(27) Phase 4: Move objects 5,185ms
[2026-07-22T10:58:46.780+0300] GC(27) DefNew: 39295K(39296K)->0K(39296K) Eden: 34944K(34944K)->0K(34944K) From: 4351K(4352K)->0K(4352K)
[2026-07-22T10:58:46.780+0300] GC(27) Tenured: 72151K(87424K)->21914K(87424K)
[2026-07-22T10:58:46.780+0300] GC(27) Metaspace: 276K(448K)->276K(448K) NonClass: 262K(320K)->262K(320K) Class: 13K(128K)->13K(128K)
[2026-07-22T10:58:46.780+0300] GC(27) Pause Full (Allocation Failure) 108M->21M(123M) 63,836ms
[2026-07-22T10:58:46.780+0300] GC(27) User=0,07s Sys=0,00s Real=0,06s
[2026-07-22T10:58:46.931+0300] GC(28) Pause Young (Allocation Failure)
[2026-07-22T10:58:46.943+0300] GC(28) DefNew: 34944K(39296K)->4351K(39296K) Eden: 34944K(34944K)->0K(34944K) From: 0K(4352K)->4351K(4352K)
[2026-07-22T10:58:46.943+0300] GC(28) Tenured: 21914K(87424K)->23131K(87424K)
[2026-07-22T10:58:46.943+0300] GC(28) Metaspace: 276K(448K)->276K(448K) NonClass: 262K(320K)->262K(320K) Class: 13K(128K)->13K(128K)
[2026-07-22T10:58:46.943+0300] GC(28) Pause Young (Allocation Failure) 55M->26M(123M) 11,644ms
[2026-07-22T10:58:46.943+0300] GC(28) User=0,01s Sys=0,00s Real=0,01s
[2026-07-22T10:58:47.196+0300] GC(29) Pause Young (Allocation Failure)
[2026-07-22T10:58:47.211+0300] GC(29) DefNew: 39295K(39296K)->4352K(39296K) Eden: 34944K(34944K)->0K(34944K) From: 4351K(4352K)->4352K(4352K)
[2026-07-22T10:58:47.211+0300] GC(29) Tenured: 23131K(87424K)->26121K(87424K)
[2026-07-22T10:58:47.211+0300] GC(29) Metaspace: 276K(448K)->276K(448K) NonClass: 262K(320K)->262K(320K) Class: 13K(128K)->13K(128K)
[2026-07-22T10:58:47.211+0300] GC(29) Pause Young (Allocation Failure) 60M->29M(123M) 14,395ms
[2026-07-22T10:58:47.211+0300] GC(29) User=0,02s Sys=0,00s Real=0,02s
[2026-07-22T10:58:47.368+0300] GC(30) Pause Young (Allocation Failure)
[2026-07-22T10:58:47.404+0300] GC(30) DefNew: 39296K(39296K)->4351K(39296K) Eden: 34944K(34944K)->0K(34944K) From: 4352K(4352K)->4351K(4352K)
[2026-07-22T10:58:47.404+0300] GC(30) Tenured: 26121K(87424K)->36540K(87424K)
[2026-07-22T10:58:47.404+0300] GC(30) Metaspace: 276K(448K)->276K(448K) NonClass: 262K(320K)->262K(320K) Class: 13K(128K)->13K(128K)
[2026-07-22T10:58:47.405+0300] GC(30) Pause Young (Allocation Failure) 63M->39M(123M) 36,537ms
[2026-07-22T10:58:47.405+0300] GC(30) User=0,04s Sys=0,00s Real=0,04s
[2026-07-22T10:58:47.575+0300] GC(31) Pause Young (Allocation Failure)
[2026-07-22T10:58:47.596+0300] GC(31) DefNew: 39295K(39296K)->4352K(39296K) Eden: 34944K(34944K)->0K(34944K) From: 4351K(4352K)->4352K(4352K)
[2026-07-22T10:58:47.596+0300] GC(31) Tenured: 36540K(87424K)->40658K(87424K)
[2026-07-22T10:58:47.596+0300] GC(31) Metaspace: 276K(448K)->276K(448K) NonClass: 262K(320K)->262K(320K) Class: 13K(128K)->13K(128K)
[2026-07-22T10:58:47.596+0300] GC(31) Pause Young (Allocation Failure) 74M->43M(123M) 20,685ms
[2026-07-22T10:58:47.596+0300] GC(31) User=0,02s Sys=0,00s Real=0,02s
[2026-07-22T10:58:47.861+0300] GC(32) Pause Young (Allocation Failure)
[2026-07-22T10:58:47.874+0300] GC(32) DefNew: 39296K(39296K)->4352K(39296K) Eden: 34944K(34944K)->0K(34944K) From: 4352K(4352K)->4352K(4352K)
[2026-07-22T10:58:47.874+0300] GC(32) Tenured: 40658K(87424K)->41337K(87424K)
[2026-07-22T10:58:47.874+0300] GC(32) Metaspace: 276K(448K)->276K(448K) NonClass: 262K(320K)->262K(320K) Class: 13K(128K)->13K(128K)
[2026-07-22T10:58:47.874+0300] GC(32) Pause Young (Allocation Failure) 78M->44M(123M) 13,543ms
[2026-07-22T10:58:47.874+0300] GC(32) User=0,02s Sys=0,00s Real=0,01s
[2026-07-22T10:58:48.033+0300] GC(33) Pause Young (Allocation Failure)
[2026-07-22T10:58:48.074+0300] GC(33) DefNew: 39296K(39296K)->4352K(39296K) Eden: 34944K(34944K)->0K(34944K) From: 4352K(4352K)->4352K(4352K)
[2026-07-22T10:58:48.074+0300] GC(33) Tenured: 41337K(87424K)->50247K(87424K)
[2026-07-22T10:58:48.074+0300] GC(33) Metaspace: 276K(448K)->276K(448K) NonClass: 262K(320K)->262K(320K) Class: 13K(128K)->13K(128K)
[2026-07-22T10:58:48.074+0300] GC(33) Pause Young (Allocation Failure) 78M->53M(123M) 41,211ms
[2026-07-22T10:58:48.074+0300] GC(33) User=0,04s Sys=0,00s Real=0,04s
[2026-07-22T10:58:48.238+0300] GC(34) Pause Young (Allocation Failure)
[2026-07-22T10:58:48.275+0300] GC(34) DefNew: 39296K(39296K)->4351K(39296K) Eden: 34944K(34944K)->0K(34944K) From: 4352K(4352K)->4351K(4352K)
[2026-07-22T10:58:48.275+0300] GC(34) Tenured: 50247K(87424K)->57989K(87424K)
[2026-07-22T10:58:48.275+0300] GC(34) Metaspace: 276K(448K)->276K(448K) NonClass: 262K(320K)->262K(320K) Class: 13K(128K)->13K(128K)
[2026-07-22T10:58:48.275+0300] GC(34) Pause Young (Allocation Failure) 87M->60M(123M) 36,636ms
[2026-07-22T10:58:48.275+0300] GC(34) User=0,04s Sys=0,00s Real=0,04s
[2026-07-22T10:58:48.546+0300] GC(35) Pause Young (Allocation Failure)
[2026-07-22T10:58:48.558+0300] GC(35) DefNew: 39295K(39296K)->3402K(39296K) Eden: 34944K(34944K)->0K(34944K) From: 4351K(4352K)->3402K(4352K)
[2026-07-22T10:58:48.558+0300] GC(35) Tenured: 57989K(87424K)->58110K(87424K)
[2026-07-22T10:58:48.558+0300] GC(35) Metaspace: 276K(448K)->276K(448K) NonClass: 262K(320K)->262K(320K) Class: 13K(128K)->13K(128K)
[2026-07-22T10:58:48.558+0300] GC(35) Pause Young (Allocation Failure) 95M->60M(123M) 12,360ms
[2026-07-22T10:58:48.558+0300] GC(35) User=0,01s Sys=0,01s Real=0,01s
[2026-07-22T10:58:48.715+0300] GC(36) Pause Young (Allocation Failure)
[2026-07-22T10:58:48.755+0300] GC(36) DefNew: 38346K(39296K)->4351K(39296K) Eden: 34944K(34944K)->0K(34944K) From: 3402K(4352K)->4351K(4352K)
[2026-07-22T10:58:48.755+0300] GC(36) Tenured: 58110K(87424K)->65513K(87424K)
[2026-07-22T10:58:48.755+0300] GC(36) Metaspace: 276K(448K)->276K(448K) NonClass: 262K(320K)->262K(320K) Class: 13K(128K)->13K(128K)
[2026-07-22T10:58:48.755+0300] GC(36) Pause Young (Allocation Failure) 94M->68M(123M) 39,883ms
[2026-07-22T10:58:48.755+0300] GC(36) User=0,04s Sys=0,00s Real=0,04s
[2026-07-22T10:58:48.921+0300] GC(37) Pause Young (Allocation Failure)
[2026-07-22T10:58:48.974+0300] GC(37) DefNew: 39295K(39296K)->4352K(39296K) Eden: 34944K(34944K)->0K(34944K) From: 4351K(4352K)->4352K(4352K)
[2026-07-22T10:58:48.974+0300] GC(37) Tenured: 65513K(87424K)->76853K(87424K)
[2026-07-22T10:58:48.974+0300] GC(37) Metaspace: 276K(448K)->276K(448K) NonClass: 262K(320K)->262K(320K) Class: 13K(128K)->13K(128K)
[2026-07-22T10:58:48.974+0300] GC(37) Pause Young (Allocation Failure) 102M->79M(123M) 53,390ms
[2026-07-22T10:58:48.974+0300] GC(37) User=0,05s Sys=0,00s Real=0,05s
[2026-07-22T10:58:49.250+0300] GC(38) Pause Young (Allocation Failure)
[2026-07-22T10:58:49.250+0300] GC(38) Pause Young (Allocation Failure) 113M->113M(123M) 0,122ms
[2026-07-22T10:58:49.250+0300] GC(38) User=0,00s Sys=0,00s Real=0,00s
[2026-07-22T10:58:49.250+0300] GC(39) Pause Full (Allocation Failure)
[2026-07-22T10:58:49.250+0300] GC(39) Phase 1: Mark live objects
[2026-07-22T10:58:49.255+0300] GC(39) Phase 1: Mark live objects 4,887ms
[2026-07-22T10:58:49.255+0300] GC(39) Phase 2: Compute new object addresses
[2026-07-22T10:58:49.297+0300] GC(39) Phase 2: Compute new object addresses 42,414ms
[2026-07-22T10:58:49.297+0300] GC(39) Phase 3: Adjust pointers
[2026-07-22T10:58:49.300+0300] GC(39) Phase 3: Adjust pointers 3,071ms
[2026-07-22T10:58:49.300+0300] GC(39) Phase 4: Move objects
[2026-07-22T10:58:49.301+0300] GC(39) Phase 4: Move objects 0,878ms
[2026-07-22T10:58:49.301+0300] GC(39) DefNew: 39296K(39296K)->0K(39296K) Eden: 34944K(34944K)->0K(34944K) From: 4352K(4352K)->0K(4352K)
[2026-07-22T10:58:49.301+0300] GC(39) Tenured: 76853K(87424K)->7534K(87424K)
[2026-07-22T10:58:49.301+0300] GC(39) Metaspace: 276K(448K)->276K(448K) NonClass: 262K(320K)->262K(320K) Class: 13K(128K)->13K(128K)
[2026-07-22T10:58:49.301+0300] GC(39) Pause Full (Allocation Failure) 113M->7M(123M) 51,757ms
[2026-07-22T10:58:49.302+0300] GC(39) User=0,05s Sys=0,00s Real=0,06s
[2026-07-22T10:58:49.458+0300] GC(40) Pause Young (Allocation Failure)
[2026-07-22T10:58:49.483+0300] GC(40) DefNew: 34944K(39296K)->4351K(39296K) Eden: 34944K(34944K)->0K(34944K) From: 0K(4352K)->4351K(4352K)
[2026-07-22T10:58:49.483+0300] GC(40) Tenured: 7534K(87424K)->14227K(87424K)
[2026-07-22T10:58:49.483+0300] GC(40) Metaspace: 276K(448K)->276K(448K) NonClass: 262K(320K)->262K(320K) Class: 13K(128K)->13K(128K)
[2026-07-22T10:58:49.483+0300] GC(40) Pause Young (Allocation Failure) 41M->18M(123M) 24,961ms
[2026-07-22T10:58:49.483+0300] GC(40) User=0,03s Sys=0,00s Real=0,03s
[2026-07-22T10:58:49.642+0300] GC(41) Pause Young (Allocation Failure)
[2026-07-22T10:58:49.690+0300] GC(41) DefNew: 39295K(39296K)->4351K(39296K) Eden: 34944K(34944K)->0K(34944K) From: 4351K(4352K)->4351K(4352K)
[2026-07-22T10:58:49.690+0300] GC(41) Tenured: 14227K(87424K)->29072K(87424K)
[2026-07-22T10:58:49.690+0300] GC(41) Metaspace: 276K(448K)->276K(448K) NonClass: 262K(320K)->262K(320K) Class: 13K(128K)->13K(128K)
[2026-07-22T10:58:49.690+0300] GC(41) Pause Young (Allocation Failure) 52M->32M(123M) 48,133ms
[2026-07-22T10:58:49.690+0300] GC(41) User=0,05s Sys=0,00s Real=0,04s
[2026-07-22T10:58:49.968+0300] GC(42) Pause Young (Allocation Failure)
[2026-07-22T10:58:49.972+0300] GC(42) DefNew: 39295K(39296K)->394K(39296K) Eden: 34944K(34944K)->0K(34944K) From: 4351K(4352K)->394K(4352K)
[2026-07-22T10:58:49.972+0300] GC(42) Tenured: 29072K(87424K)->29123K(87424K)
[2026-07-22T10:58:49.972+0300] GC(42) Metaspace: 276K(448K)->276K(448K) NonClass: 262K(320K)->262K(320K) Class: 13K(128K)->13K(128K)
[2026-07-22T10:58:49.972+0300] GC(42) Pause Young (Allocation Failure) 66M->28M(123M) 3,953ms
[2026-07-22T10:58:49.972+0300] GC(42) User=0,01s Sys=0,00s Real=0,01s
[2026-07-22T10:58:50.127+0300] GC(43) Pause Young (Allocation Failure)
[2026-07-22T10:58:50.159+0300] GC(43) DefNew: 35338K(39296K)->4351K(39296K) Eden: 34944K(34944K)->0K(34944K) From: 394K(4352K)->4351K(4352K)
[2026-07-22T10:58:50.159+0300] GC(43) Tenured: 29123K(87424K)->33517K(87424K)
[2026-07-22T10:58:50.159+0300] GC(43) Metaspace: 276K(448K)->276K(448K) NonClass: 262K(320K)->262K(320K) Class: 13K(128K)->13K(128K)
[2026-07-22T10:58:50.159+0300] GC(43) Pause Young (Allocation Failure) 62M->36M(123M) 31,787ms
[2026-07-22T10:58:50.159+0300] GC(43) User=0,03s Sys=0,00s Real=0,03s
[2026-07-22T10:58:50.321+0300] GC(44) Pause Young (Allocation Failure)
[2026-07-22T10:58:50.372+0300] GC(44) DefNew: 39295K(39296K)->4352K(39296K) Eden: 34944K(34944K)->0K(34944K) From: 4351K(4352K)->4352K(4352K)
[2026-07-22T10:58:50.372+0300] GC(44) Tenured: 33517K(87424K)->46284K(87424K)
[2026-07-22T10:58:50.372+0300] GC(44) Metaspace: 276K(448K)->276K(448K) NonClass: 262K(320K)->262K(320K) Class: 13K(128K)->13K(128K)
[2026-07-22T10:58:50.372+0300] GC(44) Pause Young (Allocation Failure) 71M->49M(123M) 50,882ms
[2026-07-22T10:58:50.372+0300] GC(44) User=0,05s Sys=0,00s Real=0,05s
[2026-07-22T10:58:50.549+0300] GC(45) Pause Young (Allocation Failure)
[2026-07-22T10:58:50.559+0300] GC(45) DefNew: 39296K(39296K)->2848K(39296K) Eden: 34944K(34944K)->0K(34944K) From: 4352K(4352K)->2848K(4352K)
[2026-07-22T10:58:50.559+0300] GC(45) Tenured: 46284K(87424K)->46291K(87424K)
[2026-07-22T10:58:50.559+0300] GC(45) Metaspace: 276K(448K)->276K(448K) NonClass: 262K(320K)->262K(320K) Class: 13K(128K)->13K(128K)
[2026-07-22T10:58:50.559+0300] GC(45) Pause Young (Allocation Failure) 83M->47M(123M) 9,603ms
[2026-07-22T10:58:50.559+0300] GC(45) User=0,01s Sys=0,00s Real=0,01s
[2026-07-22T10:58:50.817+0300] GC(46) Pause Young (Allocation Failure)
[2026-07-22T10:58:50.839+0300] GC(46) DefNew: 37792K(39296K)->4351K(39296K) Eden: 34944K(34944K)->0K(34944K) From: 2848K(4352K)->4351K(4352K)
[2026-07-22T10:58:50.839+0300] GC(46) Tenured: 46291K(87424K)->49338K(87424K)
[2026-07-22T10:58:50.839+0300] GC(46) Metaspace: 276K(448K)->276K(448K) NonClass: 262K(320K)->262K(320K) Class: 13K(128K)->13K(128K)
[2026-07-22T10:58:50.839+0300] GC(46) Pause Young (Allocation Failure) 82M->52M(123M) 21,924ms
[2026-07-22T10:58:50.839+0300] GC(46) User=0,02s Sys=0,00s Real=0,02s
[2026-07-22T10:58:50.997+0300] GC(47) Pause Young (Allocation Failure)
[2026-07-22T10:58:51.047+0300] GC(47) DefNew: 39295K(39296K)->4351K(39296K) Eden: 34944K(34944K)->0K(34944K) From: 4351K(4352K)->4351K(4352K)
[2026-07-22T10:58:51.047+0300] GC(47) Tenured: 49338K(87424K)->60573K(87424K)
[2026-07-22T10:58:51.047+0300] GC(47) Metaspace: 276K(448K)->276K(448K) NonClass: 262K(320K)->262K(320K) Class: 13K(128K)->13K(128K)
[2026-07-22T10:58:51.047+0300] GC(47) Pause Young (Allocation Failure) 86M->63M(123M) 49,391ms
[2026-07-22T10:58:51.047+0300] GC(47) User=0,05s Sys=0,00s Real=0,05s
[2026-07-22T10:58:51.214+0300] GC(48) Pause Young (Allocation Failure)
[2026-07-22T10:58:51.245+0300] GC(48) DefNew: 39295K(39296K)->4351K(39296K) Eden: 34944K(34944K)->0K(34944K) From: 4351K(4352K)->4351K(4352K)
[2026-07-22T10:58:51.245+0300] GC(48) Tenured: 60573K(87424K)->69890K(87424K)
[2026-07-22T10:58:51.245+0300] GC(48) Metaspace: 777K(896K)->777K(896K) NonClass: 712K(768K)->712K(768K) Class: 64K(128K)->64K(128K)
[2026-07-22T10:58:51.246+0300] GC(48) Pause Young (Allocation Failure) 97M->72M(123M) 31,999ms
[2026-07-22T10:58:51.246+0300] GC(48) User=0,04s Sys=0,00s Real=0,03s
[2026-07-22T10:58:51.470+0300] GC(49) Pause Young (Allocation Failure)
[2026-07-22T10:58:51.470+0300] GC(49) Pause Young (Allocation Failure) 106M->106M(123M) 0,153ms
[2026-07-22T10:58:51.470+0300] GC(49) User=0,00s Sys=0,00s Real=0,00s
[2026-07-22T10:58:51.470+0300] GC(50) Pause Full (Allocation Failure)
[2026-07-22T10:58:51.470+0300] GC(50) Phase 1: Mark live objects
[2026-07-22T10:58:51.497+0300] GC(50) Phase 1: Mark live objects 26,778ms
[2026-07-22T10:58:51.497+0300] GC(50) Phase 2: Compute new object addresses
[2026-07-22T10:58:51.541+0300] GC(50) Phase 2: Compute new object addresses 44,097ms
[2026-07-22T10:58:51.541+0300] GC(50) Phase 3: Adjust pointers
[2026-07-22T10:58:51.553+0300] GC(50) Phase 3: Adjust pointers 11,680ms
[2026-07-22T10:58:51.553+0300] GC(50) Phase 4: Move objects
[2026-07-22T10:58:51.559+0300] GC(50) Phase 4: Move objects 6,081ms
[2026-07-22T10:58:51.560+0300] GC(50) DefNew: 39295K(39296K)->0K(39296K) Eden: 34944K(34944K)->0K(34944K) From: 4351K(4352K)->0K(4352K)
[2026-07-22T10:58:51.560+0300] GC(50) Tenured: 69890K(87424K)->19832K(87424K)
[2026-07-22T10:58:51.560+0300] GC(50) Metaspace: 2661K(2880K)->2661K(2880K) NonClass: 2386K(2496K)->2386K(2496K) Class: 275K(384K)->275K(384K)
[2026-07-22T10:58:51.560+0300] GC(50) Pause Full (Allocation Failure) 106M->19M(123M) 89,596ms
[2026-07-22T10:58:51.560+0300] GC(50) User=0,09s Sys=0,00s Real=0,09s
[2026-07-22T10:58:51.690+0300] GC(51) Pause Young (Allocation Failure)
[2026-07-22T10:58:51.713+0300] GC(51) DefNew: 34944K(39296K)->4351K(39296K) Eden: 34944K(34944K)->0K(34944K) From: 0K(4352K)->4351K(4352K)
[2026-07-22T10:58:51.713+0300] GC(51) Tenured: 19832K(87424K)->27424K(87424K)
[2026-07-22T10:58:51.713+0300] GC(51) Metaspace: 3347K(3520K)->3347K(3520K) NonClass: 3042K(3136K)->3042K(3136K) Class: 305K(384K)->305K(384K)
[2026-07-22T10:58:51.713+0300] GC(51) Pause Young (Allocation Failure) 53M->31M(123M) 23,035ms
[2026-07-22T10:58:51.713+0300] GC(51) User=0,03s Sys=0,00s Real=0,03s
[2026-07-22T10:58:51.921+0300] GC(52) Pause Young (Allocation Failure)
[2026-07-22T10:58:51.943+0300] GC(52) DefNew: 39295K(39296K)->4351K(39296K) Eden: 34944K(34944K)->0K(34944K) From: 4351K(4352K)->4351K(4352K)
[2026-07-22T10:58:51.943+0300] GC(52) Tenured: 27424K(87424K)->33348K(87424K)
[2026-07-22T10:58:51.943+0300] GC(52) Metaspace: 5232K(5504K)->5232K(5504K) NonClass: 4720K(4864K)->4720K(4864K) Class: 512K(640K)->512K(640K)
[2026-07-22T10:58:51.943+0300] GC(52) Pause Young (Allocation Failure) 65M->36M(123M) 22,075ms
[2026-07-22T10:58:51.943+0300] GC(52) User=0,04s Sys=0,01s Real=0,02s
[2026-07-22T10:58:52.073+0300] GC(53) Pause Young (Allocation Failure)
[2026-07-22T10:58:52.111+0300] GC(53) DefNew: 39295K(39296K)->4352K(39296K) Eden: 34944K(34944K)->0K(34944K) From: 4351K(4352K)->4352K(4352K)
[2026-07-22T10:58:52.111+0300] GC(53) Tenured: 33348K(87424K)->40438K(87424K)
[2026-07-22T10:58:52.111+0300] GC(53) Metaspace: 6559K(6784K)->6559K(6784K) NonClass: 5902K(6016K)->5902K(6016K) Class: 656K(768K)->656K(768K)
[2026-07-22T10:58:52.111+0300] GC(53) Pause Young (Allocation Failure) 70M->43M(123M) 38,028ms
[2026-07-22T10:58:52.111+0300] GC(53) User=0,10s Sys=0,00s Real=0,04s
[2026-07-22T10:58:52.251+0300] GC(54) Pause Young (Allocation Failure)
[2026-07-22T10:58:52.283+0300] GC(54) DefNew: 39296K(39296K)->4351K(39296K) Eden: 34944K(34944K)->0K(34944K) From: 4352K(4352K)->4351K(4352K)
[2026-07-22T10:58:52.283+0300] GC(54) Tenured: 40438K(87424K)->46354K(87424K)
[2026-07-22T10:58:52.283+0300] GC(54) Metaspace: 8315K(8640K)->8315K(8640K) NonClass: 7452K(7616K)->7452K(7616K) Class: 863K(1024K)->863K(1024K)
[2026-07-22T10:58:52.283+0300] GC(54) Pause Young (Allocation Failure) 77M->49M(123M) 32,062ms
[2026-07-22T10:58:52.283+0300] GC(54) User=0,03s Sys=0,00s Real=0,03s
[2026-07-22T10:58:52.427+0300] GC(55) Pause Young (Allocation Failure)
[2026-07-22T10:58:52.451+0300] GC(55) DefNew: 39295K(39296K)->4352K(39296K) Eden: 34944K(34944K)->0K(34944K) From: 4351K(4352K)->4352K(4352K)
[2026-07-22T10:58:52.451+0300] GC(55) Tenured: 46354K(87424K)->49718K(87424K)
[2026-07-22T10:58:52.451+0300] GC(55) Metaspace: 8644K(9024K)->8644K(9024K) NonClass: 7742K(7936K)->7742K(7936K) Class: 902K(1088K)->902K(1088K)
[2026-07-22T10:58:52.451+0300] GC(55) Pause Young (Allocation Failure) 83M->52M(123M) 23,979ms
[2026-07-22T10:58:52.451+0300] GC(55) User=0,02s Sys=0,00s Real=0,03s
[2026-07-22T10:58:52.598+0300] GC(56) Pause Young (Allocation Failure)
[2026-07-22T10:58:52.606+0300] GC(56) DefNew: 39296K(39296K)->1851K(39296K) Eden: 34944K(34944K)->0K(34944K) From: 4352K(4352K)->1851K(4352K)
[2026-07-22T10:58:52.606+0300] GC(56) Tenured: 49718K(87424K)->49803K(87424K)
[2026-07-22T10:58:52.606+0300] GC(56) Metaspace: 8644K(9024K)->8644K(9024K) NonClass: 7742K(7936K)->7742K(7936K) Class: 902K(1088K)->902K(1088K)
[2026-07-22T10:58:52.606+0300] GC(56) Pause Young (Allocation Failure) 86M->50M(123M) 7,410ms
[2026-07-22T10:58:52.606+0300] GC(56) User=0,00s Sys=0,00s Real=0,01s
[2026-07-22T10:58:52.831+0300] GC(57) Pause Young (Allocation Failure)
[2026-07-22T10:58:52.835+0300] GC(57) DefNew: 36795K(39296K)->244K(39296K) Eden: 34944K(34944K)->0K(34944K) From: 1851K(4352K)->244K(4352K)
[2026-07-22T10:58:52.835+0300] GC(57) Tenured: 49803K(87424K)->49803K(87424K)
[2026-07-22T10:58:52.835+0300] GC(57) Metaspace: 8733K(9088K)->8733K(9088K) NonClass: 7819K(8000K)->7819K(8000K) Class: 913K(1088K)->913K(1088K)
[2026-07-22T10:58:52.835+0300] GC(57) Pause Young (Allocation Failure) 84M->48M(123M) 4,047ms
[2026-07-22T10:58:52.835+0300] GC(57) User=0,01s Sys=0,00s Real=0,00s
[2026-07-22T10:58:52.987+0300] GC(58) Pause Young (Allocation Failure)
[2026-07-22T10:58:52.994+0300] GC(58) DefNew: 35188K(39296K)->1970K(39296K) Eden: 34944K(34944K)->0K(34944K) From: 244K(4352K)->1970K(4352K)
[2026-07-22T10:58:52.994+0300] GC(58) Tenured: 49803K(87424K)->49803K(87424K)
[2026-07-22T10:58:52.994+0300] GC(58) Metaspace: 8928K(9216K)->8928K(9216K) NonClass: 7989K(8128K)->7989K(8128K) Class: 939K(1088K)->939K(1088K)
[2026-07-22T10:58:52.994+0300] GC(58) Pause Young (Allocation Failure) 82M->50M(123M) 7,196ms
[2026-07-22T10:58:52.994+0300] GC(58) User=0,00s Sys=0,00s Real=0,01s
[2026-07-22T10:58:53.155+0300] GC(59) Pause Young (Allocation Failure)
[2026-07-22T10:58:53.174+0300] GC(59) DefNew: 36914K(39296K)->4352K(39296K) Eden: 34944K(34944K)->0K(34944K) From: 1970K(4352K)->4352K(4352K)
[2026-07-22T10:58:53.174+0300] GC(59) Tenured: 49803K(87424K)->50258K(87424K)
[2026-07-22T10:58:53.174+0300] GC(59) Metaspace: 9067K(9472K)->9067K(9472K) NonClass: 8109K(8320K)->8109K(8320K) Class: 957K(1152K)->957K(1152K)
[2026-07-22T10:58:53.174+0300] GC(59) Pause Young (Allocation Failure) 84M->53M(123M) 18,920ms
[2026-07-22T10:58:53.174+0300] GC(59) User=0,02s Sys=0,00s Real=0,02s
[2026-07-22T10:58:53.312+0300] GC(60) Pause Young (Allocation Failure)
[2026-07-22T10:58:53.336+0300] GC(60) DefNew: 39296K(39296K)->4352K(39296K) Eden: 34944K(34944K)->0K(34944K) From: 4352K(4352K)->4352K(4352K)
[2026-07-22T10:58:53.336+0300] GC(60) Tenured: 50258K(87424K)->53833K(87424K)
[2026-07-22T10:58:53.336+0300] GC(60) Metaspace: 9068K(9472K)->9068K(9472K) NonClass: 8111K(8320K)->8111K(8320K) Class: 957K(1152K)->957K(1152K)
[2026-07-22T10:58:53.336+0300] GC(60) Pause Young (Allocation Failure) 87M->56M(123M) 23,843ms
[2026-07-22T10:58:53.336+0300] GC(60) User=0,02s Sys=0,00s Real=0,02s
[2026-07-22T10:58:53.488+0300] GC(61) Pause Young (Allocation Failure)
[2026-07-22T10:58:53.515+0300] GC(61) DefNew: 39296K(39296K)->4351K(39296K) Eden: 34944K(34944K)->0K(34944K) From: 4352K(4352K)->4351K(4352K)
[2026-07-22T10:58:53.515+0300] GC(61) Tenured: 53833K(87424K)->60138K(87424K)
[2026-07-22T10:58:53.515+0300] GC(61) Metaspace: 9135K(9536K)->9135K(9536K) NonClass: 8175K(8384K)->8175K(8384K) Class: 960K(1152K)->960K(1152K)
[2026-07-22T10:58:53.515+0300] GC(61) Pause Young (Allocation Failure) 90M->62M(123M) 27,264ms
[2026-07-22T10:58:53.515+0300] GC(61) User=0,03s Sys=0,00s Real=0,03s
[2026-07-22T10:58:53.671+0300] GC(62) Pause Young (Allocation Failure)
[2026-07-22T10:58:53.701+0300] GC(62) DefNew: 39295K(39296K)->4352K(39296K) Eden: 34944K(34944K)->0K(34944K) From: 4351K(4352K)->4352K(4352K)
[2026-07-22T10:58:53.702+0300] GC(62) Tenured: 60138K(87424K)->70080K(87424K)
[2026-07-22T10:58:53.702+0300] GC(62) Metaspace: 9135K(9536K)->9135K(9536K) NonClass: 8175K(8384K)->8175K(8384K) Class: 960K(1152K)->960K(1152K)
[2026-07-22T10:58:53.702+0300] GC(62) Pause Young (Allocation Failure) 97M->72M(123M) 30,500ms
[2026-07-22T10:58:53.702+0300] GC(62) User=0,03s Sys=0,00s Real=0,03s
[2026-07-22T10:58:53.859+0300] GC(63) Pause Young (Allocation Failure)
[2026-07-22T10:58:53.902+0300] GC(63) DefNew: 39296K(39296K)->4352K(39296K) Eden: 34944K(34944K)->0K(34944K) From: 4352K(4352K)->4352K(4352K)
[2026-07-22T10:58:53.903+0300] GC(63) Tenured: 70080K(87424K)->83687K(87424K)
[2026-07-22T10:58:53.903+0300] GC(63) Metaspace: 9137K(9536K)->9137K(9536K) NonClass: 8176K(8384K)->8176K(8384K) Class: 960K(1152K)->960K(1152K)
[2026-07-22T10:58:53.903+0300] GC(63) Pause Young (Allocation Failure) 106M->85M(123M) 43,175ms
[2026-07-22T10:58:53.903+0300] GC(63) User=0,04s Sys=0,01s Real=0,05s
[2026-07-22T10:58:54.065+0300] GC(64) Pause Young (Allocation Failure)
[2026-07-22T10:58:54.065+0300] GC(64) Pause Young (Allocation Failure) 120M->120M(123M) 0,116ms
[2026-07-22T10:58:54.065+0300] GC(64) User=0,00s Sys=0,00s Real=0,00s
[2026-07-22T10:58:54.065+0300] GC(65) Pause Full (Allocation Failure)
[2026-07-22T10:58:54.065+0300] GC(65) Phase 1: Mark live objects
[2026-07-22T10:58:54.092+0300] GC(65) Phase 1: Mark live objects 26,793ms
[2026-07-22T10:58:54.092+0300] GC(65) Phase 2: Compute new object addresses
[2026-07-22T10:58:54.125+0300] GC(65) Phase 2: Compute new object addresses 33,285ms
[2026-07-22T10:58:54.125+0300] GC(65) Phase 3: Adjust pointers
[2026-07-22T10:58:54.141+0300] GC(65) Phase 3: Adjust pointers 15,408ms
[2026-07-22T10:58:54.141+0300] GC(65) Phase 4: Move objects
[2026-07-22T10:58:54.146+0300] GC(65) Phase 4: Move objects 5,653ms
[2026-07-22T10:58:54.147+0300] GC(65) DefNew: 39296K(39296K)->0K(39296K) Eden: 34944K(34944K)->0K(34944K) From: 4352K(4352K)->0K(4352K)
[2026-07-22T10:58:54.147+0300] GC(65) Tenured: 83687K(87424K)->23314K(87424K)
[2026-07-22T10:58:54.147+0300] GC(65) Metaspace: 9137K(9536K)->9137K(9536K) NonClass: 8176K(8384K)->8176K(8384K) Class: 960K(1152K)->960K(1152K)
[2026-07-22T10:58:54.147+0300] GC(65) Pause Full (Allocation Failure) 120M->22M(123M) 81,782ms
[2026-07-22T10:58:54.147+0300] GC(65) User=0,08s Sys=0,00s Real=0,08s
[2026-07-22T10:58:54.306+0300] GC(66) Pause Young (Allocation Failure)
[2026-07-22T10:58:54.326+0300] GC(66) DefNew: 34944K(39296K)->4352K(39296K) Eden: 34944K(34944K)->0K(34944K) From: 0K(4352K)->4352K(4352K)
[2026-07-22T10:58:54.326+0300] GC(66) Tenured: 23314K(87424K)->29406K(87424K)
[2026-07-22T10:58:54.326+0300] GC(66) Metaspace: 9144K(9536K)->9144K(9536K) NonClass: 8183K(8384K)->8183K(8384K) Class: 960K(1152K)->960K(1152K)
[2026-07-22T10:58:54.326+0300] GC(66) Pause Young (Allocation Failure) 56M->32M(123M) 20,099ms
[2026-07-22T10:58:54.326+0300] GC(66) User=0,02s Sys=0,00s Real=0,02s
[2026-07-22T10:58:54.491+0300] GC(67) Pause Young (Allocation Failure)
[2026-07-22T10:58:54.505+0300] GC(67) DefNew: 39296K(39296K)->4352K(39296K) Eden: 34944K(34944K)->0K(34944K) From: 4352K(4352K)->4352K(4352K)
[2026-07-22T10:58:54.505+0300] GC(67) Tenured: 29406K(87424K)->30358K(87424K)
[2026-07-22T10:58:54.505+0300] GC(67) Metaspace: 9161K(9536K)->9161K(9536K) NonClass: 8200K(8384K)->8200K(8384K) Class: 960K(1152K)->960K(1152K)
[2026-07-22T10:58:54.505+0300] GC(67) Pause Young (Allocation Failure) 67M->33M(123M) 13,542ms
[2026-07-22T10:58:54.505+0300] GC(67) User=0,01s Sys=0,00s Real=0,01s
[2026-07-22T10:58:54.776+0300] GC(68) Pause Young (Allocation Failure)
[2026-07-22T10:58:54.778+0300] GC(68) DefNew: 39296K(39296K)->109K(39296K) Eden: 34944K(34944K)->0K(34944K) From: 4352K(4352K)->109K(4352K)
[2026-07-22T10:58:54.778+0300] GC(68) Tenured: 30358K(87424K)->30358K(87424K)
[2026-07-22T10:58:54.778+0300] GC(68) Metaspace: 9161K(9536K)->9161K(9536K) NonClass: 8200K(8384K)->8200K(8384K) Class: 960K(1152K)->960K(1152K)
[2026-07-22T10:58:54.778+0300] GC(68) Pause Young (Allocation Failure) 68M->29M(123M) 1,915ms
[2026-07-22T10:58:54.778+0300] GC(68) User=0,00s Sys=0,00s Real=0,00s
[2026-07-22T10:58:54.924+0300] GC(69) Pause Young (Allocation Failure)
[2026-07-22T10:58:54.932+0300] GC(69) DefNew: 35053K(39296K)->3747K(39296K) Eden: 34944K(34944K)->0K(34944K) From: 109K(4352K)->3747K(4352K)
[2026-07-22T10:58:54.932+0300] GC(69) Tenured: 30358K(87424K)->30358K(87424K)
[2026-07-22T10:58:54.932+0300] GC(69) Metaspace: 9161K(9536K)->9161K(9536K) NonClass: 8200K(8384K)->8200K(8384K) Class: 960K(1152K)->960K(1152K)
[2026-07-22T10:58:54.932+0300] GC(69) Pause Young (Allocation Failure) 63M->33M(123M) 8,188ms
[2026-07-22T10:58:54.932+0300] GC(69) User=0,01s Sys=0,00s Real=0,01s
[2026-07-22T10:58:55.085+0300] GC(70) Pause Young (Allocation Failure)
[2026-07-22T10:58:55.099+0300] GC(70) DefNew: 38691K(39296K)->4352K(39296K) Eden: 34944K(34944K)->0K(34944K) From: 3747K(4352K)->4352K(4352K)
[2026-07-22T10:58:55.099+0300] GC(70) Tenured: 30358K(87424K)->33396K(87424K)
[2026-07-22T10:58:55.099+0300] GC(70) Metaspace: 9162K(9536K)->9162K(9536K) NonClass: 8201K(8384K)->8201K(8384K) Class: 960K(1152K)->960K(1152K)
[2026-07-22T10:58:55.099+0300] GC(70) Pause Young (Allocation Failure) 67M->36M(123M) 14,263ms
[2026-07-22T10:58:55.099+0300] GC(70) User=0,01s Sys=0,00s Real=0,01s
[2026-07-22T10:58:55.253+0300] GC(71) Pause Young (Allocation Failure)
[2026-07-22T10:58:55.272+0300] GC(71) DefNew: 39296K(39296K)->4351K(39296K) Eden: 34944K(34944K)->0K(34944K) From: 4352K(4352K)->4351K(4352K)
[2026-07-22T10:58:55.272+0300] GC(71) Tenured: 33396K(87424K)->40049K(87424K)
[2026-07-22T10:58:55.272+0300] GC(71) Metaspace: 9162K(9536K)->9162K(9536K) NonClass: 8201K(8384K)->8201K(8384K) Class: 960K(1152K)->960K(1152K)
[2026-07-22T10:58:55.272+0300] GC(71) Pause Young (Allocation Failure) 70M->43M(123M) 19,665ms
[2026-07-22T10:58:55.272+0300] GC(71) User=0,02s Sys=0,00s Real=0,02s
[2026-07-22T10:58:55.433+0300] GC(72) Pause Young (Allocation Failure)
[2026-07-22T10:58:55.464+0300] GC(72) DefNew: 39295K(39296K)->4352K(39296K) Eden: 34944K(34944K)->0K(34944K) From: 4351K(4352K)->4352K(4352K)
[2026-07-22T10:58:55.464+0300] GC(72) Tenured: 40049K(87424K)->50303K(87424K)
[2026-07-22T10:58:55.464+0300] GC(72) Metaspace: 9178K(9600K)->9178K(9600K) NonClass: 8216K(8448K)->8216K(8448K) Class: 961K(1152K)->961K(1152K)
[2026-07-22T10:58:55.464+0300] GC(72) Pause Young (Allocation Failure) 77M->53M(123M) 31,253ms
[2026-07-22T10:58:55.464+0300] GC(72) User=0,03s Sys=0,00s Real=0,03s
[2026-07-22T10:58:55.626+0300] GC(73) Pause Young (Allocation Failure)
[2026-07-22T10:58:55.664+0300] GC(73) DefNew: 39296K(39296K)->4351K(39296K) Eden: 34944K(34944K)->0K(34944K) From: 4352K(4352K)->4351K(4352K)
[2026-07-22T10:58:55.664+0300] GC(73) Tenured: 50303K(87424K)->64315K(87424K)
[2026-07-22T10:58:55.664+0300] GC(73) Metaspace: 9178K(9600K)->9178K(9600K) NonClass: 8217K(8448K)->8217K(8448K) Class: 961K(1152K)->961K(1152K)
[2026-07-22T10:58:55.664+0300] GC(73) Pause Young (Allocation Failure) 87M->67M(123M) 38,414ms
[2026-07-22T10:58:55.664+0300] GC(73) User=0,04s Sys=0,00s Real=0,04s
[2026-07-22T10:58:55.810+0300] GC(74) Pause Young (Allocation Failure)
[2026-07-22T10:58:55.840+0300] GC(74) DefNew: 39295K(39296K)->4352K(39296K) Eden: 34944K(34944K)->0K(34944K) From: 4351K(4352K)->4352K(4352K)
[2026-07-22T10:58:55.840+0300] GC(74) Tenured: 64315K(87424K)->74439K(87424K)
[2026-07-22T10:58:55.840+0300] GC(74) Metaspace: 9183K(9600K)->9183K(9600K) NonClass: 8222K(8448K)->8222K(8448K) Class: 961K(1152K)->961K(1152K)
[2026-07-22T10:58:55.840+0300] GC(74) Pause Young (Allocation Failure) 101M->76M(123M) 29,532ms
[2026-07-22T10:58:55.840+0300] GC(74) User=0,03s Sys=0,00s Real=0,03s
[2026-07-22T10:58:55.999+0300] GC(75) Pause Young (Allocation Failure)
[2026-07-22T10:58:56.000+0300] GC(75) Pause Young (Allocation Failure) 111M->111M(123M) 0,137ms
[2026-07-22T10:58:56.000+0300] GC(75) User=0,00s Sys=0,00s Real=0,00s
[2026-07-22T10:58:56.000+0300] GC(76) Pause Full (Allocation Failure)
[2026-07-22T10:58:56.000+0300] GC(76) Phase 1: Mark live objects
[2026-07-22T10:58:56.020+0300] GC(76) Phase 1: Mark live objects 20,812ms
[2026-07-22T10:58:56.020+0300] GC(76) Phase 2: Compute new object addresses
[2026-07-22T10:58:56.050+0300] GC(76) Phase 2: Compute new object addresses 29,350ms
[2026-07-22T10:58:56.050+0300] GC(76) Phase 3: Adjust pointers
[2026-07-22T10:58:56.060+0300] GC(76) Phase 3: Adjust pointers 10,119ms
[2026-07-22T10:58:56.060+0300] GC(76) Phase 4: Move objects
[2026-07-22T10:58:56.063+0300] GC(76) Phase 4: Move objects 3,026ms
[2026-07-22T10:58:56.063+0300] GC(76) DefNew: 39296K(39296K)->0K(39296K) Eden: 34944K(34944K)->0K(34944K) From: 4352K(4352K)->0K(4352K)
[2026-07-22T10:58:56.063+0300] GC(76) Tenured: 74439K(87424K)->17338K(87424K)
[2026-07-22T10:58:56.063+0300] GC(76) Metaspace: 9183K(9600K)->9183K(9600K) NonClass: 8222K(8448K)->8222K(8448K) Class: 961K(1152K)->961K(1152K)
[2026-07-22T10:58:56.063+0300] GC(76) Pause Full (Allocation Failure) 111M->16M(123M) 63,892ms
[2026-07-22T10:58:56.063+0300] GC(76) User=0,06s Sys=0,00s Real=0,07s
[2026-07-22T10:58:56.223+0300] GC(77) Pause Young (Allocation Failure)
[2026-07-22T10:58:56.231+0300] GC(77) DefNew: 34944K(39296K)->3521K(39296K) Eden: 34944K(34944K)->0K(34944K) From: 0K(4352K)->3521K(4352K)
[2026-07-22T10:58:56.231+0300] GC(77) Tenured: 17338K(87424K)->17338K(87424K)
[2026-07-22T10:58:56.231+0300] GC(77) Metaspace: 9183K(9600K)->9183K(9600K) NonClass: 8222K(8448K)->8222K(8448K) Class: 961K(1152K)->961K(1152K)
[2026-07-22T10:58:56.231+0300] GC(77) Pause Young (Allocation Failure) 51M->20M(123M) 8,259ms
[2026-07-22T10:58:56.231+0300] GC(77) User=0,01s Sys=0,00s Real=0,01s
[2026-07-22T10:58:56.487+0300] GC(78) Pause Young (Allocation Failure)
[2026-07-22T10:58:56.491+0300] GC(78) DefNew: 38465K(39296K)->1165K(39296K) Eden: 34944K(34944K)->0K(34944K) From: 3521K(4352K)->1165K(4352K)
[2026-07-22T10:58:56.492+0300] GC(78) Tenured: 17338K(87424K)->17359K(87424K)
[2026-07-22T10:58:56.492+0300] GC(78) Metaspace: 9201K(9600K)->9201K(9600K) NonClass: 8240K(8448K)->8240K(8448K) Class: 961K(1152K)->961K(1152K)
[2026-07-22T10:58:56.492+0300] GC(78) Pause Young (Allocation Failure) 54M->18M(123M) 4,598ms
[2026-07-22T10:58:56.492+0300] GC(78) User=0,01s Sys=0,00s Real=0,01s
[2026-07-22T10:58:56.643+0300] GC(79) Pause Young (Allocation Failure)
[2026-07-22T10:58:56.655+0300] GC(79) DefNew: 36109K(39296K)->4352K(39296K) Eden: 34944K(34944K)->0K(34944K) From: 1165K(4352K)->4352K(4352K)
[2026-07-22T10:58:56.655+0300] GC(79) Tenured: 17359K(87424K)->17815K(87424K)
[2026-07-22T10:58:56.655+0300] GC(79) Metaspace: 9201K(9600K)->9201K(9600K) NonClass: 8240K(8448K)->8240K(8448K) Class: 961K(1152K)->961K(1152K)
[2026-07-22T10:58:56.655+0300] GC(79) Pause Young (Allocation Failure) 52M->21M(123M) 11,642ms
[2026-07-22T10:58:56.655+0300] GC(79) User=0,01s Sys=0,00s Real=0,01s
[2026-07-22T10:58:56.792+0300] GC(80) Pause Young (Allocation Failure)
[2026-07-22T10:58:56.811+0300] GC(80) DefNew: 39296K(39296K)->4352K(39296K) Eden: 34944K(34944K)->0K(34944K) From: 4352K(4352K)->4352K(4352K)
[2026-07-22T10:58:56.811+0300] GC(80) Tenured: 17815K(87424K)->21890K(87424K)
[2026-07-22T10:58:56.811+0300] GC(80) Metaspace: 9201K(9600K)->9201K(9600K) NonClass: 8240K(8448K)->8240K(8448K) Class: 961K(1152K)->961K(1152K)
[2026-07-22T10:58:56.811+0300] GC(80) Pause Young (Allocation Failure) 55M->25M(123M) 19,333ms
[2026-07-22T10:58:56.811+0300] GC(80) User=0,02s Sys=0,00s Real=0,02s
[2026-07-22T10:58:56.961+0300] GC(81) Pause Young (Allocation Failure)
[2026-07-22T10:58:56.985+0300] GC(81) DefNew: 39296K(39296K)->4351K(39296K) Eden: 34944K(34944K)->0K(34944K) From: 4352K(4352K)->4351K(4352K)
[2026-07-22T10:58:56.985+0300] GC(81) Tenured: 21890K(87424K)->29606K(87424K)
[2026-07-22T10:58:56.985+0300] GC(81) Metaspace: 9201K(9600K)->9201K(9600K) NonClass: 8240K(8448K)->8240K(8448K) Class: 961K(1152K)->961K(1152K)
[2026-07-22T10:58:56.985+0300] GC(81) Pause Young (Allocation Failure) 59M->33M(123M) 24,078ms
[2026-07-22T10:58:56.985+0300] GC(81) User=0,02s Sys=0,00s Real=0,02s
[2026-07-22T10:58:57.141+0300] GC(82) Pause Young (Allocation Failure)
[2026-07-22T10:58:57.173+0300] GC(82) DefNew: 39295K(39296K)->4352K(39296K) Eden: 34944K(34944K)->0K(34944K) From: 4351K(4352K)->4352K(4352K)
[2026-07-22T10:58:57.173+0300] GC(82) Tenured: 29606K(87424K)->41110K(87424K)
[2026-07-22T10:58:57.173+0300] GC(82) Metaspace: 9210K(9600K)->9210K(9600K) NonClass: 8248K(8448K)->8248K(8448K) Class: 961K(1152K)->961K(1152K)
[2026-07-22T10:58:57.173+0300] GC(82) Pause Young (Allocation Failure) 67M->44M(123M) 32,481ms
[2026-07-22T10:58:57.173+0300] GC(82) User=0,04s Sys=0,00s Real=0,03s
[2026-07-22T10:58:57.332+0300] GC(83) Pause Young (Allocation Failure)
[2026-07-22T10:58:57.368+0300] GC(83) DefNew: 39296K(39296K)->4351K(39296K) Eden: 34944K(34944K)->0K(34944K) From: 4352K(4352K)->4351K(4352K)
[2026-07-22T10:58:57.368+0300] GC(83) Tenured: 41110K(87424K)->55028K(87424K)
[2026-07-22T10:58:57.368+0300] GC(83) Metaspace: 9210K(9600K)->9210K(9600K) NonClass: 8248K(8448K)->8248K(8448K) Class: 961K(1152K)->961K(1152K)
[2026-07-22T10:58:57.368+0300] GC(83) Pause Young (Allocation Failure) 78M->57M(123M) 36,286ms
[2026-07-22T10:58:57.368+0300] GC(83) User=0,03s Sys=0,00s Real=0,03s
[2026-07-22T10:58:57.532+0300] GC(84) Pause Young (Allocation Failure)
[2026-07-22T10:58:57.555+0300] GC(84) DefNew: 39295K(39296K)->4351K(39296K) Eden: 34944K(34944K)->0K(34944K) From: 4351K(4352K)->4351K(4352K)
[2026-07-22T10:58:57.555+0300] GC(84) Tenured: 55028K(87424K)->63510K(87424K)
[2026-07-22T10:58:57.555+0300] GC(84) Metaspace: 9221K(9600K)->9221K(9600K) NonClass: 8260K(8448K)->8260K(8448K) Class: 961K(1152K)->961K(1152K)
[2026-07-22T10:58:57.555+0300] GC(84) Pause Young (Allocation Failure) 92M->66M(123M) 23,863ms
[2026-07-22T10:58:57.555+0300] GC(84) User=0,02s Sys=0,00s Real=0,02s
[2026-07-22T10:58:57.718+0300] GC(85) Pause Young (Allocation Failure)
[2026-07-22T10:58:57.731+0300] GC(85) DefNew: 39295K(39296K)->4351K(39296K) Eden: 34944K(34944K)->0K(34944K) From: 4351K(4352K)->4351K(4352K)
[2026-07-22T10:58:57.731+0300] GC(85) Tenured: 63510K(87424K)->66473K(87424K)
[2026-07-22T10:58:57.731+0300] GC(85) Metaspace: 9221K(9600K)->9221K(9600K) NonClass: 8260K(8448K)->8260K(8448K) Class: 961K(1152K)->961K(1152K)
[2026-07-22T10:58:57.731+0300] GC(85) Pause Young (Allocation Failure) 100M->69M(123M) 13,199ms
[2026-07-22T10:58:57.731+0300] GC(85) User=0,02s Sys=0,00s Real=0,02s
[2026-07-22T10:58:57.890+0300] GC(86) Pause Young (Allocation Failure)
[2026-07-22T10:58:57.897+0300] GC(86) DefNew: 39295K(39296K)->1867K(39296K) Eden: 34944K(34944K)->0K(34944K) From: 4351K(4352K)->1867K(4352K)
[2026-07-22T10:58:57.897+0300] GC(86) Tenured: 66473K(87424K)->66474K(87424K)
[2026-07-22T10:58:57.897+0300] GC(86) Metaspace: 9221K(9600K)->9221K(9600K) NonClass: 8260K(8448K)->8260K(8448K) Class: 961K(1152K)->961K(1152K)
[2026-07-22T10:58:57.897+0300] GC(86) Pause Young (Allocation Failure) 103M->66M(123M) 6,953ms
[2026-07-22T10:58:57.897+0300] GC(86) User=0,00s Sys=0,00s Real=0,01s
[2026-07-22T10:58:58.150+0300] GC(87) Pause Young (Allocation Failure)
[2026-07-22T10:58:58.156+0300] GC(87) DefNew: 36811K(39296K)->2415K(39296K) Eden: 34944K(34944K)->0K(34944K) From: 1867K(4352K)->2415K(4352K)
[2026-07-22T10:58:58.156+0300] GC(87) Tenured: 66474K(87424K)->66474K(87424K)
[2026-07-22T10:58:58.156+0300] GC(87) Metaspace: 9221K(9600K)->9221K(9600K) NonClass: 8260K(8448K)->8260K(8448K) Class: 961K(1152K)->961K(1152K)
[2026-07-22T10:58:58.156+0300] GC(87) Pause Young (Allocation Failure) 100M->67M(123M) 6,293ms
[2026-07-22T10:58:58.156+0300] GC(87) User=0,00s Sys=0,00s Real=0,01s
[2026-07-22T10:58:58.312+0300] GC(88) Pause Young (Allocation Failure)
[2026-07-22T10:58:58.325+0300] GC(88) DefNew: 37359K(39296K)->4351K(39296K) Eden: 34944K(34944K)->0K(34944K) From: 2415K(4352K)->4351K(4352K)
[2026-07-22T10:58:58.325+0300] GC(88) Tenured: 66474K(87424K)->68180K(87424K)
[2026-07-22T10:58:58.325+0300] GC(88) Metaspace: 9221K(9600K)->9221K(9600K) NonClass: 8260K(8448K)->8260K(8448K) Class: 961K(1152K)->961K(1152K)
[2026-07-22T10:58:58.326+0300] GC(88) Pause Young (Allocation Failure) 101M->70M(123M) 13,822ms
[2026-07-22T10:58:58.326+0300] GC(88) User=0,01s Sys=0,00s Real=0,01s
[2026-07-22T10:58:58.479+0300] GC(89) Pause Young (Allocation Failure)
[2026-07-22T10:58:58.498+0300] GC(89) DefNew: 39295K(39296K)->4351K(39296K) Eden: 34944K(34944K)->0K(34944K) From: 4351K(4352K)->4351K(4352K)
[2026-07-22T10:58:58.498+0300] GC(89) Tenured: 68180K(87424K)->73373K(87424K)
[2026-07-22T10:58:58.498+0300] GC(89) Metaspace: 9239K(9600K)->9239K(9600K) NonClass: 8277K(8448K)->8277K(8448K) Class: 961K(1152K)->961K(1152K)
[2026-07-22T10:58:58.498+0300] GC(89) Pause Young (Allocation Failure) 104M->75M(123M) 19,071ms
[2026-07-22T10:58:58.498+0300] GC(89) User=0,02s Sys=0,00s Real=0,02s
[2026-07-22T10:58:58.651+0300] GC(90) Pause Young (Allocation Failure)
[2026-07-22T10:58:58.652+0300] GC(90) Pause Young (Allocation Failure) 110M->110M(123M) 0,117ms
[2026-07-22T10:58:58.652+0300] GC(90) User=0,00s Sys=0,00s Real=0,00s
[2026-07-22T10:58:58.652+0300] GC(91) Pause Full (Allocation Failure)
[2026-07-22T10:58:58.652+0300] GC(91) Phase 1: Mark live objects
[2026-07-22T10:58:58.679+0300] GC(91) Phase 1: Mark live objects 27,078ms
[2026-07-22T10:58:58.679+0300] GC(91) Phase 2: Compute new object addresses
[2026-07-22T10:58:58.709+0300] GC(91) Phase 2: Compute new object addresses 29,882ms
[2026-07-22T10:58:58.709+0300] GC(91) Phase 3: Adjust pointers
[2026-07-22T10:58:58.721+0300] GC(91) Phase 3: Adjust pointers 12,205ms
[2026-07-22T10:58:58.721+0300] GC(91) Phase 4: Move objects
[2026-07-22T10:58:58.725+0300] GC(91) Phase 4: Move objects 4,287ms
[2026-07-22T10:58:58.726+0300] GC(91) DefNew: 39295K(39296K)->0K(39296K) Eden: 34944K(34944K)->0K(34944K) From: 4351K(4352K)->0K(4352K)
[2026-07-22T10:58:58.726+0300] GC(91) Tenured: 73373K(87424K)->21765K(87424K)
[2026-07-22T10:58:58.726+0300] GC(91) Metaspace: 9239K(9600K)->9239K(9600K) NonClass: 8277K(8448K)->8277K(8448K) Class: 961K(1152K)->961K(1152K)
[2026-07-22T10:58:58.726+0300] GC(91) Pause Full (Allocation Failure) 110M->21M(123M) 74,165ms
[2026-07-22T10:58:58.726+0300] GC(91) User=0,07s Sys=0,00s Real=0,07s
[2026-07-22T10:58:58.881+0300] GC(92) Pause Young (Allocation Failure)
[2026-07-22T10:58:58.920+0300] GC(92) DefNew: 34944K(39296K)->4352K(39296K) Eden: 34944K(34944K)->0K(34944K) From: 0K(4352K)->4352K(4352K)
[2026-07-22T10:58:58.920+0300] GC(92) Tenured: 21765K(87424K)->35822K(87424K)
[2026-07-22T10:58:58.920+0300] GC(92) Metaspace: 9239K(9600K)->9239K(9600K) NonClass: 8277K(8448K)->8277K(8448K) Class: 961K(1152K)->961K(1152K)
[2026-07-22T10:58:58.920+0300] GC(92) Pause Young (Allocation Failure) 55M->39M(123M) 39,402ms
[2026-07-22T10:58:58.920+0300] GC(92) User=0,04s Sys=0,00s Real=0,03s
[2026-07-22T10:58:59.083+0300] GC(93) Pause Young (Allocation Failure)
[2026-07-22T10:58:59.119+0300] GC(93) DefNew: 39296K(39296K)->4352K(39296K) Eden: 34944K(34944K)->0K(34944K) From: 4352K(4352K)->4352K(4352K)
[2026-07-22T10:58:59.119+0300] GC(93) Tenured: 35822K(87424K)->48513K(87424K)
[2026-07-22T10:58:59.119+0300] GC(93) Metaspace: 9239K(9600K)->9239K(9600K) NonClass: 8277K(8448K)->8277K(8448K) Class: 961K(1152K)->961K(1152K)
[2026-07-22T10:58:59.119+0300] GC(93) Pause Young (Allocation Failure) 73M->51M(123M) 35,748ms
[2026-07-22T10:58:59.119+0300] GC(93) User=0,04s Sys=0,00s Real=0,03s
[2026-07-22T10:58:59.285+0300] GC(94) Pause Young (Allocation Failure)
[2026-07-22T10:58:59.303+0300] GC(94) DefNew: 39296K(39296K)->4352K(39296K) Eden: 34944K(34944K)->0K(34944K) From: 4352K(4352K)->4352K(4352K)
[2026-07-22T10:58:59.303+0300] GC(94) Tenured: 48513K(87424K)->55087K(87424K)
[2026-07-22T10:58:59.303+0300] GC(94) Metaspace: 9239K(9600K)->9239K(9600K) NonClass: 8278K(8448K)->8278K(8448K) Class: 961K(1152K)->961K(1152K)
[2026-07-22T10:58:59.303+0300] GC(94) Pause Young (Allocation Failure) 85M->58M(123M) 18,031ms
[2026-07-22T10:58:59.303+0300] GC(94) User=0,02s Sys=0,00s Real=0,02s
[2026-07-22T10:58:59.469+0300] GC(95) Pause Young (Allocation Failure)
[2026-07-22T10:58:59.478+0300] GC(95) DefNew: 39296K(39296K)->4352K(39296K) Eden: 34944K(34944K)->0K(34944K) From: 4352K(4352K)->4352K(4352K)
[2026-07-22T10:58:59.478+0300] GC(95) Tenured: 55087K(87424K)->56338K(87424K)
[2026-07-22T10:58:59.478+0300] GC(95) Metaspace: 9242K(9664K)->9242K(9664K) NonClass: 8281K(8512K)->8281K(8512K) Class: 961K(1152K)->961K(1152K)
[2026-07-22T10:58:59.478+0300] GC(95) Pause Young (Allocation Failure) 92M->59M(123M) 9,737ms
[2026-07-22T10:58:59.478+0300] GC(95) User=0,01s Sys=0,00s Real=0,01s
[2026-07-22T10:58:59.634+0300] GC(96) Pause Young (Allocation Failure)
[2026-07-22T10:58:59.637+0300] GC(96) DefNew: 39296K(39296K)->156K(39296K) Eden: 34944K(34944K)->0K(34944K) From: 4352K(4352K)->156K(4352K)
[2026-07-22T10:58:59.637+0300] GC(96) Tenured: 56338K(87424K)->56338K(87424K)
[2026-07-22T10:58:59.638+0300] GC(96) Metaspace: 9242K(9664K)->9242K(9664K) NonClass: 8281K(8512K)->8281K(8512K) Class: 961K(1152K)->961K(1152K)
[2026-07-22T10:58:59.638+0300] GC(96) Pause Young (Allocation Failure) 93M->55M(123M) 3,133ms
[2026-07-22T10:58:59.638+0300] GC(96) User=0,00s Sys=0,00s Real=0,00s
[2026-07-22T10:58:59.886+0300] GC(97) Pause Young (Allocation Failure)
[2026-07-22T10:58:59.897+0300] GC(97) DefNew: 35100K(39296K)->3556K(39296K) Eden: 34944K(34944K)->0K(34944K) From: 156K(4352K)->3556K(4352K)
[2026-07-22T10:58:59.897+0300] GC(97) Tenured: 56338K(87424K)->56338K(87424K)
[2026-07-22T10:58:59.897+0300] GC(97) Metaspace: 9242K(9664K)->9242K(9664K) NonClass: 8281K(8512K)->8281K(8512K) Class: 961K(1152K)->961K(1152K)
[2026-07-22T10:58:59.897+0300] GC(97) Pause Young (Allocation Failure) 89M->58M(123M) 10,331ms
[2026-07-22T10:58:59.897+0300] GC(97) User=0,01s Sys=0,00s Real=0,01s
[2026-07-22T10:59:00.050+0300] GC(98) Pause Young (Allocation Failure)
[2026-07-22T10:59:00.073+0300] GC(98) DefNew: 38500K(39296K)->4352K(39296K) Eden: 34944K(34944K)->0K(34944K) From: 3556K(4352K)->4352K(4352K)
[2026-07-22T10:59:00.073+0300] GC(98) Tenured: 56338K(87424K)->59184K(87424K)
[2026-07-22T10:59:00.073+0300] GC(98) Metaspace: 9242K(9664K)->9242K(9664K) NonClass: 8281K(8512K)->8281K(8512K) Class: 961K(1152K)->961K(1152K)
[2026-07-22T10:59:00.073+0300] GC(98) Pause Young (Allocation Failure) 92M->62M(123M) 22,759ms
[2026-07-22T10:59:00.073+0300] GC(98) User=0,02s Sys=0,00s Real=0,03s
[2026-07-22T10:59:00.226+0300] GC(99) Pause Young (Allocation Failure)
[2026-07-22T10:59:00.259+0300] GC(99) DefNew: 39296K(39296K)->4352K(39296K) Eden: 34944K(34944K)->0K(34944K) From: 4352K(4352K)->4352K(4352K)
[2026-07-22T10:59:00.260+0300] GC(99) Tenured: 59184K(87424K)->65640K(87424K)
[2026-07-22T10:59:00.260+0300] GC(99) Metaspace: 9244K(9664K)->9244K(9664K) NonClass: 8282K(8512K)->8282K(8512K) Class: 961K(1152K)->961K(1152K)
[2026-07-22T10:59:00.260+0300] GC(99) Pause Young (Allocation Failure) 96M->68M(123M) 33,181ms
[2026-07-22T10:59:00.260+0300] GC(99) User=0,03s Sys=0,00s Real=0,03s
[2026-07-22T10:59:00.415+0300] GC(100) Pause Young (Allocation Failure)
[2026-07-22T10:59:00.441+0300] GC(100) DefNew: 39296K(39296K)->4352K(39296K) Eden: 34944K(34944K)->0K(34944K) From: 4352K(4352K)->4352K(4352K)
[2026-07-22T10:59:00.441+0300] GC(100) Tenured: 65640K(87424K)->75882K(87424K)
[2026-07-22T10:59:00.441+0300] GC(100) Metaspace: 9246K(9664K)->9246K(9664K) NonClass: 8285K(8512K)->8285K(8512K) Class: 961K(1152K)->961K(1152K)
[2026-07-22T10:59:00.441+0300] GC(100) Pause Young (Allocation Failure) 102M->78M(123M) 26,283ms
[2026-07-22T10:59:00.441+0300] GC(100) User=0,02s Sys=0,00s Real=0,03s
[2026-07-22T10:59:00.603+0300] GC(101) Pause Young (Allocation Failure)
[2026-07-22T10:59:00.603+0300] GC(101) Pause Young (Allocation Failure) 112M->112M(123M) 0,131ms
[2026-07-22T10:59:00.603+0300] GC(101) User=0,00s Sys=0,00s Real=0,00s
[2026-07-22T10:59:00.603+0300] GC(102) Pause Full (Allocation Failure)
[2026-07-22T10:59:00.603+0300] GC(102) Phase 1: Mark live objects
[2026-07-22T10:59:00.630+0300] GC(102) Phase 1: Mark live objects 27,364ms
[2026-07-22T10:59:00.630+0300] GC(102) Phase 2: Compute new object addresses
[2026-07-22T10:59:00.657+0300] GC(102) Phase 2: Compute new object addresses 26,169ms
[2026-07-22T10:59:00.657+0300] GC(102) Phase 3: Adjust pointers
[2026-07-22T10:59:00.670+0300] GC(102) Phase 3: Adjust pointers 13,795ms
[2026-07-22T10:59:00.670+0300] GC(102) Phase 4: Move objects
[2026-07-22T10:59:00.677+0300] GC(102) Phase 4: Move objects 6,324ms
[2026-07-22T10:59:00.677+0300] GC(102) DefNew: 39296K(39296K)->0K(39296K) Eden: 34944K(34944K)->0K(34944K) From: 4352K(4352K)->0K(4352K)
[2026-07-22T10:59:00.677+0300] GC(102) Tenured: 75882K(87424K)->24685K(87424K)
[2026-07-22T10:59:00.677+0300] GC(102) Metaspace: 9297K(9664K)->9297K(9664K) NonClass: 8327K(8512K)->8327K(8512K) Class: 970K(1152K)->970K(1152K)
[2026-07-22T10:59:00.677+0300] GC(102) Pause Full (Allocation Failure) 112M->24M(123M) 74,231ms
[2026-07-22T10:59:00.677+0300] GC(102) User=0,07s Sys=0,00s Real=0,07s
[2026-07-22T10:59:00.836+0300] GC(103) Pause Young (Allocation Failure)
[2026-07-22T10:59:00.867+0300] GC(103) DefNew: 34944K(39296K)->4352K(39296K) Eden: 34944K(34944K)->0K(34944K) From: 0K(4352K)->4352K(4352K)
[2026-07-22T10:59:00.868+0300] GC(103) Tenured: 24685K(87424K)->35746K(87424K)
[2026-07-22T10:59:00.868+0300] GC(103) Metaspace: 9297K(9664K)->9297K(9664K) NonClass: 8327K(8512K)->8327K(8512K) Class: 970K(1152K)->970K(1152K)
[2026-07-22T10:59:00.868+0300] GC(103) Pause Young (Allocation Failure) 58M->39M(123M) 31,336ms
[2026-07-22T10:59:00.868+0300] GC(103) User=0,03s Sys=0,00s Real=0,03s
[2026-07-22T10:59:01.035+0300] GC(104) Pause Young (Allocation Failure)
[2026-07-22T10:59:01.053+0300] GC(104) DefNew: 39296K(39296K)->4352K(39296K) Eden: 34944K(34944K)->0K(34944K) From: 4352K(4352K)->4352K(4352K)
[2026-07-22T10:59:01.053+0300] GC(104) Tenured: 35746K(87424K)->41083K(87424K)
[2026-07-22T10:59:01.053+0300] GC(104) Metaspace: 9297K(9664K)->9297K(9664K) NonClass: 8327K(8512K)->8327K(8512K) Class: 970K(1152K)->970K(1152K)
[2026-07-22T10:59:01.053+0300] GC(104) Pause Young (Allocation Failure) 73M->44M(123M) 18,052ms
[2026-07-22T10:59:01.053+0300] GC(104) User=0,02s Sys=0,00s Real=0,02s
[2026-07-22T10:59:01.215+0300] GC(105) Pause Young (Allocation Failure)
[2026-07-22T10:59:01.224+0300] GC(105) DefNew: 39296K(39296K)->4108K(39296K) Eden: 34944K(34944K)->0K(34944K) From: 4352K(4352K)->4108K(4352K)
[2026-07-22T10:59:01.224+0300] GC(105) Tenured: 41083K(87424K)->41083K(87424K)
[2026-07-22T10:59:01.224+0300] GC(105) Metaspace: 9299K(9664K)->9299K(9664K) NonClass: 8329K(8512K)->8329K(8512K) Class: 970K(1152K)->970K(1152K)
[2026-07-22T10:59:01.224+0300] GC(105) Pause Young (Allocation Failure) 78M->44M(123M) 8,936ms
[2026-07-22T10:59:01.224+0300] GC(105) User=0,01s Sys=0,00s Real=0,01s
[2026-07-22T10:59:01.479+0300] GC(106) Pause Young (Allocation Failure)
[2026-07-22T10:59:01.484+0300] GC(106) DefNew: 39052K(39296K)->780K(39296K) Eden: 34944K(34944K)->0K(34944K) From: 4108K(4352K)->780K(4352K)
[2026-07-22T10:59:01.484+0300] GC(106) Tenured: 41083K(87424K)->41094K(87424K)
[2026-07-22T10:59:01.484+0300] GC(106) Metaspace: 9313K(9664K)->9313K(9664K) NonClass: 8343K(8512K)->8343K(8512K) Class: 970K(1152K)->970K(1152K)
[2026-07-22T10:59:01.484+0300] GC(106) Pause Young (Allocation Failure) 78M->40M(123M) 5,742ms
[2026-07-22T10:59:01.484+0300] GC(106) User=0,00s Sys=0,00s Real=0,01s
[2026-07-22T10:59:01.638+0300] GC(107) Pause Young (Allocation Failure)
[2026-07-22T10:59:01.649+0300] GC(107) DefNew: 35724K(39296K)->4352K(39296K) Eden: 34944K(34944K)->0K(34944K) From: 780K(4352K)->4352K(4352K)
[2026-07-22T10:59:01.649+0300] GC(107) Tenured: 41094K(87424K)->41164K(87424K)
[2026-07-22T10:59:01.649+0300] GC(107) Metaspace: 9313K(9664K)->9313K(9664K) NonClass: 8343K(8512K)->8343K(8512K) Class: 970K(1152K)->970K(1152K)
[2026-07-22T10:59:01.649+0300] GC(107) Pause Young (Allocation Failure) 75M->44M(123M) 10,776ms
[2026-07-22T10:59:01.649+0300] GC(107) User=0,01s Sys=0,00s Real=0,01s
[2026-07-22T10:59:01.811+0300] GC(108) Pause Young (Allocation Failure)
[2026-07-22T10:59:01.837+0300] GC(108) DefNew: 39296K(39296K)->4352K(39296K) Eden: 34944K(34944K)->0K(34944K) From: 4352K(4352K)->4352K(4352K)
[2026-07-22T10:59:01.837+0300] GC(108) Tenured: 41164K(87424K)->44855K(87424K)
[2026-07-22T10:59:01.837+0300] GC(108) Metaspace: 9313K(9664K)->9313K(9664K) NonClass: 8343K(8512K)->8343K(8512K) Class: 970K(1152K)->970K(1152K)
[2026-07-22T10:59:01.837+0300] GC(108) Pause Young (Allocation Failure) 78M->48M(123M) 25,782ms
[2026-07-22T10:59:01.837+0300] GC(108) User=0,02s Sys=0,00s Real=0,02s
[2026-07-22T10:59:01.984+0300] GC(109) Pause Young (Allocation Failure)
[2026-07-22T10:59:02.019+0300] GC(109) DefNew: 39296K(39296K)->4352K(39296K) Eden: 34944K(34944K)->0K(34944K) From: 4352K(4352K)->4352K(4352K)
[2026-07-22T10:59:02.019+0300] GC(109) Tenured: 44855K(87424K)->52180K(87424K)
[2026-07-22T10:59:02.019+0300] GC(109) Metaspace: 9313K(9664K)->9313K(9664K) NonClass: 8343K(8512K)->8343K(8512K) Class: 970K(1152K)->970K(1152K)
[2026-07-22T10:59:02.019+0300] GC(109) Pause Young (Allocation Failure) 82M->55M(123M) 35,782ms
[2026-07-22T10:59:02.019+0300] GC(109) User=0,04s Sys=0,00s Real=0,03s
[2026-07-22T10:59:02.176+0300] GC(110) Pause Young (Allocation Failure)
[2026-07-22T10:59:02.228+0300] GC(110) DefNew: 39296K(39296K)->4352K(39296K) Eden: 34944K(34944K)->0K(34944K) From: 4352K(4352K)->4352K(4352K)
[2026-07-22T10:59:02.228+0300] GC(110) Tenured: 52180K(87424K)->63320K(87424K)
[2026-07-22T10:59:02.228+0300] GC(110) Metaspace: 9313K(9664K)->9313K(9664K) NonClass: 8343K(8512K)->8343K(8512K) Class: 970K(1152K)->970K(1152K)
[2026-07-22T10:59:02.228+0300] GC(110) Pause Young (Allocation Failure) 89M->66M(123M) 52,462ms
[2026-07-22T10:59:02.228+0300] GC(110) User=0,06s Sys=0,00s Real=0,05s
[2026-07-22T10:59:02.388+0300] GC(111) Pause Young (Allocation Failure)
[2026-07-22T10:59:02.439+0300] GC(111) DefNew: 39296K(39296K)->4352K(39296K) Eden: 34944K(34944K)->0K(34944K) From: 4352K(4352K)->4352K(4352K)
[2026-07-22T10:59:02.439+0300] GC(111) Tenured: 63320K(87424K)->77742K(87424K)
[2026-07-22T10:59:02.439+0300] GC(111) Metaspace: 9313K(9664K)->9313K(9664K) NonClass: 8343K(8512K)->8343K(8512K) Class: 970K(1152K)->970K(1152K)
[2026-07-22T10:59:02.439+0300] GC(111) Pause Young (Allocation Failure) 100M->80M(123M) 51,643ms
[2026-07-22T10:59:02.440+0300] GC(111) User=0,05s Sys=0,00s Real=0,05s
[2026-07-22T10:59:02.606+0300] GC(112) Pause Young (Allocation Failure)
[2026-07-22T10:59:02.607+0300] GC(112) Pause Young (Allocation Failure) 114M->114M(123M) 0,133ms
[2026-07-22T10:59:02.607+0300] GC(112) User=0,00s Sys=0,00s Real=0,00s
[2026-07-22T10:59:02.607+0300] GC(113) Pause Full (Allocation Failure)
[2026-07-22T10:59:02.607+0300] GC(113) Phase 1: Mark live objects
[2026-07-22T10:59:02.633+0300] GC(113) Phase 1: Mark live objects 26,308ms
[2026-07-22T10:59:02.633+0300] GC(113) Phase 2: Compute new object addresses
[2026-07-22T10:59:02.675+0300] GC(113) Phase 2: Compute new object addresses 41,929ms
[2026-07-22T10:59:02.675+0300] GC(113) Phase 3: Adjust pointers
[2026-07-22T10:59:02.687+0300] GC(113) Phase 3: Adjust pointers 12,392ms
[2026-07-22T10:59:02.687+0300] GC(113) Phase 4: Move objects
[2026-07-22T10:59:02.692+0300] GC(113) Phase 4: Move objects 4,313ms
[2026-07-22T10:59:02.692+0300] GC(113) DefNew: 39296K(39296K)->0K(39296K) Eden: 34944K(34944K)->0K(34944K) From: 4352K(4352K)->0K(4352K)
[2026-07-22T10:59:02.692+0300] GC(113) Tenured: 77742K(87424K)->20393K(87424K)
[2026-07-22T10:59:02.692+0300] GC(113) Metaspace: 9320K(9664K)->9320K(9664K) NonClass: 8349K(8512K)->8349K(8512K) Class: 970K(1152K)->970K(1152K)
[2026-07-22T10:59:02.692+0300] GC(113) Pause Full (Allocation Failure) 114M->19M(123M) 85,495ms
[2026-07-22T10:59:02.692+0300] GC(113) User=0,09s Sys=0,00s Real=0,09s
[2026-07-22T10:59:02.854+0300] GC(114) Pause Young (Allocation Failure)
[2026-07-22T10:59:02.868+0300] GC(114) DefNew: 34944K(39296K)->4352K(39296K) Eden: 34944K(34944K)->0K(34944K) From: 0K(4352K)->4352K(4352K)
[2026-07-22T10:59:02.868+0300] GC(114) Tenured: 20393K(87424K)->23901K(87424K)
[2026-07-22T10:59:02.868+0300] GC(114) Metaspace: 9320K(9664K)->9320K(9664K) NonClass: 8349K(8512K)->8349K(8512K) Class: 970K(1152K)->970K(1152K)
[2026-07-22T10:59:02.868+0300] GC(114) Pause Young (Allocation Failure) 54M->27M(123M) 13,640ms
[2026-07-22T10:59:02.868+0300] GC(114) User=0,01s Sys=0,00s Real=0,01s
[2026-07-22T10:59:03.028+0300] GC(115) Pause Young (Allocation Failure)
[2026-07-22T10:59:03.034+0300] GC(115) DefNew: 39296K(39296K)->2402K(39296K) Eden: 34944K(34944K)->0K(34944K) From: 4352K(4352K)->2402K(4352K)
[2026-07-22T10:59:03.034+0300] GC(115) Tenured: 23901K(87424K)->23901K(87424K)
[2026-07-22T10:59:03.034+0300] GC(115) Metaspace: 9320K(9664K)->9320K(9664K) NonClass: 8349K(8512K)->8349K(8512K) Class: 970K(1152K)->970K(1152K)
[2026-07-22T10:59:03.034+0300] GC(115) Pause Young (Allocation Failure) 61M->25M(123M) 6,043ms
[2026-07-22T10:59:03.034+0300] GC(115) User=0,00s Sys=0,00s Real=0,01s
[2026-07-22T10:59:03.287+0300] GC(116) Pause Young (Allocation Failure)
[2026-07-22T10:59:03.293+0300] GC(116) DefNew: 37346K(39296K)->2047K(39296K) Eden: 34944K(34944K)->0K(34944K) From: 2402K(4352K)->2047K(4352K)
[2026-07-22T10:59:03.293+0300] GC(116) Tenured: 23901K(87424K)->23912K(87424K)
[2026-07-22T10:59:03.293+0300] GC(116) Metaspace: 9320K(9664K)->9320K(9664K) NonClass: 8349K(8512K)->8349K(8512K) Class: 970K(1152K)->970K(1152K)
[2026-07-22T10:59:03.293+0300] GC(116) Pause Young (Allocation Failure) 59M->25M(123M) 5,711ms
[2026-07-22T10:59:03.293+0300] GC(116) User=0,00s Sys=0,00s Real=0,01s
[2026-07-22T10:59:03.447+0300] GC(117) Pause Young (Allocation Failure)
[2026-07-22T10:59:03.465+0300] GC(117) DefNew: 36991K(39296K)->4352K(39296K) Eden: 34944K(34944K)->0K(34944K) From: 2047K(4352K)->4352K(4352K)
[2026-07-22T10:59:03.465+0300] GC(117) Tenured: 23912K(87424K)->25096K(87424K)
[2026-07-22T10:59:03.465+0300] GC(117) Metaspace: 9328K(9664K)->9328K(9664K) NonClass: 8357K(8512K)->8357K(8512K) Class: 970K(1152K)->970K(1152K)
[2026-07-22T10:59:03.465+0300] GC(117) Pause Young (Allocation Failure) 59M->28M(123M) 17,797ms
[2026-07-22T10:59:03.465+0300] GC(117) User=0,02s Sys=0,00s Real=0,02s
[2026-07-22T10:59:03.617+0300] GC(118) Pause Young (Allocation Failure)
[2026-07-22T10:59:03.646+0300] GC(118) DefNew: 39296K(39296K)->4352K(39296K) Eden: 34944K(34944K)->0K(34944K) From: 4352K(4352K)->4352K(4352K)
[2026-07-22T10:59:03.646+0300] GC(118) Tenured: 25096K(87424K)->29901K(87424K)
[2026-07-22T10:59:03.646+0300] GC(118) Metaspace: 9328K(9664K)->9328K(9664K) NonClass: 8357K(8512K)->8357K(8512K) Class: 970K(1152K)->970K(1152K)
[2026-07-22T10:59:03.646+0300] GC(118) Pause Young (Allocation Failure) 62M->33M(123M) 28,266ms
[2026-07-22T10:59:03.646+0300] GC(118) User=0,02s Sys=0,00s Real=0,03s
[2026-07-22T10:59:03.800+0300] GC(119) Pause Young (Allocation Failure)
[2026-07-22T10:59:03.840+0300] GC(119) DefNew: 39296K(39296K)->4352K(39296K) Eden: 34944K(34944K)->0K(34944K) From: 4352K(4352K)->4352K(4352K)
[2026-07-22T10:59:03.840+0300] GC(119) Tenured: 29901K(87424K)->38382K(87424K)
[2026-07-22T10:59:03.840+0300] GC(119) Metaspace: 9328K(9664K)->9328K(9664K) NonClass: 8357K(8512K)->8357K(8512K) Class: 970K(1152K)->970K(1152K)
[2026-07-22T10:59:03.840+0300] GC(119) Pause Young (Allocation Failure) 67M->41M(123M) 40,370ms
[2026-07-22T10:59:03.840+0300] GC(119) User=0,04s Sys=0,00s Real=0,04s
[2026-07-22T10:59:03.998+0300] GC(120) Pause Young (Allocation Failure)
[2026-07-22T10:59:04.051+0300] GC(120) DefNew: 39296K(39296K)->4351K(39296K) Eden: 34944K(34944K)->0K(34944K) From: 4352K(4352K)->4351K(4352K)
[2026-07-22T10:59:04.051+0300] GC(120) Tenured: 38382K(87424K)->50673K(87424K)
[2026-07-22T10:59:04.051+0300] GC(120) Metaspace: 9328K(9664K)->9328K(9664K) NonClass: 8357K(8512K)->8357K(8512K) Class: 970K(1152K)->970K(1152K)
[2026-07-22T10:59:04.051+0300] GC(120) Pause Young (Allocation Failure) 75M->53M(123M) 53,039ms
[2026-07-22T10:59:04.051+0300] GC(120) User=0,05s Sys=0,00s Real=0,06s
[2026-07-22T10:59:04.215+0300] GC(121) Pause Young (Allocation Failure)
[2026-07-22T10:59:04.262+0300] GC(121) DefNew: 39295K(39296K)->4351K(39296K) Eden: 34944K(34944K)->0K(34944K) From: 4351K(4352K)->4351K(4352K)
[2026-07-22T10:59:04.262+0300] GC(121) Tenured: 50673K(87424K)->63404K(87424K)
[2026-07-22T10:59:04.262+0300] GC(121) Metaspace: 9329K(9664K)->9329K(9664K) NonClass: 8358K(8512K)->8358K(8512K) Class: 970K(1152K)->970K(1152K)
[2026-07-22T10:59:04.262+0300] GC(121) Pause Young (Allocation Failure) 87M->66M(123M) 47,487ms
[2026-07-22T10:59:04.262+0300] GC(121) User=0,04s Sys=0,00s Real=0,05s
[2026-07-22T10:59:04.415+0300] GC(122) Pause Young (Allocation Failure)
[2026-07-22T10:59:04.450+0300] GC(122) DefNew: 39295K(39296K)->4352K(39296K) Eden: 34944K(34944K)->0K(34944K) From: 4351K(4352K)->4352K(4352K)
[2026-07-22T10:59:04.450+0300] GC(122) Tenured: 63404K(87424K)->70540K(87424K)
[2026-07-22T10:59:04.450+0300] GC(122) Metaspace: 9333K(9664K)->9333K(9664K) NonClass: 8362K(8512K)->8362K(8512K) Class: 971K(1152K)->971K(1152K)
[2026-07-22T10:59:04.450+0300] GC(122) Pause Young (Allocation Failure) 100M->73M(123M) 35,247ms
[2026-07-22T10:59:04.450+0300] GC(122) User=0,04s Sys=0,00s Real=0,03s
[2026-07-22T10:59:04.614+0300] GC(123) Pause Young (Allocation Failure)
[2026-07-22T10:59:04.614+0300] GC(123) Pause Young (Allocation Failure) 107M->107M(123M) 0,147ms
[2026-07-22T10:59:04.614+0300] GC(123) User=0,00s Sys=0,00s Real=0,00s
[2026-07-22T10:59:04.614+0300] GC(124) Pause Full (Allocation Failure)
[2026-07-22T10:59:04.614+0300] GC(124) Phase 1: Mark live objects
[2026-07-22T10:59:04.641+0300] GC(124) Phase 1: Mark live objects 26,566ms
[2026-07-22T10:59:04.641+0300] GC(124) Phase 2: Compute new object addresses
[2026-07-22T10:59:04.687+0300] GC(124) Phase 2: Compute new object addresses 46,317ms
[2026-07-22T10:59:04.687+0300] GC(124) Phase 3: Adjust pointers
[2026-07-22T10:59:04.697+0300] GC(124) Phase 3: Adjust pointers 9,627ms
[2026-07-22T10:59:04.697+0300] GC(124) Phase 4: Move objects
[2026-07-22T10:59:04.699+0300] GC(124) Phase 4: Move objects 2,215ms
[2026-07-22T10:59:04.699+0300] GC(124) DefNew: 39296K(39296K)->0K(39296K) Eden: 34944K(34944K)->0K(34944K) From: 4352K(4352K)->0K(4352K)
[2026-07-22T10:59:04.699+0300] GC(124) Tenured: 70540K(87424K)->13618K(87424K)
[2026-07-22T10:59:04.699+0300] GC(124) Metaspace: 9352K(9792K)->9352K(9792K) NonClass: 8376K(8576K)->8376K(8576K) Class: 975K(1216K)->975K(1216K)
[2026-07-22T10:59:04.699+0300] GC(124) Pause Full (Allocation Failure) 107M->13M(123M) 85,203ms
[2026-07-22T10:59:04.699+0300] GC(124) User=0,08s Sys=0,00s Real=0,08s
[2026-07-22T10:59:04.858+0300] GC(125) Pause Young (Allocation Failure)
[2026-07-22T10:59:04.863+0300] GC(125) DefNew: 34944K(39296K)->959K(39296K) Eden: 34944K(34944K)->0K(34944K) From: 0K(4352K)->959K(4352K)
[2026-07-22T10:59:04.863+0300] GC(125) Tenured: 13618K(87424K)->13618K(87424K)
[2026-07-22T10:59:04.863+0300] GC(125) Metaspace: 9352K(9792K)->9352K(9792K) NonClass: 8376K(8576K)->8376K(8576K) Class: 975K(1216K)->975K(1216K)
[2026-07-22T10:59:04.863+0300] GC(125) Pause Young (Allocation Failure) 47M->14M(123M) 4,722ms
[2026-07-22T10:59:04.863+0300] GC(125) User=0,01s Sys=0,00s Real=0,01s
[2026-07-22T10:59:05.116+0300] GC(126) Pause Young (Allocation Failure)
[2026-07-22T10:59:05.124+0300] GC(126) DefNew: 35903K(39296K)->3038K(39296K) Eden: 34944K(34944K)->0K(34944K) From: 959K(4352K)->3038K(4352K)
[2026-07-22T10:59:05.124+0300] GC(126) Tenured: 13618K(87424K)->13618K(87424K)
[2026-07-22T10:59:05.124+0300] GC(126) Metaspace: 9352K(9792K)->9352K(9792K) NonClass: 8377K(8576K)->8377K(8576K) Class: 975K(1216K)->975K(1216K)
[2026-07-22T10:59:05.124+0300] GC(126) Pause Young (Allocation Failure) 48M->16M(123M) 7,604ms
[2026-07-22T10:59:05.124+0300] GC(126) User=0,01s Sys=0,00s Real=0,01s
[2026-07-22T10:59:05.279+0300] GC(127) Pause Young (Allocation Failure)
[2026-07-22T10:59:05.295+0300] GC(127) DefNew: 37982K(39296K)->4351K(39296K) Eden: 34944K(34944K)->0K(34944K) From: 3038K(4352K)->4351K(4352K)
[2026-07-22T10:59:05.295+0300] GC(127) Tenured: 13618K(87424K)->15946K(87424K)
[2026-07-22T10:59:05.295+0300] GC(127) Metaspace: 9352K(9792K)->9352K(9792K) NonClass: 8377K(8576K)->8377K(8576K) Class: 975K(1216K)->975K(1216K)
[2026-07-22T10:59:05.295+0300] GC(127) Pause Young (Allocation Failure) 50M->19M(123M) 16,159ms
[2026-07-22T10:59:05.295+0300] GC(127) User=0,02s Sys=0,00s Real=0,02s
[2026-07-22T10:59:05.448+0300] GC(128) Pause Young (Allocation Failure)
[2026-07-22T10:59:05.489+0300] GC(128) DefNew: 39295K(39296K)->4351K(39296K) Eden: 34944K(34944K)->0K(34944K) From: 4351K(4352K)->4351K(4352K)
[2026-07-22T10:59:05.489+0300] GC(128) Tenured: 15946K(87424K)->21739K(87424K)
[2026-07-22T10:59:05.489+0300] GC(128) Metaspace: 9353K(9792K)->9353K(9792K) NonClass: 8377K(8576K)->8377K(8576K) Class: 975K(1216K)->975K(1216K)
[2026-07-22T10:59:05.489+0300] GC(128) Pause Young (Allocation Failure) 53M->25M(123M) 41,050ms
[2026-07-22T10:59:05.489+0300] GC(128) User=0,04s Sys=0,00s Real=0,04s
[2026-07-22T10:59:05.645+0300] GC(129) Pause Young (Allocation Failure)
[2026-07-22T10:59:05.679+0300] GC(129) DefNew: 39295K(39296K)->4352K(39296K) Eden: 34944K(34944K)->0K(34944K) From: 4351K(4352K)->4352K(4352K)
[2026-07-22T10:59:05.679+0300] GC(129) Tenured: 21739K(87424K)->31270K(87424K)
[2026-07-22T10:59:05.679+0300] GC(129) Metaspace: 9353K(9792K)->9353K(9792K) NonClass: 8377K(8576K)->8377K(8576K) Class: 975K(1216K)->975K(1216K)
[2026-07-22T10:59:05.679+0300] GC(129) Pause Young (Allocation Failure) 59M->34M(123M) 33,816ms
[2026-07-22T10:59:05.679+0300] GC(129) User=0,04s Sys=0,00s Real=0,03s
[2026-07-22T10:59:05.837+0300] GC(130) Pause Young (Allocation Failure)
[2026-07-22T10:59:05.885+0300] GC(130) DefNew: 39296K(39296K)->4352K(39296K) Eden: 34944K(34944K)->0K(34944K) From: 4352K(4352K)->4352K(4352K)
[2026-07-22T10:59:05.885+0300] GC(130) Tenured: 31270K(87424K)->44588K(87424K)
[2026-07-22T10:59:05.885+0300] GC(130) Metaspace: 9353K(9792K)->9353K(9792K) NonClass: 8378K(8576K)->8378K(8576K) Class: 975K(1216K)->975K(1216K)
[2026-07-22T10:59:05.885+0300] GC(130) Pause Young (Allocation Failure) 68M->47M(123M) 48,329ms
[2026-07-22T10:59:05.885+0300] GC(130) User=0,04s Sys=0,00s Real=0,05s
[2026-07-22T10:59:06.047+0300] GC(131) Pause Young (Allocation Failure)
[2026-07-22T10:59:06.086+0300] GC(131) DefNew: 39296K(39296K)->4351K(39296K) Eden: 34944K(34944K)->0K(34944K) From: 4352K(4352K)->4351K(4352K)
[2026-07-22T10:59:06.086+0300] GC(131) Tenured: 44588K(87424K)->55785K(87424K)
[2026-07-22T10:59:06.086+0300] GC(131) Metaspace: 9353K(9792K)->9353K(9792K) NonClass: 8378K(8576K)->8378K(8576K) Class: 975K(1216K)->975K(1216K)
[2026-07-22T10:59:06.086+0300] GC(131) Pause Young (Allocation Failure) 81M->58M(123M) 38,199ms
[2026-07-22T10:59:06.086+0300] GC(131) User=0,03s Sys=0,00s Real=0,04s
[2026-07-22T10:59:06.251+0300] GC(132) Pause Young (Allocation Failure)
[2026-07-22T10:59:06.276+0300] GC(132) DefNew: 39295K(39296K)->4352K(39296K) Eden: 34944K(34944K)->0K(34944K) From: 4351K(4352K)->4352K(4352K)
[2026-07-22T10:59:06.276+0300] GC(132) Tenured: 55785K(87424K)->61380K(87424K)
[2026-07-22T10:59:06.276+0300] GC(132) Metaspace: 9355K(9792K)->9355K(9792K) NonClass: 8380K(8576K)->8380K(8576K) Class: 975K(1216K)->975K(1216K)
[2026-07-22T10:59:06.276+0300] GC(132) Pause Young (Allocation Failure) 92M->64M(123M) 24,269ms
[2026-07-22T10:59:06.276+0300] GC(132) User=0,03s Sys=0,00s Real=0,02s
[2026-07-22T10:59:06.441+0300] GC(133) Pause Young (Allocation Failure)
[2026-07-22T10:59:06.457+0300] GC(133) DefNew: 39296K(39296K)->4351K(39296K) Eden: 34944K(34944K)->0K(34944K) From: 4352K(4352K)->4351K(4352K)
[2026-07-22T10:59:06.457+0300] GC(133) Tenured: 61380K(87424K)->61688K(87424K)
[2026-07-22T10:59:06.457+0300] GC(133) Metaspace: 9380K(9856K)->9380K(9856K) NonClass: 8405K(8640K)->8405K(8640K) Class: 975K(1216K)->975K(1216K)
[2026-07-22T10:59:06.457+0300] GC(133) Pause Young (Allocation Failure) 98M->64M(123M) 16,187ms
[2026-07-22T10:59:06.457+0300] GC(133) User=0,02s Sys=0,00s Real=0,01s
[2026-07-22T10:59:06.717+0300] GC(134) Pause Young (Allocation Failure)
[2026-07-22T10:59:06.721+0300] GC(134) DefNew: 39295K(39296K)->546K(39296K) Eden: 34944K(34944K)->0K(34944K) From: 4351K(4352K)->546K(4352K)
[2026-07-22T10:59:06.721+0300] GC(134) Tenured: 61688K(87424K)->61689K(87424K)
[2026-07-22T10:59:06.721+0300] GC(134) Metaspace: 9380K(9856K)->9380K(9856K) NonClass: 8405K(8640K)->8405K(8640K) Class: 975K(1216K)->975K(1216K)
[2026-07-22T10:59:06.721+0300] GC(134) Pause Young (Allocation Failure) 98M->60M(123M) 3,909ms
[2026-07-22T10:59:06.721+0300] GC(134) User=0,00s Sys=0,00s Real=0,01s
[2026-07-22T10:59:06.875+0300] GC(135) Pause Young (Allocation Failure)
[2026-07-22T10:59:06.889+0300] GC(135) DefNew: 35490K(39296K)->4191K(39296K) Eden: 34944K(34944K)->0K(34944K) From: 546K(4352K)->4191K(4352K)
[2026-07-22T10:59:06.889+0300] GC(135) Tenured: 61689K(87424K)->61689K(87424K)
[2026-07-22T10:59:06.889+0300] GC(135) Metaspace: 9381K(9856K)->9381K(9856K) NonClass: 8406K(8640K)->8406K(8640K) Class: 975K(1216K)->975K(1216K)
[2026-07-22T10:59:06.889+0300] GC(135) Pause Young (Allocation Failure) 94M->64M(123M) 14,192ms
[2026-07-22T10:59:06.889+0300] GC(135) User=0,01s Sys=0,00s Real=0,01s
[2026-07-22T10:59:07.044+0300] GC(136) Pause Young (Allocation Failure)
[2026-07-22T10:59:07.063+0300] GC(136) DefNew: 39135K(39296K)->4352K(39296K) Eden: 34944K(34944K)->0K(34944K) From: 4191K(4352K)->4352K(4352K)
[2026-07-22T10:59:07.063+0300] GC(136) Tenured: 61689K(87424K)->65173K(87424K)
[2026-07-22T10:59:07.063+0300] GC(136) Metaspace: 9381K(9856K)->9381K(9856K) NonClass: 8406K(8640K)->8406K(8640K) Class: 975K(1216K)->975K(1216K)
[2026-07-22T10:59:07.064+0300] GC(136) Pause Young (Allocation Failure) 98M->67M(123M) 19,033ms
[2026-07-22T10:59:07.064+0300] GC(136) User=0,02s Sys=0,00s Real=0,02s
[2026-07-22T10:59:07.201+0300] GC(137) Pause Young (Allocation Failure)
[2026-07-22T10:59:07.235+0300] GC(137) DefNew: 39296K(39296K)->4352K(39296K) Eden: 34944K(34944K)->0K(34944K) From: 4352K(4352K)->4352K(4352K)
[2026-07-22T10:59:07.236+0300] GC(137) Tenured: 65173K(87424K)->72270K(87424K)
[2026-07-22T10:59:07.236+0300] GC(137) Metaspace: 9385K(9856K)->9385K(9856K) NonClass: 8410K(8640K)->8410K(8640K) Class: 975K(1216K)->975K(1216K)
[2026-07-22T10:59:07.236+0300] GC(137) Pause Young (Allocation Failure) 102M->74M(123M) 35,007ms
[2026-07-22T10:59:07.236+0300] GC(137) User=0,04s Sys=0,00s Real=0,03s
[2026-07-22T10:59:07.390+0300] GC(138) Pause Young (Allocation Failure)
[2026-07-22T10:59:07.390+0300] GC(138) Pause Young (Allocation Failure) 108M->108M(123M) 0,141ms
[2026-07-22T10:59:07.390+0300] GC(138) User=0,00s Sys=0,00s Real=0,00s
[2026-07-22T10:59:07.390+0300] GC(139) Pause Full (Allocation Failure)
[2026-07-22T10:59:07.390+0300] GC(139) Phase 1: Mark live objects
[2026-07-22T10:59:07.428+0300] GC(139) Phase 1: Mark live objects 37,709ms
[2026-07-22T10:59:07.428+0300] GC(139) Phase 2: Compute new object addresses
[2026-07-22T10:59:07.471+0300] GC(139) Phase 2: Compute new object addresses 43,129ms
[2026-07-22T10:59:07.471+0300] GC(139) Phase 3: Adjust pointers
[2026-07-22T10:59:07.485+0300] GC(139) Phase 3: Adjust pointers 13,956ms
[2026-07-22T10:59:07.485+0300] GC(139) Phase 4: Move objects
[2026-07-22T10:59:07.490+0300] GC(139) Phase 4: Move objects 4,833ms
[2026-07-22T10:59:07.490+0300] GC(139) DefNew: 39296K(39296K)->0K(39296K) Eden: 34944K(34944K)->0K(34944K) From: 4352K(4352K)->0K(4352K)
[2026-07-22T10:59:07.490+0300] GC(139) Tenured: 72270K(87424K)->22512K(87424K)
[2026-07-22T10:59:07.490+0300] GC(139) Metaspace: 9386K(9856K)->9386K(9856K) NonClass: 8410K(8640K)->8410K(8640K) Class: 975K(1216K)->975K(1216K)
[2026-07-22T10:59:07.490+0300] GC(139) Pause Full (Allocation Failure) 108M->21M(123M) 100,250ms
[2026-07-22T10:59:07.490+0300] GC(139) User=0,10s Sys=0,00s Real=0,10s
[2026-07-22T10:59:07.648+0300] GC(140) Pause Young (Allocation Failure)
[2026-07-22T10:59:07.690+0300] GC(140) DefNew: 34944K(39296K)->4352K(39296K) Eden: 34944K(34944K)->0K(34944K) From: 0K(4352K)->4352K(4352K)
[2026-07-22T10:59:07.690+0300] GC(140) Tenured: 22512K(87424K)->38013K(87424K)
[2026-07-22T10:59:07.690+0300] GC(140) Metaspace: 9398K(9856K)->9398K(9856K) NonClass: 8422K(8640K)->8422K(8640K) Class: 975K(1216K)->975K(1216K)
[2026-07-22T10:59:07.690+0300] GC(140) Pause Young (Allocation Failure) 56M->41M(123M) 41,839ms
[2026-07-22T10:59:07.690+0300] GC(140) User=0,04s Sys=0,00s Real=0,04s
[2026-07-22T10:59:07.856+0300] GC(141) Pause Young (Allocation Failure)
[2026-07-22T10:59:07.886+0300] GC(141) DefNew: 39296K(39296K)->4352K(39296K) Eden: 34944K(34944K)->0K(34944K) From: 4352K(4352K)->4352K(4352K)
[2026-07-22T10:59:07.886+0300] GC(141) Tenured: 38013K(87424K)->47693K(87424K)
[2026-07-22T10:59:07.886+0300] GC(141) Metaspace: 9398K(9856K)->9398K(9856K) NonClass: 8422K(8640K)->8422K(8640K) Class: 975K(1216K)->975K(1216K)
[2026-07-22T10:59:07.886+0300] GC(141) Pause Young (Allocation Failure) 75M->50M(123M) 29,910ms
[2026-07-22T10:59:07.886+0300] GC(141) User=0,03s Sys=0,00s Real=0,03s
[2026-07-22T10:59:08.052+0300] GC(142) Pause Young (Allocation Failure)
[2026-07-22T10:59:08.068+0300] GC(142) DefNew: 39296K(39296K)->4352K(39296K) Eden: 34944K(34944K)->0K(34944K) From: 4352K(4352K)->4352K(4352K)
[2026-07-22T10:59:08.068+0300] GC(142) Tenured: 47693K(87424K)->51501K(87424K)
[2026-07-22T10:59:08.068+0300] GC(142) Metaspace: 9398K(9856K)->9398K(9856K) NonClass: 8422K(8640K)->8422K(8640K) Class: 975K(1216K)->975K(1216K)
[2026-07-22T10:59:08.068+0300] GC(142) Pause Young (Allocation Failure) 84M->54M(123M) 15,834ms
[2026-07-22T10:59:08.068+0300] GC(142) User=0,02s Sys=0,00s Real=0,01s
[2026-07-22T10:59:08.228+0300] GC(143) Pause Young (Allocation Failure)
[2026-07-22T10:59:08.236+0300] GC(143) DefNew: 39296K(39296K)->2700K(39296K) Eden: 34944K(34944K)->0K(34944K) From: 4352K(4352K)->2700K(4352K)
[2026-07-22T10:59:08.236+0300] GC(143) Tenured: 51501K(87424K)->51502K(87424K)
[2026-07-22T10:59:08.236+0300] GC(143) Metaspace: 9398K(9856K)->9398K(9856K) NonClass: 8422K(8640K)->8422K(8640K) Class: 975K(1216K)->975K(1216K)
[2026-07-22T10:59:08.236+0300] GC(143) Pause Young (Allocation Failure) 88M->52M(123M) 7,462ms
[2026-07-22T10:59:08.236+0300] GC(143) User=0,01s Sys=0,00s Real=0,01s
[2026-07-22T10:59:08.490+0300] GC(144) Pause Young (Allocation Failure)
[2026-07-22T10:59:08.498+0300] GC(144) DefNew: 37644K(39296K)->1735K(39296K) Eden: 34944K(34944K)->0K(34944K) From: 2700K(4352K)->1735K(4352K)
[2026-07-22T10:59:08.498+0300] GC(144) Tenured: 51502K(87424K)->51513K(87424K)
[2026-07-22T10:59:08.498+0300] GC(144) Metaspace: 9404K(9856K)->9404K(9856K) NonClass: 8429K(8640K)->8429K(8640K) Class: 975K(1216K)->975K(1216K)
[2026-07-22T10:59:08.498+0300] GC(144) Pause Young (Allocation Failure) 87M->52M(123M) 7,969ms
[2026-07-22T10:59:08.498+0300] GC(144) User=0,01s Sys=0,00s Real=0,01s
[2026-07-22T10:59:08.652+0300] GC(145) Pause Young (Allocation Failure)
[2026-07-22T10:59:08.669+0300] GC(145) DefNew: 36679K(39296K)->4352K(39296K) Eden: 34944K(34944K)->0K(34944K) From: 1735K(4352K)->4352K(4352K)
[2026-07-22T10:59:08.669+0300] GC(145) Tenured: 51513K(87424K)->52544K(87424K)
[2026-07-22T10:59:08.669+0300] GC(145) Metaspace: 9404K(9856K)->9404K(9856K) NonClass: 8429K(8640K)->8429K(8640K) Class: 975K(1216K)->975K(1216K)
[2026-07-22T10:59:08.669+0300] GC(145) Pause Young (Allocation Failure) 86M->55M(123M) 17,234ms
[2026-07-22T10:59:08.669+0300] GC(145) User=0,01s Sys=0,00s Real=0,01s
[2026-07-22T10:59:08.825+0300] GC(146) Pause Young (Allocation Failure)
[2026-07-22T10:59:08.862+0300] GC(146) DefNew: 39296K(39296K)->4352K(39296K) Eden: 34944K(34944K)->0K(34944K) From: 4352K(4352K)->4352K(4352K)
[2026-07-22T10:59:08.863+0300] GC(146) Tenured: 52544K(87424K)->57201K(87424K)
[2026-07-22T10:59:08.863+0300] GC(146) Metaspace: 9404K(9856K)->9404K(9856K) NonClass: 8429K(8640K)->8429K(8640K) Class: 975K(1216K)->975K(1216K)
[2026-07-22T10:59:08.863+0300] GC(146) Pause Young (Allocation Failure) 89M->60M(123M) 37,877ms
[2026-07-22T10:59:08.863+0300] GC(146) User=0,04s Sys=0,00s Real=0,04s
[2026-07-22T10:59:09.018+0300] GC(147) Pause Young (Allocation Failure)
[2026-07-22T10:59:09.057+0300] GC(147) DefNew: 39296K(39296K)->4352K(39296K) Eden: 34944K(34944K)->0K(34944K) From: 4352K(4352K)->4352K(4352K)
[2026-07-22T10:59:09.057+0300] GC(147) Tenured: 57201K(87424K)->65538K(87424K)
[2026-07-22T10:59:09.057+0300] GC(147) Metaspace: 9404K(9856K)->9404K(9856K) NonClass: 8429K(8640K)->8429K(8640K) Class: 975K(1216K)->975K(1216K)
[2026-07-22T10:59:09.057+0300] GC(147) Pause Young (Allocation Failure) 94M->68M(123M) 38,438ms
[2026-07-22T10:59:09.057+0300] GC(147) User=0,04s Sys=0,00s Real=0,04s
[2026-07-22T10:59:09.218+0300] GC(148) Pause Young (Allocation Failure)
[2026-07-22T10:59:09.270+0300] GC(148) DefNew: 39296K(39296K)->4351K(39296K) Eden: 34944K(34944K)->0K(34944K) From: 4352K(4352K)->4351K(4352K)
[2026-07-22T10:59:09.270+0300] GC(148) Tenured: 65538K(87424K)->77687K(87424K)
[2026-07-22T10:59:09.270+0300] GC(148) Metaspace: 9404K(9856K)->9404K(9856K) NonClass: 8429K(8640K)->8429K(8640K) Class: 975K(1216K)->975K(1216K)
[2026-07-22T10:59:09.270+0300] GC(148) Pause Young (Allocation Failure) 102M->80M(123M) 52,686ms
[2026-07-22T10:59:09.270+0300] GC(148) User=0,06s Sys=0,00s Real=0,05s
[2026-07-22T10:59:09.435+0300] GC(149) Pause Young (Allocation Failure)
[2026-07-22T10:59:09.435+0300] GC(149) Pause Young (Allocation Failure) 114M->114M(123M) 0,207ms
[2026-07-22T10:59:09.435+0300] GC(149) User=0,00s Sys=0,00s Real=0,00s
[2026-07-22T10:59:09.435+0300] GC(150) Pause Full (Allocation Failure)
[2026-07-22T10:59:09.435+0300] GC(150) Phase 1: Mark live objects
[2026-07-22T10:59:09.477+0300] GC(150) Phase 1: Mark live objects 42,501ms
[2026-07-22T10:59:09.477+0300] GC(150) Phase 2: Compute new object addresses
[2026-07-22T10:59:09.520+0300] GC(150) Phase 2: Compute new object addresses 42,118ms
[2026-07-22T10:59:09.520+0300] GC(150) Phase 3: Adjust pointers
[2026-07-22T10:59:09.535+0300] GC(150) Phase 3: Adjust pointers 15,339ms
[2026-07-22T10:59:09.535+0300] GC(150) Phase 4: Move objects
[2026-07-22T10:59:09.541+0300] GC(150) Phase 4: Move objects 5,518ms
[2026-07-22T10:59:09.541+0300] GC(150) DefNew: 39295K(39296K)->0K(39296K) Eden: 34944K(34944K)->0K(34944K) From: 4351K(4352K)->0K(4352K)
[2026-07-22T10:59:09.541+0300] GC(150) Tenured: 77687K(87424K)->24757K(87424K)
[2026-07-22T10:59:09.541+0300] GC(150) Metaspace: 9414K(9856K)->9414K(9856K) NonClass: 8439K(8640K)->8439K(8640K) Class: 975K(1216K)->975K(1216K)
[2026-07-22T10:59:09.541+0300] GC(150) Pause Full (Allocation Failure) 114M->24M(123M) 106,138ms
[2026-07-22T10:59:09.541+0300] GC(150) User=0,11s Sys=0,00s Real=0,11s
[2026-07-22T10:59:09.704+0300] GC(151) Pause Young (Allocation Failure)
[2026-07-22T10:59:09.730+0300] GC(151) DefNew: 34944K(39296K)->4352K(39296K) Eden: 34944K(34944K)->0K(34944K) From: 0K(4352K)->4352K(4352K)
[2026-07-22T10:59:09.730+0300] GC(151) Tenured: 24757K(87424K)->32207K(87424K)
[2026-07-22T10:59:09.730+0300] GC(151) Metaspace: 9414K(9856K)->9414K(9856K) NonClass: 8439K(8640K)->8439K(8640K) Class: 975K(1216K)->975K(1216K)
[2026-07-22T10:59:09.730+0300] GC(151) Pause Young (Allocation Failure) 58M->35M(123M) 26,203ms
[2026-07-22T10:59:09.730+0300] GC(151) User=0,03s Sys=0,00s Real=0,02s
[2026-07-22T10:59:09.893+0300] GC(152) Pause Young (Allocation Failure)
[2026-07-22T10:59:09.906+0300] GC(152) DefNew: 39296K(39296K)->4351K(39296K) Eden: 34944K(34944K)->0K(34944K) From: 4352K(4352K)->4351K(4352K)
[2026-07-22T10:59:09.906+0300] GC(152) Tenured: 32207K(87424K)->34190K(87424K)
[2026-07-22T10:59:09.906+0300] GC(152) Metaspace: 9414K(9856K)->9414K(9856K) NonClass: 8439K(8640K)->8439K(8640K) Class: 975K(1216K)->975K(1216K)
[2026-07-22T10:59:09.906+0300] GC(152) Pause Young (Allocation Failure) 69M->37M(123M) 12,960ms
[2026-07-22T10:59:09.906+0300] GC(152) User=0,02s Sys=0,00s Real=0,01s
[2026-07-22T10:59:10.063+0300] GC(153) Pause Young (Allocation Failure)
[2026-07-22T10:59:10.068+0300] GC(153) DefNew: 39295K(39296K)->881K(39296K) Eden: 34944K(34944K)->0K(34944K) From: 4351K(4352K)->881K(4352K)
[2026-07-22T10:59:10.068+0300] GC(153) Tenured: 34190K(87424K)->34190K(87424K)
[2026-07-22T10:59:10.068+0300] GC(153) Metaspace: 9414K(9856K)->9414K(9856K) NonClass: 8439K(8640K)->8439K(8640K) Class: 975K(1216K)->975K(1216K)
[2026-07-22T10:59:10.068+0300] GC(153) Pause Young (Allocation Failure) 71M->34M(123M) 4,492ms
[2026-07-22T10:59:10.068+0300] GC(153) User=0,01s Sys=0,00s Real=0,00s
[2026-07-22T10:59:10.318+0300] GC(154) Pause Young (Allocation Failure)
[2026-07-22T10:59:10.328+0300] GC(154) DefNew: 35825K(39296K)->3078K(39296K) Eden: 34944K(34944K)->0K(34944K) From: 881K(4352K)->3078K(4352K)
[2026-07-22T10:59:10.328+0300] GC(154) Tenured: 34190K(87424K)->34190K(87424K)
[2026-07-22T10:59:10.328+0300] GC(154) Metaspace: 9414K(9856K)->9414K(9856K) NonClass: 8439K(8640K)->8439K(8640K) Class: 975K(1216K)->975K(1216K)
[2026-07-22T10:59:10.328+0300] GC(154) Pause Young (Allocation Failure) 68M->36M(123M) 10,103ms
[2026-07-22T10:59:10.328+0300] GC(154) User=0,01s Sys=0,00s Real=0,01s
[2026-07-22T10:59:10.484+0300] GC(155) Pause Young (Allocation Failure)
[2026-07-22T10:59:10.505+0300] GC(155) DefNew: 38022K(39296K)->4351K(39296K) Eden: 34944K(34944K)->0K(34944K) From: 3078K(4352K)->4351K(4352K)
[2026-07-22T10:59:10.505+0300] GC(155) Tenured: 34190K(87424K)->36446K(87424K)
[2026-07-22T10:59:10.505+0300] GC(155) Metaspace: 9423K(9856K)->9423K(9856K) NonClass: 8446K(8640K)->8446K(8640K) Class: 976K(1216K)->976K(1216K)
[2026-07-22T10:59:10.505+0300] GC(155) Pause Young (Allocation Failure) 70M->39M(123M) 21,887ms
[2026-07-22T10:59:10.505+0300] GC(155) User=0,02s Sys=0,00s Real=0,02s
[2026-07-22T10:59:10.660+0300] GC(156) Pause Young (Allocation Failure)
[2026-07-22T10:59:10.692+0300] GC(156) DefNew: 39295K(39296K)->4352K(39296K) Eden: 34944K(34944K)->0K(34944K) From: 4351K(4352K)->4352K(4352K)
[2026-07-22T10:59:10.692+0300] GC(156) Tenured: 36446K(87424K)->42319K(87424K)
[2026-07-22T10:59:10.692+0300] GC(156) Metaspace: 9423K(9856K)->9423K(9856K) NonClass: 8446K(8640K)->8446K(8640K) Class: 976K(1216K)->976K(1216K)
[2026-07-22T10:59:10.692+0300] GC(156) Pause Young (Allocation Failure) 73M->45M(123M) 32,084ms
[2026-07-22T10:59:10.692+0300] GC(156) User=0,03s Sys=0,00s Real=0,04s
[2026-07-22T10:59:10.848+0300] GC(157) Pause Young (Allocation Failure)
[2026-07-22T10:59:10.897+0300] GC(157) DefNew: 39296K(39296K)->4351K(39296K) Eden: 34944K(34944K)->0K(34944K) From: 4352K(4352K)->4351K(4352K)
[2026-07-22T10:59:10.897+0300] GC(157) Tenured: 42319K(87424K)->51940K(87424K)
[2026-07-22T10:59:10.897+0300] GC(157) Metaspace: 9423K(9856K)->9423K(9856K) NonClass: 8446K(8640K)->8446K(8640K) Class: 976K(1216K)->976K(1216K)
[2026-07-22T10:59:10.897+0300] GC(157) Pause Young (Allocation Failure) 79M->54M(123M) 48,986ms
[2026-07-22T10:59:10.897+0300] GC(157) User=0,05s Sys=0,00s Real=0,05s
[2026-07-22T10:59:11.055+0300] GC(158) Pause Young (Allocation Failure)
[2026-07-22T10:59:11.105+0300] GC(158) DefNew: 39295K(39296K)->4352K(39296K) Eden: 34944K(34944K)->0K(34944K) From: 4351K(4352K)->4352K(4352K)
[2026-07-22T10:59:11.105+0300] GC(158) Tenured: 51940K(87424K)->65353K(87424K)
[2026-07-22T10:59:11.106+0300] GC(158) Metaspace: 9423K(9856K)->9423K(9856K) NonClass: 8446K(8640K)->8446K(8640K) Class: 976K(1216K)->976K(1216K)
[2026-07-22T10:59:11.106+0300] GC(158) Pause Young (Allocation Failure) 89M->68M(123M) 50,409ms
[2026-07-22T10:59:11.106+0300] GC(158) User=0,05s Sys=0,00s Real=0,05s
[2026-07-22T10:59:11.245+0300] Heap
[2026-07-22T10:59:11.245+0300]  def new generation   total 39296K, used 19029K [0x00000000f8000000, 0x00000000faaa0000, 0x00000000faaa0000)
[2026-07-22T10:59:11.245+0300]   eden space 34944K,  42% used [0x00000000f8000000, 0x00000000f8e55660, 0x00000000fa220000)
[2026-07-22T10:59:11.245+0300]   from space 4352K, 100% used [0x00000000fa660000, 0x00000000faaa0000, 0x00000000faaa0000)
[2026-07-22T10:59:11.245+0300]   to   space 4352K,   0% used [0x00000000fa220000, 0x00000000fa220000, 0x00000000fa660000)
[2026-07-22T10:59:11.245+0300]  tenured generation   total 87424K, used 65353K [0x00000000faaa0000, 0x0000000100000000, 0x0000000100000000)
[2026-07-22T10:59:11.245+0300]    the space 87424K,  74% used [0x00000000faaa0000, 0x00000000fea724e8, 0x00000000fea72600, 0x0000000100000000)
[2026-07-22T10:59:11.245+0300]  Metaspace       used 9424K, committed 9856K, reserved 1114112K
[2026-07-22T10:59:11.245+0300]   class space    used 976K, committed 1216K, reserved 1048576K
