[2026-07-22T11:25:21.586+0300] CardTable entry size: 512
[2026-07-22T11:25:21.586+0300] Using Serial
[2026-07-22T11:25:21.587+0300] Version: 21.0.3+10-LTS (release)
[2026-07-22T11:25:21.587+0300] CPUs: 24 total, 24 available
[2026-07-22T11:25:21.587+0300] Memory: 31993M
[2026-07-22T11:25:21.587+0300] Large Page Support: Disabled
[2026-07-22T11:25:21.587+0300] NUMA Support: Disabled
[2026-07-22T11:25:21.587+0300] Compressed Oops: Enabled (32-bit)
[2026-07-22T11:25:21.587+0300] Heap Min Capacity: 128M
[2026-07-22T11:25:21.587+0300] Heap Initial Capacity: 128M
[2026-07-22T11:25:21.587+0300] Heap Max Capacity: 128M
[2026-07-22T11:25:21.587+0300] Pre-touch: Disabled
[2026-07-22T11:25:21.599+0300] CDS archive(s) mapped at: [0x000078a223000000-0x000078a223caa000-0x000078a223caa000), size 13279232, SharedBaseAddress: 0x000078a223000000, ArchiveRelocationMode: 1.
[2026-07-22T11:25:21.599+0300] Compressed class space mapped at: 0x000078a224000000-0x000078a264000000, reserved size: 1073741824
[2026-07-22T11:25:21.599+0300] Narrow klass base: 0x000078a223000000, Narrow klass shift: 0, Narrow klass range: 0x100000000
[2026-07-22T11:25:21.888+0300] GC(0) Pause Young (Allocation Failure)
[2026-07-22T11:25:21.931+0300] GC(0) DefNew: 52480K(59008K)->6527K(59008K) Eden: 52480K(52480K)->0K(52480K) From: 0K(6528K)->6527K(6528K)
[2026-07-22T11:25:21.931+0300] GC(0) Tenured: 1054K(65536K)->12005K(65536K)
[2026-07-22T11:25:21.931+0300] GC(0) Metaspace: 246K(448K)->246K(448K) NonClass: 232K(320K)->232K(320K) Class: 13K(128K)->13K(128K)
[2026-07-22T11:25:21.931+0300] GC(0) Pause Young (Allocation Failure) 52M->18M(121M) 42,692ms
[2026-07-22T11:25:21.931+0300] GC(0) User=0,03s Sys=0,01s Real=0,05s
[2026-07-22T11:25:22.244+0300] GC(1) Pause Young (Allocation Failure)
[2026-07-22T11:25:22.271+0300] GC(1) DefNew: 59007K(59008K)->6527K(59008K) Eden: 52480K(52480K)->0K(52480K) From: 6527K(6528K)->6527K(6528K)
[2026-07-22T11:25:22.271+0300] GC(1) Tenured: 12005K(65536K)->17007K(65536K)
[2026-07-22T11:25:22.271+0300] GC(1) Metaspace: 248K(448K)->248K(448K) NonClass: 234K(320K)->234K(320K) Class: 13K(128K)->13K(128K)
[2026-07-22T11:25:22.271+0300] GC(1) Pause Young (Allocation Failure) 69M->22M(121M) 26,756ms
[2026-07-22T11:25:22.271+0300] GC(1) User=0,01s Sys=0,01s Real=0,03s
[2026-07-22T11:25:22.529+0300] GC(2) Pause Young (Allocation Failure)
[2026-07-22T11:25:22.548+0300] GC(2) DefNew: 59007K(59008K)->6528K(59008K) Eden: 52480K(52480K)->0K(52480K) From: 6527K(6528K)->6528K(6528K)
[2026-07-22T11:25:22.548+0300] GC(2) Tenured: 17007K(65536K)->19194K(65536K)
[2026-07-22T11:25:22.548+0300] GC(2) Metaspace: 248K(448K)->248K(448K) NonClass: 234K(320K)->234K(320K) Class: 13K(128K)->13K(128K)
[2026-07-22T11:25:22.548+0300] GC(2) Pause Young (Allocation Failure) 74M->25M(121M) 19,502ms
[2026-07-22T11:25:22.548+0300] GC(2) User=0,01s Sys=0,00s Real=0,02s
[2026-07-22T11:25:22.823+0300] GC(3) Pause Young (Allocation Failure)
[2026-07-22T11:25:22.844+0300] GC(3) DefNew: 59008K(59008K)->6527K(59008K) Eden: 52480K(52480K)->0K(52480K) From: 6528K(6528K)->6527K(6528K)
[2026-07-22T11:25:22.844+0300] GC(3) Tenured: 19194K(65536K)->20501K(65536K)
[2026-07-22T11:25:22.844+0300] GC(3) Metaspace: 248K(448K)->248K(448K) NonClass: 234K(320K)->234K(320K) Class: 13K(128K)->13K(128K)
[2026-07-22T11:25:22.844+0300] GC(3) Pause Young (Allocation Failure) 76M->26M(121M) 20,503ms
[2026-07-22T11:25:22.844+0300] GC(3) User=0,02s Sys=0,00s Real=0,02s
[2026-07-22T11:25:23.131+0300] GC(4) Pause Young (Allocation Failure)
[2026-07-22T11:25:23.149+0300] GC(4) DefNew: 59007K(59008K)->6527K(59008K) Eden: 52480K(52480K)->0K(52480K) From: 6527K(6528K)->6527K(6528K)
[2026-07-22T11:25:23.149+0300] GC(4) Tenured: 20501K(65536K)->21131K(65536K)
[2026-07-22T11:25:23.149+0300] GC(4) Metaspace: 248K(448K)->248K(448K) NonClass: 234K(320K)->234K(320K) Class: 13K(128K)->13K(128K)
[2026-07-22T11:25:23.149+0300] GC(4) Pause Young (Allocation Failure) 77M->27M(121M) 18,434ms
[2026-07-22T11:25:23.149+0300] GC(4) User=0,01s Sys=0,00s Real=0,01s
[2026-07-22T11:25:23.437+0300] GC(5) Pause Young (Allocation Failure)
[2026-07-22T11:25:23.455+0300] GC(5) DefNew: 59007K(59008K)->6481K(59008K) Eden: 52480K(52480K)->0K(52480K) From: 6527K(6528K)->6481K(6528K)
[2026-07-22T11:25:23.455+0300] GC(5) Tenured: 21131K(65536K)->21132K(65536K)
[2026-07-22T11:25:23.455+0300] GC(5) Metaspace: 248K(448K)->248K(448K) NonClass: 234K(320K)->234K(320K) Class: 13K(128K)->13K(128K)
[2026-07-22T11:25:23.455+0300] GC(5) Pause Young (Allocation Failure) 78M->26M(121M) 18,274ms
[2026-07-22T11:25:23.455+0300] GC(5) User=0,02s Sys=0,00s Real=0,02s
[2026-07-22T11:25:23.746+0300] GC(6) Pause Young (Allocation Failure)
[2026-07-22T11:25:23.765+0300] GC(6) DefNew: 58961K(59008K)->5807K(59008K) Eden: 52480K(52480K)->0K(52480K) From: 6481K(6528K)->5807K(6528K)
[2026-07-22T11:25:23.765+0300] GC(6) Tenured: 21132K(65536K)->21132K(65536K)
[2026-07-22T11:25:23.765+0300] GC(6) Metaspace: 248K(448K)->248K(448K) NonClass: 234K(320K)->234K(320K) Class: 13K(128K)->13K(128K)
[2026-07-22T11:25:23.765+0300] GC(6) Pause Young (Allocation Failure) 78M->26M(121M) 18,607ms
[2026-07-22T11:25:23.765+0300] GC(6) User=0,02s Sys=0,00s Real=0,02s
[2026-07-22T11:25:24.055+0300] GC(7) Pause Young (Allocation Failure)
[2026-07-22T11:25:24.072+0300] GC(7) DefNew: 58287K(59008K)->5133K(59008K) Eden: 52480K(52480K)->0K(52480K) From: 5807K(6528K)->5133K(6528K)
[2026-07-22T11:25:24.072+0300] GC(7) Tenured: 21132K(65536K)->21132K(65536K)
[2026-07-22T11:25:24.072+0300] GC(7) Metaspace: 248K(448K)->248K(448K) NonClass: 234K(320K)->234K(320K) Class: 13K(128K)->13K(128K)
[2026-07-22T11:25:24.072+0300] GC(7) Pause Young (Allocation Failure) 77M->25M(121M) 17,290ms
[2026-07-22T11:25:24.072+0300] GC(7) User=0,02s Sys=0,00s Real=0,02s
[2026-07-22T11:25:24.365+0300] GC(8) Pause Young (Allocation Failure)
[2026-07-22T11:25:24.380+0300] GC(8) DefNew: 57613K(59008K)->4459K(59008K) Eden: 52480K(52480K)->0K(52480K) From: 5133K(6528K)->4459K(6528K)
[2026-07-22T11:25:24.380+0300] GC(8) Tenured: 21132K(65536K)->21132K(65536K)
[2026-07-22T11:25:24.380+0300] GC(8) Metaspace: 248K(448K)->248K(448K) NonClass: 234K(320K)->234K(320K) Class: 13K(128K)->13K(128K)
[2026-07-22T11:25:24.380+0300] GC(8) Pause Young (Allocation Failure) 76M->24M(121M) 15,154ms
[2026-07-22T11:25:24.380+0300] GC(8) User=0,02s Sys=0,00s Real=0,01s
[2026-07-22T11:25:24.668+0300] GC(9) Pause Young (Allocation Failure)
[2026-07-22T11:25:24.681+0300] GC(9) DefNew: 56939K(59008K)->3784K(59008K) Eden: 52480K(52480K)->0K(52480K) From: 4459K(6528K)->3784K(6528K)
[2026-07-22T11:25:24.681+0300] GC(9) Tenured: 21132K(65536K)->21132K(65536K)
[2026-07-22T11:25:24.681+0300] GC(9) Metaspace: 248K(448K)->248K(448K) NonClass: 234K(320K)->234K(320K) Class: 13K(128K)->13K(128K)
[2026-07-22T11:25:24.681+0300] GC(9) Pause Young (Allocation Failure) 76M->24M(121M) 13,006ms
[2026-07-22T11:25:24.681+0300] GC(9) User=0,02s Sys=0,00s Real=0,02s
[2026-07-22T11:25:24.967+0300] GC(10) Pause Young (Allocation Failure)
[2026-07-22T11:25:24.973+0300] GC(10) DefNew: 56264K(59008K)->3110K(59008K) Eden: 52480K(52480K)->0K(52480K) From: 3784K(6528K)->3110K(6528K)
[2026-07-22T11:25:24.973+0300] GC(10) Tenured: 21132K(65536K)->21132K(65536K)
[2026-07-22T11:25:24.974+0300] GC(10) Metaspace: 248K(448K)->248K(448K) NonClass: 234K(320K)->234K(320K) Class: 13K(128K)->13K(128K)
[2026-07-22T11:25:24.974+0300] GC(10) Pause Young (Allocation Failure) 75M->23M(121M) 6,575ms
[2026-07-22T11:25:24.974+0300] GC(10) User=0,01s Sys=0,00s Real=0,01s
[2026-07-22T11:25:25.259+0300] GC(11) Pause Young (Allocation Failure)
[2026-07-22T11:25:25.269+0300] GC(11) DefNew: 55590K(59008K)->2436K(59008K) Eden: 52480K(52480K)->0K(52480K) From: 3110K(6528K)->2436K(6528K)
[2026-07-22T11:25:25.269+0300] GC(11) Tenured: 21132K(65536K)->21132K(65536K)
[2026-07-22T11:25:25.269+0300] GC(11) Metaspace: 248K(448K)->248K(448K) NonClass: 234K(320K)->234K(320K) Class: 13K(128K)->13K(128K)
[2026-07-22T11:25:25.269+0300] GC(11) Pause Young (Allocation Failure) 74M->23M(121M) 9,331ms
[2026-07-22T11:25:25.269+0300] GC(11) User=0,01s Sys=0,00s Real=0,01s
[2026-07-22T11:25:25.558+0300] GC(12) Pause Young (Allocation Failure)
[2026-07-22T11:25:25.566+0300] GC(12) DefNew: 54916K(59008K)->1762K(59008K) Eden: 52480K(52480K)->0K(52480K) From: 2436K(6528K)->1762K(6528K)
[2026-07-22T11:25:25.566+0300] GC(12) Tenured: 21132K(65536K)->21132K(65536K)
[2026-07-22T11:25:25.566+0300] GC(12) Metaspace: 248K(448K)->248K(448K) NonClass: 234K(320K)->234K(320K) Class: 13K(128K)->13K(128K)
[2026-07-22T11:25:25.566+0300] GC(12) Pause Young (Allocation Failure) 74M->22M(121M) 7,795ms
[2026-07-22T11:25:25.566+0300] GC(12) User=0,01s Sys=0,00s Real=0,01s
[2026-07-22T11:25:25.840+0300] GC(13) Pause Young (Allocation Failure)
[2026-07-22T11:25:25.846+0300] GC(13) DefNew: 54242K(59008K)->1087K(59008K) Eden: 52480K(52480K)->0K(52480K) From: 1762K(6528K)->1087K(6528K)
[2026-07-22T11:25:25.846+0300] GC(13) Tenured: 21132K(65536K)->21132K(65536K)
[2026-07-22T11:25:25.846+0300] GC(13) Metaspace: 248K(448K)->248K(448K) NonClass: 234K(320K)->234K(320K) Class: 13K(128K)->13K(128K)
[2026-07-22T11:25:25.846+0300] GC(13) Pause Young (Allocation Failure) 73M->21M(121M) 6,029ms
[2026-07-22T11:25:25.846+0300] GC(13) User=0,00s Sys=0,00s Real=0,01s
[2026-07-22T11:25:26.131+0300] GC(14) Pause Young (Allocation Failure)
[2026-07-22T11:25:26.135+0300] GC(14) DefNew: 53567K(59008K)->413K(59008K) Eden: 52480K(52480K)->0K(52480K) From: 1087K(6528K)->413K(6528K)
[2026-07-22T11:25:26.135+0300] GC(14) Tenured: 21132K(65536K)->21132K(65536K)
[2026-07-22T11:25:26.136+0300] GC(14) Metaspace: 248K(448K)->248K(448K) NonClass: 234K(320K)->234K(320K) Class: 13K(128K)->13K(128K)
[2026-07-22T11:25:26.136+0300] GC(14) Pause Young (Allocation Failure) 72M->21M(121M) 4,285ms
[2026-07-22T11:25:26.136+0300] GC(14) User=0,00s Sys=0,00s Real=0,00s
[2026-07-22T11:25:26.321+0300] GC(15) Pause Young (Allocation Failure)
[2026-07-22T11:25:26.327+0300] GC(15) DefNew: 52893K(59008K)->626K(59008K) Eden: 52480K(52480K)->0K(52480K) From: 413K(6528K)->626K(6528K)
[2026-07-22T11:25:26.327+0300] GC(15) Tenured: 21132K(65536K)->21132K(65536K)
[2026-07-22T11:25:26.327+0300] GC(15) Metaspace: 248K(448K)->248K(448K) NonClass: 234K(320K)->234K(320K) Class: 13K(128K)->13K(128K)
[2026-07-22T11:25:26.327+0300] GC(15) Pause Young (Allocation Failure) 72M->21M(121M) 5,677ms
[2026-07-22T11:25:26.327+0300] GC(15) User=0,00s Sys=0,00s Real=0,00s
[2026-07-22T11:25:26.609+0300] GC(16) Pause Young (Allocation Failure)
[2026-07-22T11:25:26.618+0300] GC(16) DefNew: 53106K(59008K)->2243K(59008K) Eden: 52480K(52480K)->0K(52480K) From: 626K(6528K)->2243K(6528K)
[2026-07-22T11:25:26.618+0300] GC(16) Tenured: 21132K(65536K)->21132K(65536K)
[2026-07-22T11:25:26.618+0300] GC(16) Metaspace: 248K(448K)->248K(448K) NonClass: 234K(320K)->234K(320K) Class: 13K(128K)->13K(128K)
[2026-07-22T11:25:26.618+0300] GC(16) Pause Young (Allocation Failure) 72M->22M(121M) 9,510ms
[2026-07-22T11:25:26.618+0300] GC(16) User=0,01s Sys=0,00s Real=0,01s
[2026-07-22T11:25:26.925+0300] GC(17) Pause Young (Allocation Failure)
[2026-07-22T11:25:26.985+0300] GC(17) DefNew: 54723K(59008K)->6528K(59008K) Eden: 52480K(52480K)->0K(52480K) From: 2243K(6528K)->6528K(6528K)
[2026-07-22T11:25:26.985+0300] GC(17) Tenured: 21132K(65536K)->29288K(65536K)
[2026-07-22T11:25:26.985+0300] GC(17) Metaspace: 2126K(2304K)->2126K(2304K) NonClass: 1901K(1984K)->1901K(1984K) Class: 224K(320K)->224K(320K)
[2026-07-22T11:25:26.985+0300] GC(17) Pause Young (Allocation Failure) 74M->34M(121M) 60,317ms
[2026-07-22T11:25:26.986+0300] GC(17) User=0,06s Sys=0,00s Real=0,06s
[2026-07-22T11:25:27.208+0300] GC(18) Pause Young (Allocation Failure)
[2026-07-22T11:25:27.219+0300] GC(18) DefNew: 59008K(59008K)->4960K(59008K) Eden: 52480K(52480K)->0K(52480K) From: 6528K(6528K)->4960K(6528K)
[2026-07-22T11:25:27.219+0300] GC(18) Tenured: 29288K(65536K)->29410K(65536K)
[2026-07-22T11:25:27.219+0300] GC(18) Metaspace: 3628K(3776K)->3628K(3776K) NonClass: 3297K(3392K)->3297K(3392K) Class: 330K(384K)->330K(384K)
[2026-07-22T11:25:27.219+0300] GC(18) Pause Young (Allocation Failure) 86M->33M(121M) 11,223ms
[2026-07-22T11:25:27.220+0300] GC(18) User=0,01s Sys=0,00s Real=0,01s
[2026-07-22T11:25:27.471+0300] GC(19) Pause Young (Allocation Failure)
[2026-07-22T11:25:27.505+0300] GC(19) DefNew: 57440K(59008K)->6528K(59008K) Eden: 52480K(52480K)->0K(52480K) From: 4960K(6528K)->6528K(6528K)
[2026-07-22T11:25:27.505+0300] GC(19) Tenured: 29410K(65536K)->35144K(65536K)
[2026-07-22T11:25:27.505+0300] GC(19) Metaspace: 6345K(6592K)->6345K(6592K) NonClass: 5712K(5824K)->5712K(5824K) Class: 632K(768K)->632K(768K)
[2026-07-22T11:25:27.505+0300] GC(19) Pause Young (Allocation Failure) 84M->40M(121M) 34,181ms
[2026-07-22T11:25:27.505+0300] GC(19) User=0,06s Sys=0,00s Real=0,03s
[2026-07-22T11:25:27.665+0300] GC(20) Pause Young (Allocation Failure)
[2026-07-22T11:25:27.695+0300] GC(20) DefNew: 59008K(59008K)->6527K(59008K) Eden: 52480K(52480K)->0K(52480K) From: 6528K(6528K)->6527K(6528K)
[2026-07-22T11:25:27.695+0300] GC(20) Tenured: 35144K(65536K)->36183K(65536K)
[2026-07-22T11:25:27.695+0300] GC(20) Metaspace: 8471K(8768K)->8471K(8768K) NonClass: 7584K(7744K)->7584K(7744K) Class: 887K(1024K)->887K(1024K)
[2026-07-22T11:25:27.695+0300] GC(20) Pause Young (Allocation Failure) 91M->41M(121M) 30,241ms
[2026-07-22T11:25:27.695+0300] GC(20) User=0,03s Sys=0,00s Real=0,03s
[2026-07-22T11:25:27.966+0300] GC(21) Pause Young (Allocation Failure)
[2026-07-22T11:25:28.026+0300] GC(21) DefNew: 59007K(59008K)->6528K(59008K) Eden: 52480K(52480K)->0K(52480K) From: 6527K(6528K)->6528K(6528K)
[2026-07-22T11:25:28.026+0300] GC(21) Tenured: 36183K(65536K)->45069K(65536K)
[2026-07-22T11:25:28.026+0300] GC(21) Metaspace: 8641K(9024K)->8641K(9024K) NonClass: 7740K(7936K)->7740K(7936K) Class: 900K(1088K)->900K(1088K)
[2026-07-22T11:25:28.026+0300] GC(21) Pause Young (Allocation Failure) 92M->50M(121M) 60,191ms
[2026-07-22T11:25:28.026+0300] GC(21) User=0,05s Sys=0,00s Real=0,06s
[2026-07-22T11:25:28.294+0300] GC(22) Pause Young (Allocation Failure)
[2026-07-22T11:25:28.301+0300] GC(22) DefNew: 59008K(59008K)->781K(59008K) Eden: 52480K(52480K)->0K(52480K) From: 6528K(6528K)->781K(6528K)
[2026-07-22T11:25:28.301+0300] GC(22) Tenured: 45069K(65536K)->45098K(65536K)
[2026-07-22T11:25:28.301+0300] GC(22) Metaspace: 8925K(9280K)->8925K(9280K) NonClass: 7986K(8192K)->7986K(8192K) Class: 938K(1088K)->938K(1088K)
[2026-07-22T11:25:28.301+0300] GC(22) Pause Young (Allocation Failure) 101M->44M(121M) 6,999ms
[2026-07-22T11:25:28.301+0300] GC(22) User=0,01s Sys=0,00s Real=0,01s
[2026-07-22T11:25:28.450+0300] GC(23) Pause Young (Allocation Failure)
[2026-07-22T11:25:28.507+0300] GC(23) DefNew: 53261K(59008K)->6527K(59008K) Eden: 52480K(52480K)->0K(52480K) From: 781K(6528K)->6527K(6528K)
[2026-07-22T11:25:28.507+0300] GC(23) Tenured: 45098K(65536K)->54914K(65536K)
[2026-07-22T11:25:28.507+0300] GC(23) Metaspace: 9063K(9408K)->9063K(9408K) NonClass: 8106K(8256K)->8106K(8256K) Class: 956K(1152K)->956K(1152K)
[2026-07-22T11:25:28.507+0300] GC(23) Pause Young (Allocation Failure) 96M->60M(121M) 56,351ms
[2026-07-22T11:25:28.507+0300] GC(23) User=0,04s Sys=0,01s Real=0,06s
[2026-07-22T11:25:28.766+0300] GC(24) Pause Young (Allocation Failure)
[2026-07-22T11:25:28.766+0300] GC(24) Pause Young (Allocation Failure) 111M->111M(121M) 0,136ms
[2026-07-22T11:25:28.766+0300] GC(24) User=0,00s Sys=0,00s Real=0,00s
[2026-07-22T11:25:28.766+0300] GC(25) Pause Full (Allocation Failure)
[2026-07-22T11:25:28.766+0300] GC(25) Phase 1: Mark live objects
[2026-07-22T11:25:28.791+0300] GC(25) Phase 1: Mark live objects 24,891ms
[2026-07-22T11:25:28.791+0300] GC(25) Phase 2: Compute new object addresses
[2026-07-22T11:25:28.830+0300] GC(25) Phase 2: Compute new object addresses 38,885ms
[2026-07-22T11:25:28.830+0300] GC(25) Phase 3: Adjust pointers
[2026-07-22T11:25:28.842+0300] GC(25) Phase 3: Adjust pointers 11,872ms
[2026-07-22T11:25:28.842+0300] GC(25) Phase 4: Move objects
[2026-07-22T11:25:28.846+0300] GC(25) Phase 4: Move objects 4,615ms
[2026-07-22T11:25:28.847+0300] GC(25) DefNew: 59007K(59008K)->0K(59008K) Eden: 52480K(52480K)->0K(52480K) From: 6527K(6528K)->0K(6528K)
[2026-07-22T11:25:28.847+0300] GC(25) Tenured: 54914K(65536K)->16287K(65536K)
[2026-07-22T11:25:28.847+0300] GC(25) Metaspace: 9065K(9408K)->9065K(9408K) NonClass: 8108K(8256K)->8108K(8256K) Class: 956K(1152K)->956K(1152K)
[2026-07-22T11:25:28.847+0300] GC(25) Pause Full (Allocation Failure) 111M->15M(121M) 80,929ms
[2026-07-22T11:25:28.847+0300] GC(25) User=0,08s Sys=0,00s Real=0,08s
[2026-07-22T11:25:29.008+0300] GC(26) Pause Young (Allocation Failure)
[2026-07-22T11:25:29.022+0300] GC(26) DefNew: 52480K(59008K)->3995K(59008K) Eden: 52480K(52480K)->0K(52480K) From: 0K(6528K)->3995K(6528K)
[2026-07-22T11:25:29.022+0300] GC(26) Tenured: 16287K(65536K)->16287K(65536K)
[2026-07-22T11:25:29.022+0300] GC(26) Metaspace: 9116K(9536K)->9116K(9536K) NonClass: 8156K(8384K)->8156K(8384K) Class: 959K(1152K)->959K(1152K)
[2026-07-22T11:25:29.022+0300] GC(26) Pause Young (Allocation Failure) 67M->19M(121M) 14,546ms
[2026-07-22T11:25:29.022+0300] GC(26) User=0,01s Sys=0,00s Real=0,02s
[2026-07-22T11:25:29.268+0300] GC(27) Pause Young (Allocation Failure)
[2026-07-22T11:25:29.317+0300] GC(27) DefNew: 56475K(59008K)->6528K(59008K) Eden: 52480K(52480K)->0K(52480K) From: 3995K(6528K)->6528K(6528K)
[2026-07-22T11:25:29.318+0300] GC(27) Tenured: 16287K(65536K)->29205K(65536K)
[2026-07-22T11:25:29.318+0300] GC(27) Metaspace: 9117K(9536K)->9117K(9536K) NonClass: 8158K(8384K)->8158K(8384K) Class: 959K(1152K)->959K(1152K)
[2026-07-22T11:25:29.318+0300] GC(27) Pause Young (Allocation Failure) 71M->34M(121M) 49,318ms
[2026-07-22T11:25:29.318+0300] GC(27) User=0,05s Sys=0,00s Real=0,05s
[2026-07-22T11:25:29.574+0300] GC(28) Pause Young (Allocation Failure)
[2026-07-22T11:25:29.592+0300] GC(28) DefNew: 59008K(59008K)->6527K(59008K) Eden: 52480K(52480K)->0K(52480K) From: 6528K(6528K)->6527K(6528K)
[2026-07-22T11:25:29.592+0300] GC(28) Tenured: 29205K(65536K)->31861K(65536K)
[2026-07-22T11:25:29.592+0300] GC(28) Metaspace: 9127K(9536K)->9127K(9536K) NonClass: 8168K(8384K)->8168K(8384K) Class: 959K(1152K)->959K(1152K)
[2026-07-22T11:25:29.593+0300] GC(28) Pause Young (Allocation Failure) 86M->37M(121M) 18,738ms
[2026-07-22T11:25:29.593+0300] GC(28) User=0,01s Sys=0,00s Real=0,02s
[2026-07-22T11:25:29.747+0300] GC(29) Pause Young (Allocation Failure)
[2026-07-22T11:25:29.753+0300] GC(29) DefNew: 59007K(59008K)->1483K(59008K) Eden: 52480K(52480K)->0K(52480K) From: 6527K(6528K)->1483K(6528K)
[2026-07-22T11:25:29.753+0300] GC(29) Tenured: 31861K(65536K)->31861K(65536K)
[2026-07-22T11:25:29.753+0300] GC(29) Metaspace: 9128K(9536K)->9128K(9536K) NonClass: 8169K(8384K)->8169K(8384K) Class: 959K(1152K)->959K(1152K)
[2026-07-22T11:25:29.753+0300] GC(29) Pause Young (Allocation Failure) 88M->32M(121M) 6,086ms
[2026-07-22T11:25:29.753+0300] GC(29) User=0,01s Sys=0,00s Real=0,01s
[2026-07-22T11:25:29.998+0300] GC(30) Pause Young (Allocation Failure)
[2026-07-22T11:25:30.054+0300] GC(30) DefNew: 53963K(59008K)->6528K(59008K) Eden: 52480K(52480K)->0K(52480K) From: 1483K(6528K)->6528K(6528K)
[2026-07-22T11:25:30.054+0300] GC(30) Tenured: 31861K(65536K)->42383K(65536K)
[2026-07-22T11:25:30.054+0300] GC(30) Metaspace: 9150K(9536K)->9150K(9536K) NonClass: 8190K(8384K)->8190K(8384K) Class: 959K(1152K)->959K(1152K)
[2026-07-22T11:25:30.054+0300] GC(30) Pause Young (Allocation Failure) 83M->47M(121M) 55,326ms
[2026-07-22T11:25:30.054+0300] GC(30) User=0,05s Sys=0,00s Real=0,06s
[2026-07-22T11:25:30.315+0300] GC(31) Pause Young (Allocation Failure)
[2026-07-22T11:25:30.339+0300] GC(31) DefNew: 59008K(59008K)->6527K(59008K) Eden: 52480K(52480K)->0K(52480K) From: 6528K(6528K)->6527K(6528K)
[2026-07-22T11:25:30.339+0300] GC(31) Tenured: 42383K(65536K)->45675K(65536K)
[2026-07-22T11:25:30.339+0300] GC(31) Metaspace: 9151K(9536K)->9151K(9536K) NonClass: 8192K(8384K)->8192K(8384K) Class: 959K(1152K)->959K(1152K)
[2026-07-22T11:25:30.339+0300] GC(31) Pause Young (Allocation Failure) 99M->50M(121M) 24,131ms
[2026-07-22T11:25:30.339+0300] GC(31) User=0,02s Sys=0,00s Real=0,02s
[2026-07-22T11:25:30.496+0300] GC(32) Pause Young (Allocation Failure)
[2026-07-22T11:25:30.501+0300] GC(32) DefNew: 59007K(59008K)->420K(59008K) Eden: 52480K(52480K)->0K(52480K) From: 6527K(6528K)->420K(6528K)
[2026-07-22T11:25:30.501+0300] GC(32) Tenured: 45675K(65536K)->45675K(65536K)
[2026-07-22T11:25:30.501+0300] GC(32) Metaspace: 9151K(9536K)->9151K(9536K) NonClass: 8192K(8384K)->8192K(8384K) Class: 959K(1152K)->959K(1152K)
[2026-07-22T11:25:30.501+0300] GC(32) Pause Young (Allocation Failure) 102M->45M(121M) 4,230ms
[2026-07-22T11:25:30.501+0300] GC(32) User=0,00s Sys=0,00s Real=0,01s
[2026-07-22T11:25:30.745+0300] GC(33) Pause Young (Allocation Failure)
[2026-07-22T11:25:30.795+0300] GC(33) DefNew: 52900K(59008K)->6528K(59008K) Eden: 52480K(52480K)->0K(52480K) From: 420K(6528K)->6528K(6528K)
[2026-07-22T11:25:30.795+0300] GC(33) Tenured: 45675K(65536K)->54708K(65536K)
[2026-07-22T11:25:30.795+0300] GC(33) Metaspace: 9151K(9536K)->9151K(9536K) NonClass: 8192K(8384K)->8192K(8384K) Class: 959K(1152K)->959K(1152K)
[2026-07-22T11:25:30.795+0300] GC(33) Pause Young (Allocation Failure) 96M->59M(121M) 50,419ms
[2026-07-22T11:25:30.795+0300] GC(33) User=0,05s Sys=0,00s Real=0,05s
[2026-07-22T11:25:31.056+0300] GC(34) Pause Young (Allocation Failure)
[2026-07-22T11:25:31.057+0300] GC(34) Pause Young (Allocation Failure) 111M->111M(121M) 0,167ms
[2026-07-22T11:25:31.057+0300] GC(34) User=0,00s Sys=0,00s Real=0,00s
[2026-07-22T11:25:31.057+0300] GC(35) Pause Full (Allocation Failure)
[2026-07-22T11:25:31.057+0300] GC(35) Phase 1: Mark live objects
[2026-07-22T11:25:31.089+0300] GC(35) Phase 1: Mark live objects 32,178ms
[2026-07-22T11:25:31.089+0300] GC(35) Phase 2: Compute new object addresses
[2026-07-22T11:25:31.132+0300] GC(35) Phase 2: Compute new object addresses 43,433ms
[2026-07-22T11:25:31.132+0300] GC(35) Phase 3: Adjust pointers
[2026-07-22T11:25:31.143+0300] GC(35) Phase 3: Adjust pointers 10,649ms
[2026-07-22T11:25:31.143+0300] GC(35) Phase 4: Move objects
[2026-07-22T11:25:31.147+0300] GC(35) Phase 4: Move objects 3,497ms
[2026-07-22T11:25:31.147+0300] GC(35) DefNew: 59008K(59008K)->0K(59008K) Eden: 52480K(52480K)->0K(52480K) From: 6528K(6528K)->0K(6528K)
[2026-07-22T11:25:31.147+0300] GC(35) Tenured: 54708K(65536K)->17302K(65536K)
[2026-07-22T11:25:31.147+0300] GC(35) Metaspace: 9166K(9536K)->9166K(9536K) NonClass: 8207K(8384K)->8207K(8384K) Class: 959K(1152K)->959K(1152K)
[2026-07-22T11:25:31.147+0300] GC(35) Pause Full (Allocation Failure) 111M->16M(121M) 90,399ms
[2026-07-22T11:25:31.147+0300] GC(35) User=0,08s Sys=0,00s Real=0,09s
[2026-07-22T11:25:31.399+0300] GC(36) Pause Young (Allocation Failure)
[2026-07-22T11:25:31.408+0300] GC(36) DefNew: 52480K(59008K)->2359K(59008K) Eden: 52480K(52480K)->0K(52480K) From: 0K(6528K)->2359K(6528K)
[2026-07-22T11:25:31.408+0300] GC(36) Tenured: 17302K(65536K)->17302K(65536K)
[2026-07-22T11:25:31.408+0300] GC(36) Metaspace: 9167K(9536K)->9167K(9536K) NonClass: 8207K(8384K)->8207K(8384K) Class: 959K(1152K)->959K(1152K)
[2026-07-22T11:25:31.408+0300] GC(36) Pause Young (Allocation Failure) 68M->19M(121M) 9,470ms
[2026-07-22T11:25:31.408+0300] GC(36) User=0,01s Sys=0,00s Real=0,01s
[2026-07-22T11:25:31.557+0300] GC(37) Pause Young (Allocation Failure)
[2026-07-22T11:25:31.590+0300] GC(37) DefNew: 54839K(59008K)->6527K(59008K) Eden: 52480K(52480K)->0K(52480K) From: 2359K(6528K)->6527K(6528K)
[2026-07-22T11:25:31.590+0300] GC(37) Tenured: 17302K(65536K)->27010K(65536K)
[2026-07-22T11:25:31.590+0300] GC(37) Metaspace: 9167K(9536K)->9167K(9536K) NonClass: 8207K(8384K)->8207K(8384K) Class: 959K(1152K)->959K(1152K)
[2026-07-22T11:25:31.590+0300] GC(37) Pause Young (Allocation Failure) 70M->32M(121M) 32,970ms
[2026-07-22T11:25:31.590+0300] GC(37) User=0,04s Sys=0,00s Real=0,03s
[2026-07-22T11:25:31.846+0300] GC(38) Pause Young (Allocation Failure)
[2026-07-22T11:25:31.874+0300] GC(38) DefNew: 59007K(59008K)->6528K(59008K) Eden: 52480K(52480K)->0K(52480K) From: 6527K(6528K)->6528K(6528K)
[2026-07-22T11:25:31.874+0300] GC(38) Tenured: 27010K(65536K)->32986K(65536K)
[2026-07-22T11:25:31.875+0300] GC(38) Metaspace: 9179K(9600K)->9179K(9600K) NonClass: 8219K(8448K)->8219K(8448K) Class: 959K(1152K)->959K(1152K)
[2026-07-22T11:25:31.875+0300] GC(38) Pause Young (Allocation Failure) 84M->38M(121M) 28,760ms
[2026-07-22T11:25:31.875+0300] GC(38) User=0,02s Sys=0,00s Real=0,03s
[2026-07-22T11:25:32.128+0300] GC(39) Pause Young (Allocation Failure)
[2026-07-22T11:25:32.134+0300] GC(39) DefNew: 59008K(59008K)->1402K(59008K) Eden: 52480K(52480K)->0K(52480K) From: 6528K(6528K)->1402K(6528K)
[2026-07-22T11:25:32.134+0300] GC(39) Tenured: 32986K(65536K)->32986K(65536K)
[2026-07-22T11:25:32.134+0300] GC(39) Metaspace: 9179K(9600K)->9179K(9600K) NonClass: 8220K(8448K)->8220K(8448K) Class: 959K(1152K)->959K(1152K)
[2026-07-22T11:25:32.134+0300] GC(39) Pause Young (Allocation Failure) 89M->33M(121M) 6,171ms
[2026-07-22T11:25:32.134+0300] GC(39) User=0,00s Sys=0,00s Real=0,01s
[2026-07-22T11:25:32.282+0300] GC(40) Pause Young (Allocation Failure)
[2026-07-22T11:25:32.322+0300] GC(40) DefNew: 53882K(59008K)->6528K(59008K) Eden: 52480K(52480K)->0K(52480K) From: 1402K(6528K)->6528K(6528K)
[2026-07-22T11:25:32.322+0300] GC(40) Tenured: 32986K(65536K)->39545K(65536K)
[2026-07-22T11:25:32.322+0300] GC(40) Metaspace: 9179K(9600K)->9179K(9600K) NonClass: 8220K(8448K)->8220K(8448K) Class: 959K(1152K)->959K(1152K)
[2026-07-22T11:25:32.322+0300] GC(40) Pause Young (Allocation Failure) 84M->44M(121M) 39,905ms
[2026-07-22T11:25:32.322+0300] GC(40) User=0,04s Sys=0,00s Real=0,04s
[2026-07-22T11:25:32.577+0300] GC(41) Pause Young (Allocation Failure)
[2026-07-22T11:25:32.615+0300] GC(41) DefNew: 59008K(59008K)->6528K(59008K) Eden: 52480K(52480K)->0K(52480K) From: 6528K(6528K)->6528K(6528K)
[2026-07-22T11:25:32.615+0300] GC(41) Tenured: 39545K(65536K)->45499K(65536K)
[2026-07-22T11:25:32.615+0300] GC(41) Metaspace: 9179K(9600K)->9179K(9600K) NonClass: 8220K(8448K)->8220K(8448K) Class: 959K(1152K)->959K(1152K)
[2026-07-22T11:25:32.615+0300] GC(41) Pause Young (Allocation Failure) 96M->50M(121M) 38,663ms
[2026-07-22T11:25:32.616+0300] GC(41) User=0,03s Sys=0,00s Real=0,04s
[2026-07-22T11:25:32.872+0300] GC(42) Pause Young (Allocation Failure)
[2026-07-22T11:25:32.881+0300] GC(42) DefNew: 59008K(59008K)->2294K(59008K) Eden: 52480K(52480K)->0K(52480K) From: 6528K(6528K)->2294K(6528K)
[2026-07-22T11:25:32.881+0300] GC(42) Tenured: 45499K(65536K)->45499K(65536K)
[2026-07-22T11:25:32.882+0300] GC(42) Metaspace: 9189K(9600K)->9189K(9600K) NonClass: 8230K(8448K)->8230K(8448K) Class: 959K(1152K)->959K(1152K)
[2026-07-22T11:25:32.882+0300] GC(42) Pause Young (Allocation Failure) 102M->46M(121M) 9,815ms
[2026-07-22T11:25:32.882+0300] GC(42) User=0,01s Sys=0,00s Real=0,01s
[2026-07-22T11:25:33.030+0300] GC(43) Pause Young (Allocation Failure)
[2026-07-22T11:25:33.067+0300] GC(43) DefNew: 54774K(59008K)->6527K(59008K) Eden: 52480K(52480K)->0K(52480K) From: 2294K(6528K)->6527K(6528K)
[2026-07-22T11:25:33.067+0300] GC(43) Tenured: 45499K(65536K)->50739K(65536K)
[2026-07-22T11:25:33.067+0300] GC(43) Metaspace: 9189K(9600K)->9189K(9600K) NonClass: 8230K(8448K)->8230K(8448K) Class: 959K(1152K)->959K(1152K)
[2026-07-22T11:25:33.067+0300] GC(43) Pause Young (Allocation Failure) 97M->55M(121M) 36,750ms
[2026-07-22T11:25:33.067+0300] GC(43) User=0,04s Sys=0,00s Real=0,04s
[2026-07-22T11:25:33.321+0300] GC(44) Pause Young (Allocation Failure)
[2026-07-22T11:25:33.366+0300] GC(44) DefNew: 59007K(59008K)->6527K(59008K) Eden: 52480K(52480K)->0K(52480K) From: 6527K(6528K)->6527K(6528K)
[2026-07-22T11:25:33.366+0300] GC(44) Tenured: 50739K(65536K)->57590K(65536K)
[2026-07-22T11:25:33.366+0300] GC(44) Metaspace: 9189K(9600K)->9189K(9600K) NonClass: 8230K(8448K)->8230K(8448K) Class: 959K(1152K)->959K(1152K)
[2026-07-22T11:25:33.366+0300] GC(44) Pause Young (Allocation Failure) 107M->62M(121M) 45,540ms
[2026-07-22T11:25:33.366+0300] GC(44) User=0,04s Sys=0,01s Real=0,04s
[2026-07-22T11:25:33.623+0300] GC(45) Pause Young (Allocation Failure)
[2026-07-22T11:25:33.623+0300] GC(45) Pause Young (Allocation Failure) 113M->113M(121M) 0,129ms
[2026-07-22T11:25:33.623+0300] GC(45) User=0,00s Sys=0,00s Real=0,00s
[2026-07-22T11:25:33.623+0300] GC(46) Pause Full (Allocation Failure)
[2026-07-22T11:25:33.623+0300] GC(46) Phase 1: Mark live objects
[2026-07-22T11:25:33.643+0300] GC(46) Phase 1: Mark live objects 19,883ms
[2026-07-22T11:25:33.643+0300] GC(46) Phase 2: Compute new object addresses
[2026-07-22T11:25:33.687+0300] GC(46) Phase 2: Compute new object addresses 44,303ms
[2026-07-22T11:25:33.688+0300] GC(46) Phase 3: Adjust pointers
[2026-07-22T11:25:33.695+0300] GC(46) Phase 3: Adjust pointers 7,176ms
[2026-07-22T11:25:33.695+0300] GC(46) Phase 4: Move objects
[2026-07-22T11:25:33.696+0300] GC(46) Phase 4: Move objects 1,094ms
[2026-07-22T11:25:33.696+0300] GC(46) DefNew: 59007K(59008K)->0K(59008K) Eden: 52480K(52480K)->0K(52480K) From: 6527K(6528K)->0K(6528K)
[2026-07-22T11:25:33.696+0300] GC(46) Tenured: 57590K(65536K)->10083K(65536K)
[2026-07-22T11:25:33.696+0300] GC(46) Metaspace: 9189K(9600K)->9189K(9600K) NonClass: 8230K(8448K)->8230K(8448K) Class: 959K(1152K)->959K(1152K)
[2026-07-22T11:25:33.696+0300] GC(46) Pause Full (Allocation Failure) 113M->9M(121M) 72,976ms
[2026-07-22T11:25:33.696+0300] GC(46) User=0,07s Sys=0,00s Real=0,07s
[2026-07-22T11:25:33.854+0300] GC(47) Pause Young (Allocation Failure)
[2026-07-22T11:25:33.884+0300] GC(47) DefNew: 52480K(59008K)->6528K(59008K) Eden: 52480K(52480K)->0K(52480K) From: 0K(6528K)->6528K(6528K)
[2026-07-22T11:25:33.884+0300] GC(47) Tenured: 10083K(65536K)->15934K(65536K)
[2026-07-22T11:25:33.884+0300] GC(47) Metaspace: 9226K(9600K)->9226K(9600K) NonClass: 8266K(8448K)->8266K(8448K) Class: 959K(1152K)->959K(1152K)
[2026-07-22T11:25:33.884+0300] GC(47) Pause Young (Allocation Failure) 61M->21M(121M) 29,983ms
[2026-07-22T11:25:33.884+0300] GC(47) User=0,03s Sys=0,00s Real=0,03s
[2026-07-22T11:25:34.158+0300] GC(48) Pause Young (Allocation Failure)
[2026-07-22T11:25:34.191+0300] GC(48) DefNew: 59008K(59008K)->6527K(59008K) Eden: 52480K(52480K)->0K(52480K) From: 6528K(6528K)->6527K(6528K)
[2026-07-22T11:25:34.191+0300] GC(48) Tenured: 15934K(65536K)->23955K(65536K)
[2026-07-22T11:25:34.191+0300] GC(48) Metaspace: 9226K(9600K)->9226K(9600K) NonClass: 8266K(8448K)->8266K(8448K) Class: 959K(1152K)->959K(1152K)
[2026-07-22T11:25:34.191+0300] GC(48) Pause Young (Allocation Failure) 73M->29M(121M) 33,405ms
[2026-07-22T11:25:34.191+0300] GC(48) User=0,04s Sys=0,00s Real=0,04s
[2026-07-22T11:25:34.475+0300] GC(49) Pause Young (Allocation Failure)
[2026-07-22T11:25:34.485+0300] GC(49) DefNew: 59007K(59008K)->3805K(59008K) Eden: 52480K(52480K)->0K(52480K) From: 6527K(6528K)->3805K(6528K)
[2026-07-22T11:25:34.485+0300] GC(49) Tenured: 23955K(65536K)->23955K(65536K)
[2026-07-22T11:25:34.485+0300] GC(49) Metaspace: 9226K(9600K)->9226K(9600K) NonClass: 8266K(8448K)->8266K(8448K) Class: 959K(1152K)->959K(1152K)
[2026-07-22T11:25:34.485+0300] GC(49) Pause Young (Allocation Failure) 81M->27M(121M) 10,216ms
[2026-07-22T11:25:34.485+0300] GC(49) User=0,01s Sys=0,00s Real=0,01s
[2026-07-22T11:25:34.655+0300] GC(50) Pause Young (Allocation Failure)
[2026-07-22T11:25:34.679+0300] GC(50) DefNew: 56285K(59008K)->6528K(59008K) Eden: 52480K(52480K)->0K(52480K) From: 3805K(6528K)->6528K(6528K)
[2026-07-22T11:25:34.679+0300] GC(50) Tenured: 23955K(65536K)->27028K(65536K)
[2026-07-22T11:25:34.679+0300] GC(50) Metaspace: 9226K(9600K)->9226K(9600K) NonClass: 8266K(8448K)->8266K(8448K) Class: 959K(1152K)->959K(1152K)
[2026-07-22T11:25:34.679+0300] GC(50) Pause Young (Allocation Failure) 78M->32M(121M) 23,851ms
[2026-07-22T11:25:34.679+0300] GC(50) User=0,03s Sys=0,00s Real=0,02s
[2026-07-22T11:25:34.955+0300] GC(51) Pause Young (Allocation Failure)
[2026-07-22T11:25:34.988+0300] GC(51) DefNew: 59008K(59008K)->6528K(59008K) Eden: 52480K(52480K)->0K(52480K) From: 6528K(6528K)->6528K(6528K)
[2026-07-22T11:25:34.988+0300] GC(51) Tenured: 27028K(65536K)->35189K(65536K)
[2026-07-22T11:25:34.988+0300] GC(51) Metaspace: 9230K(9600K)->9230K(9600K) NonClass: 8271K(8448K)->8271K(8448K) Class: 959K(1152K)->959K(1152K)
[2026-07-22T11:25:34.988+0300] GC(51) Pause Young (Allocation Failure) 84M->40M(121M) 32,730ms
[2026-07-22T11:25:34.988+0300] GC(51) User=0,03s Sys=0,00s Real=0,03s
[2026-07-22T11:25:35.271+0300] GC(52) Pause Young (Allocation Failure)
[2026-07-22T11:25:35.283+0300] GC(52) DefNew: 59008K(59008K)->4675K(59008K) Eden: 52480K(52480K)->0K(52480K) From: 6528K(6528K)->4675K(6528K)
[2026-07-22T11:25:35.283+0300] GC(52) Tenured: 35189K(65536K)->35189K(65536K)
[2026-07-22T11:25:35.283+0300] GC(52) Metaspace: 9230K(9600K)->9230K(9600K) NonClass: 8271K(8448K)->8271K(8448K) Class: 959K(1152K)->959K(1152K)
[2026-07-22T11:25:35.283+0300] GC(52) Pause Young (Allocation Failure) 91M->38M(121M) 12,081ms
[2026-07-22T11:25:35.283+0300] GC(52) User=0,02s Sys=0,00s Real=0,01s
[2026-07-22T11:25:35.458+0300] GC(53) Pause Young (Allocation Failure)
[2026-07-22T11:25:35.483+0300] GC(53) DefNew: 57155K(59008K)->6527K(59008K) Eden: 52480K(52480K)->0K(52480K) From: 4675K(6528K)->6527K(6528K)
[2026-07-22T11:25:35.483+0300] GC(53) Tenured: 35189K(65536K)->36983K(65536K)
[2026-07-22T11:25:35.483+0300] GC(53) Metaspace: 9230K(9600K)->9230K(9600K) NonClass: 8271K(8448K)->8271K(8448K) Class: 959K(1152K)->959K(1152K)
[2026-07-22T11:25:35.483+0300] GC(53) Pause Young (Allocation Failure) 90M->42M(121M) 24,808ms
[2026-07-22T11:25:35.483+0300] GC(53) User=0,03s Sys=0,00s Real=0,03s
[2026-07-22T11:25:35.757+0300] GC(54) Pause Young (Allocation Failure)
[2026-07-22T11:25:35.806+0300] GC(54) DefNew: 59007K(59008K)->6528K(59008K) Eden: 52480K(52480K)->0K(52480K) From: 6527K(6528K)->6528K(6528K)
[2026-07-22T11:25:35.806+0300] GC(54) Tenured: 36983K(65536K)->46147K(65536K)
[2026-07-22T11:25:35.806+0300] GC(54) Metaspace: 9230K(9600K)->9230K(9600K) NonClass: 8271K(8448K)->8271K(8448K) Class: 959K(1152K)->959K(1152K)
[2026-07-22T11:25:35.806+0300] GC(54) Pause Young (Allocation Failure) 93M->51M(121M) 49,669ms
[2026-07-22T11:25:35.806+0300] GC(54) User=0,05s Sys=0,00s Real=0,05s
[2026-07-22T11:25:36.099+0300] GC(55) Pause Young (Allocation Failure)
[2026-07-22T11:25:36.113+0300] GC(55) DefNew: 59008K(59008K)->4962K(59008K) Eden: 52480K(52480K)->0K(52480K) From: 6528K(6528K)->4962K(6528K)
[2026-07-22T11:25:36.113+0300] GC(55) Tenured: 46147K(65536K)->46148K(65536K)
[2026-07-22T11:25:36.113+0300] GC(55) Metaspace: 9284K(9664K)->9284K(9664K) NonClass: 8315K(8512K)->8315K(8512K) Class: 968K(1152K)->968K(1152K)
[2026-07-22T11:25:36.113+0300] GC(55) Pause Young (Allocation Failure) 102M->49M(121M) 14,653ms
[2026-07-22T11:25:36.113+0300] GC(55) User=0,01s Sys=0,00s Real=0,02s
[2026-07-22T11:25:36.292+0300] GC(56) Pause Young (Allocation Failure)
[2026-07-22T11:25:36.313+0300] GC(56) DefNew: 57442K(59008K)->6528K(59008K) Eden: 52480K(52480K)->0K(52480K) From: 4962K(6528K)->6528K(6528K)
[2026-07-22T11:25:36.313+0300] GC(56) Tenured: 46148K(65536K)->47600K(65536K)
[2026-07-22T11:25:36.313+0300] GC(56) Metaspace: 9284K(9664K)->9284K(9664K) NonClass: 8315K(8512K)->8315K(8512K) Class: 968K(1152K)->968K(1152K)
[2026-07-22T11:25:36.313+0300] GC(56) Pause Young (Allocation Failure) 101M->52M(121M) 20,526ms
[2026-07-22T11:25:36.313+0300] GC(56) User=0,02s Sys=0,00s Real=0,02s
[2026-07-22T11:25:36.588+0300] GC(57) Pause Young (Allocation Failure)
[2026-07-22T11:25:36.640+0300] GC(57) DefNew: 59008K(59008K)->6528K(59008K) Eden: 52480K(52480K)->0K(52480K) From: 6528K(6528K)->6528K(6528K)
[2026-07-22T11:25:36.640+0300] GC(57) Tenured: 47600K(65536K)->57014K(65536K)
[2026-07-22T11:25:36.640+0300] GC(57) Metaspace: 9284K(9664K)->9284K(9664K) NonClass: 8315K(8512K)->8315K(8512K) Class: 968K(1152K)->968K(1152K)
[2026-07-22T11:25:36.640+0300] GC(57) Pause Young (Allocation Failure) 104M->62M(121M) 52,276ms
[2026-07-22T11:25:36.640+0300] GC(57) User=0,05s Sys=0,00s Real=0,05s
[2026-07-22T11:25:36.928+0300] GC(58) Pause Young (Allocation Failure)
[2026-07-22T11:25:36.929+0300] GC(58) Pause Young (Allocation Failure) 113M->113M(121M) 0,144ms
[2026-07-22T11:25:36.929+0300] GC(58) User=0,00s Sys=0,00s Real=0,00s
[2026-07-22T11:25:36.929+0300] GC(59) Pause Full (Allocation Failure)
[2026-07-22T11:25:36.929+0300] GC(59) Phase 1: Mark live objects
[2026-07-22T11:25:36.953+0300] GC(59) Phase 1: Mark live objects 24,666ms
[2026-07-22T11:25:36.953+0300] GC(59) Phase 2: Compute new object addresses
[2026-07-22T11:25:37.002+0300] GC(59) Phase 2: Compute new object addresses 48,511ms
[2026-07-22T11:25:37.002+0300] GC(59) Phase 3: Adjust pointers
[2026-07-22T11:25:37.011+0300] GC(59) Phase 3: Adjust pointers 9,146ms
[2026-07-22T11:25:37.011+0300] GC(59) Phase 4: Move objects
[2026-07-22T11:25:37.015+0300] GC(59) Phase 4: Move objects 3,355ms
[2026-07-22T11:25:37.015+0300] GC(59) DefNew: 59008K(59008K)->0K(59008K) Eden: 52480K(52480K)->0K(52480K) From: 6528K(6528K)->0K(6528K)
[2026-07-22T11:25:37.015+0300] GC(59) Tenured: 57014K(65536K)->12502K(65536K)
[2026-07-22T11:25:37.015+0300] GC(59) Metaspace: 9301K(9664K)->9301K(9664K) NonClass: 8332K(8512K)->8332K(8512K) Class: 968K(1152K)->968K(1152K)
[2026-07-22T11:25:37.015+0300] GC(59) Pause Full (Allocation Failure) 113M->12M(121M) 86,155ms
[2026-07-22T11:25:37.015+0300] GC(59) User=0,09s Sys=0,00s Real=0,09s
[2026-07-22T11:25:37.162+0300] GC(60) Pause Young (Allocation Failure)
[2026-07-22T11:25:37.182+0300] GC(60) DefNew: 52480K(59008K)->6528K(59008K) Eden: 52480K(52480K)->0K(52480K) From: 0K(6528K)->6528K(6528K)
[2026-07-22T11:25:37.182+0300] GC(60) Tenured: 12502K(65536K)->14677K(65536K)
[2026-07-22T11:25:37.182+0300] GC(60) Metaspace: 9301K(9664K)->9301K(9664K) NonClass: 8332K(8512K)->8332K(8512K) Class: 968K(1152K)->968K(1152K)
[2026-07-22T11:25:37.182+0300] GC(60) Pause Young (Allocation Failure) 63M->20M(121M) 19,628ms
[2026-07-22T11:25:37.182+0300] GC(60) User=0,02s Sys=0,00s Real=0,02s
[2026-07-22T11:25:37.430+0300] GC(61) Pause Young (Allocation Failure)
[2026-07-22T11:25:37.468+0300] GC(61) DefNew: 59008K(59008K)->6527K(59008K) Eden: 52480K(52480K)->0K(52480K) From: 6528K(6528K)->6527K(6528K)
[2026-07-22T11:25:37.468+0300] GC(61) Tenured: 14677K(65536K)->26500K(65536K)
[2026-07-22T11:25:37.468+0300] GC(61) Metaspace: 9301K(9664K)->9301K(9664K) NonClass: 8332K(8512K)->8332K(8512K) Class: 968K(1152K)->968K(1152K)
[2026-07-22T11:25:37.468+0300] GC(61) Pause Young (Allocation Failure) 71M->32M(121M) 38,425ms
[2026-07-22T11:25:37.468+0300] GC(61) User=0,04s Sys=0,00s Real=0,04s
[2026-07-22T11:25:37.723+0300] GC(62) Pause Young (Allocation Failure)
[2026-07-22T11:25:37.735+0300] GC(62) DefNew: 59007K(59008K)->6528K(59008K) Eden: 52480K(52480K)->0K(52480K) From: 6527K(6528K)->6528K(6528K)
[2026-07-22T11:25:37.735+0300] GC(62) Tenured: 26500K(65536K)->26613K(65536K)
[2026-07-22T11:25:37.735+0300] GC(62) Metaspace: 9301K(9664K)->9301K(9664K) NonClass: 8332K(8512K)->8332K(8512K) Class: 968K(1152K)->968K(1152K)
[2026-07-22T11:25:37.735+0300] GC(62) Pause Young (Allocation Failure) 83M->32M(121M) 12,746ms
[2026-07-22T11:25:37.735+0300] GC(62) User=0,01s Sys=0,00s Real=0,01s
[2026-07-22T11:25:37.887+0300] GC(63) Pause Young (Allocation Failure)
[2026-07-22T11:25:37.905+0300] GC(63) DefNew: 59008K(59008K)->5537K(59008K) Eden: 52480K(52480K)->0K(52480K) From: 6528K(6528K)->5537K(6528K)
[2026-07-22T11:25:37.905+0300] GC(63) Tenured: 26613K(65536K)->26720K(65536K)
[2026-07-22T11:25:37.905+0300] GC(63) Metaspace: 9303K(9664K)->9303K(9664K) NonClass: 8334K(8512K)->8334K(8512K) Class: 968K(1152K)->968K(1152K)
[2026-07-22T11:25:37.905+0300] GC(63) Pause Young (Allocation Failure) 83M->31M(121M) 18,782ms
[2026-07-22T11:25:37.905+0300] GC(63) User=0,02s Sys=0,00s Real=0,02s
[2026-07-22T11:25:38.178+0300] GC(64) Pause Young (Allocation Failure)
[2026-07-22T11:25:38.230+0300] GC(64) DefNew: 58017K(59008K)->6528K(59008K) Eden: 52480K(52480K)->0K(52480K) From: 5537K(6528K)->6528K(6528K)
[2026-07-22T11:25:38.230+0300] GC(64) Tenured: 26720K(65536K)->37696K(65536K)
[2026-07-22T11:25:38.230+0300] GC(64) Metaspace: 9303K(9664K)->9303K(9664K) NonClass: 8334K(8512K)->8334K(8512K) Class: 968K(1152K)->968K(1152K)
[2026-07-22T11:25:38.230+0300] GC(64) Pause Young (Allocation Failure) 82M->43M(121M) 52,051ms
[2026-07-22T11:25:38.230+0300] GC(64) User=0,05s Sys=0,00s Real=0,05s
[2026-07-22T11:25:38.515+0300] GC(65) Pause Young (Allocation Failure)
[2026-07-22T11:25:38.533+0300] GC(65) DefNew: 59008K(59008K)->6527K(59008K) Eden: 52480K(52480K)->0K(52480K) From: 6528K(6528K)->6527K(6528K)
[2026-07-22T11:25:38.533+0300] GC(65) Tenured: 37696K(65536K)->38619K(65536K)
[2026-07-22T11:25:38.533+0300] GC(65) Metaspace: 9303K(9664K)->9303K(9664K) NonClass: 8334K(8512K)->8334K(8512K) Class: 968K(1152K)->968K(1152K)
[2026-07-22T11:25:38.533+0300] GC(65) Pause Young (Allocation Failure) 94M->44M(121M) 17,892ms
[2026-07-22T11:25:38.533+0300] GC(65) User=0,02s Sys=0,00s Real=0,02s
[2026-07-22T11:25:38.709+0300] GC(66) Pause Young (Allocation Failure)
[2026-07-22T11:25:38.720+0300] GC(66) DefNew: 59007K(59008K)->4035K(59008K) Eden: 52480K(52480K)->0K(52480K) From: 6527K(6528K)->4035K(6528K)
[2026-07-22T11:25:38.720+0300] GC(66) Tenured: 38619K(65536K)->38659K(65536K)
[2026-07-22T11:25:38.720+0300] GC(66) Metaspace: 9303K(9664K)->9303K(9664K) NonClass: 8334K(8512K)->8334K(8512K) Class: 968K(1152K)->968K(1152K)
[2026-07-22T11:25:38.720+0300] GC(66) Pause Young (Allocation Failure) 95M->41M(121M) 11,738ms
[2026-07-22T11:25:38.720+0300] GC(66) User=0,01s Sys=0,00s Real=0,01s
[2026-07-22T11:25:38.991+0300] GC(67) Pause Young (Allocation Failure)
[2026-07-22T11:25:39.031+0300] GC(67) DefNew: 56515K(59008K)->6528K(59008K) Eden: 52480K(52480K)->0K(52480K) From: 4035K(6528K)->6528K(6528K)
[2026-07-22T11:25:39.031+0300] GC(67) Tenured: 38659K(65536K)->50485K(65536K)
[2026-07-22T11:25:39.031+0300] GC(67) Metaspace: 9312K(9664K)->9312K(9664K) NonClass: 8344K(8512K)->8344K(8512K) Class: 968K(1152K)->968K(1152K)
[2026-07-22T11:25:39.031+0300] GC(67) Pause Young (Allocation Failure) 92M->55M(121M) 40,540ms
[2026-07-22T11:25:39.031+0300] GC(67) User=0,04s Sys=0,00s Real=0,04s
[2026-07-22T11:25:39.317+0300] GC(68) Pause Young (Allocation Failure)
[2026-07-22T11:25:39.317+0300] GC(68) Pause Young (Allocation Failure) 106M->106M(121M) 0,101ms
[2026-07-22T11:25:39.317+0300] GC(68) User=0,00s Sys=0,00s Real=0,00s
[2026-07-22T11:25:39.317+0300] GC(69) Pause Full (Allocation Failure)
[2026-07-22T11:25:39.317+0300] GC(69) Phase 1: Mark live objects
[2026-07-22T11:25:39.334+0300] GC(69) Phase 1: Mark live objects 16,891ms
[2026-07-22T11:25:39.334+0300] GC(69) Phase 2: Compute new object addresses
[2026-07-22T11:25:39.363+0300] GC(69) Phase 2: Compute new object addresses 29,273ms
[2026-07-22T11:25:39.363+0300] GC(69) Phase 3: Adjust pointers
[2026-07-22T11:25:39.373+0300] GC(69) Phase 3: Adjust pointers 9,632ms
[2026-07-22T11:25:39.373+0300] GC(69) Phase 4: Move objects
[2026-07-22T11:25:39.376+0300] GC(69) Phase 4: Move objects 2,723ms
[2026-07-22T11:25:39.376+0300] GC(69) DefNew: 59008K(59008K)->0K(59008K) Eden: 52480K(52480K)->0K(52480K) From: 6528K(6528K)->0K(6528K)
[2026-07-22T11:25:39.376+0300] GC(69) Tenured: 50485K(65536K)->15309K(65536K)
[2026-07-22T11:25:39.376+0300] GC(69) Metaspace: 9312K(9664K)->9312K(9664K) NonClass: 8344K(8512K)->8344K(8512K) Class: 968K(1152K)->968K(1152K)
[2026-07-22T11:25:39.376+0300] GC(69) Pause Full (Allocation Failure) 106M->14M(121M) 59,019ms
[2026-07-22T11:25:39.376+0300] GC(69) User=0,06s Sys=0,00s Real=0,06s
[2026-07-22T11:25:39.562+0300] GC(70) Pause Young (Allocation Failure)
[2026-07-22T11:25:39.574+0300] GC(70) DefNew: 52480K(59008K)->4765K(59008K) Eden: 52480K(52480K)->0K(52480K) From: 0K(6528K)->4765K(6528K)
[2026-07-22T11:25:39.574+0300] GC(70) Tenured: 15309K(65536K)->15309K(65536K)
[2026-07-22T11:25:39.574+0300] GC(70) Metaspace: 9314K(9664K)->9314K(9664K) NonClass: 8346K(8512K)->8346K(8512K) Class: 968K(1152K)->968K(1152K)
[2026-07-22T11:25:39.574+0300] GC(70) Pause Young (Allocation Failure) 66M->19M(121M) 12,820ms
[2026-07-22T11:25:39.574+0300] GC(70) User=0,02s Sys=0,00s Real=0,01s
[2026-07-22T11:25:39.849+0300] GC(71) Pause Young (Allocation Failure)
[2026-07-22T11:25:39.896+0300] GC(71) DefNew: 57245K(59008K)->6528K(59008K) Eden: 52480K(52480K)->0K(52480K) From: 4765K(6528K)->6528K(6528K)
[2026-07-22T11:25:39.896+0300] GC(71) Tenured: 15309K(65536K)->29087K(65536K)
[2026-07-22T11:25:39.896+0300] GC(71) Metaspace: 9337K(9728K)->9337K(9728K) NonClass: 8364K(8576K)->8364K(8576K) Class: 972K(1152K)->972K(1152K)
[2026-07-22T11:25:39.896+0300] GC(71) Pause Young (Allocation Failure) 70M->34M(121M) 46,175ms
[2026-07-22T11:25:39.896+0300] GC(71) User=0,05s Sys=0,00s Real=0,05s
[2026-07-22T11:25:40.172+0300] GC(72) Pause Young (Allocation Failure)
[2026-07-22T11:25:40.188+0300] GC(72) DefNew: 59008K(59008K)->6528K(59008K) Eden: 52480K(52480K)->0K(52480K) From: 6528K(6528K)->6528K(6528K)
[2026-07-22T11:25:40.188+0300] GC(72) Tenured: 29087K(65536K)->31525K(65536K)
[2026-07-22T11:25:40.188+0300] GC(72) Metaspace: 9337K(9728K)->9337K(9728K) NonClass: 8364K(8576K)->8364K(8576K) Class: 972K(1152K)->972K(1152K)
[2026-07-22T11:25:40.188+0300] GC(72) Pause Young (Allocation Failure) 86M->37M(121M) 15,538ms
[2026-07-22T11:25:40.188+0300] GC(72) User=0,02s Sys=0,00s Real=0,01s
[2026-07-22T11:25:40.368+0300] GC(73) Pause Young (Allocation Failure)
[2026-07-22T11:25:40.373+0300] GC(73) DefNew: 59008K(59008K)->1710K(59008K) Eden: 52480K(52480K)->0K(52480K) From: 6528K(6528K)->1710K(6528K)
[2026-07-22T11:25:40.373+0300] GC(73) Tenured: 31525K(65536K)->31525K(65536K)
[2026-07-22T11:25:40.373+0300] GC(73) Metaspace: 9337K(9728K)->9337K(9728K) NonClass: 8364K(8576K)->8364K(8576K) Class: 972K(1152K)->972K(1152K)
[2026-07-22T11:25:40.373+0300] GC(73) Pause Young (Allocation Failure) 88M->32M(121M) 5,169ms
[2026-07-22T11:25:40.373+0300] GC(73) User=0,00s Sys=0,00s Real=0,01s
[2026-07-22T11:25:40.645+0300] GC(74) Pause Young (Allocation Failure)
[2026-07-22T11:25:40.674+0300] GC(74) DefNew: 54190K(59008K)->6528K(59008K) Eden: 52480K(52480K)->0K(52480K) From: 1710K(6528K)->6528K(6528K)
[2026-07-22T11:25:40.674+0300] GC(74) Tenured: 31525K(65536K)->41843K(65536K)
[2026-07-22T11:25:40.674+0300] GC(74) Metaspace: 9337K(9728K)->9337K(9728K) NonClass: 8364K(8576K)->8364K(8576K) Class: 972K(1152K)->972K(1152K)
[2026-07-22T11:25:40.675+0300] GC(74) Pause Young (Allocation Failure) 83M->47M(121M) 29,220ms
[2026-07-22T11:25:40.675+0300] GC(74) User=0,03s Sys=0,00s Real=0,03s
[2026-07-22T11:25:40.959+0300] GC(75) Pause Young (Allocation Failure)
[2026-07-22T11:25:40.981+0300] GC(75) DefNew: 59008K(59008K)->6528K(59008K) Eden: 52480K(52480K)->0K(52480K) From: 6528K(6528K)->6528K(6528K)
[2026-07-22T11:25:40.981+0300] GC(75) Tenured: 41843K(65536K)->45142K(65536K)
[2026-07-22T11:25:40.981+0300] GC(75) Metaspace: 9337K(9728K)->9337K(9728K) NonClass: 8365K(8576K)->8365K(8576K) Class: 972K(1152K)->972K(1152K)
[2026-07-22T11:25:40.981+0300] GC(75) Pause Young (Allocation Failure) 98M->50M(121M) 22,123ms
[2026-07-22T11:25:40.981+0300] GC(75) User=0,03s Sys=0,00s Real=0,03s
[2026-07-22T11:25:41.162+0300] GC(76) Pause Young (Allocation Failure)
[2026-07-22T11:25:41.167+0300] GC(76) DefNew: 59008K(59008K)->416K(59008K) Eden: 52480K(52480K)->0K(52480K) From: 6528K(6528K)->416K(6528K)
[2026-07-22T11:25:41.167+0300] GC(76) Tenured: 45142K(65536K)->45143K(65536K)
[2026-07-22T11:25:41.167+0300] GC(76) Metaspace: 9337K(9728K)->9337K(9728K) NonClass: 8365K(8576K)->8365K(8576K) Class: 972K(1152K)->972K(1152K)
[2026-07-22T11:25:41.167+0300] GC(76) Pause Young (Allocation Failure) 101M->44M(121M) 4,835ms
[2026-07-22T11:25:41.167+0300] GC(76) User=0,00s Sys=0,00s Real=0,00s
[2026-07-22T11:25:41.439+0300] GC(77) Pause Young (Allocation Failure)
[2026-07-22T11:25:41.467+0300] GC(77) DefNew: 52896K(59008K)->6528K(59008K) Eden: 52480K(52480K)->0K(52480K) From: 416K(6528K)->6528K(6528K)
[2026-07-22T11:25:41.467+0300] GC(77) Tenured: 45143K(65536K)->54166K(65536K)
[2026-07-22T11:25:41.467+0300] GC(77) Metaspace: 9337K(9728K)->9337K(9728K) NonClass: 8365K(8576K)->8365K(8576K) Class: 972K(1152K)->972K(1152K)
[2026-07-22T11:25:41.467+0300] GC(77) Pause Young (Allocation Failure) 95M->59M(121M) 27,995ms
[2026-07-22T11:25:41.467+0300] GC(77) User=0,02s Sys=0,00s Real=0,03s
[2026-07-22T11:25:41.751+0300] GC(78) Pause Young (Allocation Failure)
[2026-07-22T11:25:41.751+0300] GC(78) Pause Young (Allocation Failure) 110M->110M(121M) 0,154ms
[2026-07-22T11:25:41.751+0300] GC(78) User=0,00s Sys=0,00s Real=0,00s
[2026-07-22T11:25:41.751+0300] GC(79) Pause Full (Allocation Failure)
[2026-07-22T11:25:41.751+0300] GC(79) Phase 1: Mark live objects
[2026-07-22T11:25:41.770+0300] GC(79) Phase 1: Mark live objects 19,075ms
[2026-07-22T11:25:41.770+0300] GC(79) Phase 2: Compute new object addresses
[2026-07-22T11:25:41.801+0300] GC(79) Phase 2: Compute new object addresses 30,743ms
[2026-07-22T11:25:41.801+0300] GC(79) Phase 3: Adjust pointers
[2026-07-22T11:25:41.813+0300] GC(79) Phase 3: Adjust pointers 11,608ms
[2026-07-22T11:25:41.813+0300] GC(79) Phase 4: Move objects
[2026-07-22T11:25:41.816+0300] GC(79) Phase 4: Move objects 3,476ms
[2026-07-22T11:25:41.816+0300] GC(79) DefNew: 59008K(59008K)->0K(59008K) Eden: 52480K(52480K)->0K(52480K) From: 6528K(6528K)->0K(6528K)
[2026-07-22T11:25:41.816+0300] GC(79) Tenured: 54166K(65536K)->17990K(65536K)
[2026-07-22T11:25:41.816+0300] GC(79) Metaspace: 9337K(9728K)->9337K(9728K) NonClass: 8365K(8576K)->8365K(8576K) Class: 972K(1152K)->972K(1152K)
[2026-07-22T11:25:41.816+0300] GC(79) Pause Full (Allocation Failure) 110M->17M(121M) 65,474ms
[2026-07-22T11:25:41.816+0300] GC(79) User=0,06s Sys=0,00s Real=0,06s
[2026-07-22T11:25:42.069+0300] GC(80) Pause Young (Allocation Failure)
[2026-07-22T11:25:42.078+0300] GC(80) DefNew: 52480K(59008K)->2421K(59008K) Eden: 52480K(52480K)->0K(52480K) From: 0K(6528K)->2421K(6528K)
[2026-07-22T11:25:42.078+0300] GC(80) Tenured: 17990K(65536K)->17990K(65536K)
[2026-07-22T11:25:42.078+0300] GC(80) Metaspace: 9356K(9792K)->9356K(9792K) NonClass: 8383K(8640K)->8383K(8640K) Class: 972K(1152K)->972K(1152K)
[2026-07-22T11:25:42.078+0300] GC(80) Pause Young (Allocation Failure) 68M->19M(121M) 8,884ms
[2026-07-22T11:25:42.078+0300] GC(80) User=0,00s Sys=0,00s Real=0,01s
[2026-07-22T11:25:42.250+0300] GC(81) Pause Young (Allocation Failure)
[2026-07-22T11:25:42.282+0300] GC(81) DefNew: 54901K(59008K)->6528K(59008K) Eden: 52480K(52480K)->0K(52480K) From: 2421K(6528K)->6528K(6528K)
[2026-07-22T11:25:42.282+0300] GC(81) Tenured: 17990K(65536K)->27603K(65536K)
[2026-07-22T11:25:42.282+0300] GC(81) Metaspace: 9356K(9792K)->9356K(9792K) NonClass: 8383K(8640K)->8383K(8640K) Class: 972K(1152K)->972K(1152K)
[2026-07-22T11:25:42.282+0300] GC(81) Pause Young (Allocation Failure) 71M->33M(121M) 31,382ms
[2026-07-22T11:25:42.282+0300] GC(81) User=0,03s Sys=0,00s Real=0,04s
[2026-07-22T11:25:42.562+0300] GC(82) Pause Young (Allocation Failure)
[2026-07-22T11:25:42.588+0300] GC(82) DefNew: 59008K(59008K)->6528K(59008K) Eden: 52480K(52480K)->0K(52480K) From: 6528K(6528K)->6528K(6528K)
[2026-07-22T11:25:42.589+0300] GC(82) Tenured: 27603K(65536K)->33766K(65536K)
[2026-07-22T11:25:42.589+0300] GC(82) Metaspace: 9356K(9792K)->9356K(9792K) NonClass: 8383K(8640K)->8383K(8640K) Class: 972K(1152K)->972K(1152K)
[2026-07-22T11:25:42.589+0300] GC(82) Pause Young (Allocation Failure) 84M->39M(121M) 27,010ms
[2026-07-22T11:25:42.589+0300] GC(82) User=0,02s Sys=0,00s Real=0,02s
[2026-07-22T11:25:42.872+0300] GC(83) Pause Young (Allocation Failure)
[2026-07-22T11:25:42.879+0300] GC(83) DefNew: 59008K(59008K)->1468K(59008K) Eden: 52480K(52480K)->0K(52480K) From: 6528K(6528K)->1468K(6528K)
[2026-07-22T11:25:42.879+0300] GC(83) Tenured: 33766K(65536K)->33766K(65536K)
[2026-07-22T11:25:42.879+0300] GC(83) Metaspace: 9369K(9792K)->9369K(9792K) NonClass: 8396K(8640K)->8396K(8640K) Class: 972K(1152K)->972K(1152K)
[2026-07-22T11:25:42.879+0300] GC(83) Pause Young (Allocation Failure) 90M->34M(121M) 6,738ms
[2026-07-22T11:25:42.879+0300] GC(83) User=0,01s Sys=0,00s Real=0,00s
[2026-07-22T11:25:43.056+0300] GC(84) Pause Young (Allocation Failure)
[2026-07-22T11:25:43.088+0300] GC(84) DefNew: 53948K(59008K)->6528K(59008K) Eden: 52480K(52480K)->0K(52480K) From: 1468K(6528K)->6528K(6528K)
[2026-07-22T11:25:43.088+0300] GC(84) Tenured: 33766K(65536K)->40227K(65536K)
[2026-07-22T11:25:43.088+0300] GC(84) Metaspace: 9369K(9792K)->9369K(9792K) NonClass: 8396K(8640K)->8396K(8640K) Class: 972K(1152K)->972K(1152K)
[2026-07-22T11:25:43.088+0300] GC(84) Pause Young (Allocation Failure) 85M->45M(121M) 32,663ms
[2026-07-22T11:25:43.088+0300] GC(84) User=0,04s Sys=0,00s Real=0,03s
[2026-07-22T11:25:43.365+0300] GC(85) Pause Young (Allocation Failure)
[2026-07-22T11:25:43.386+0300] GC(85) DefNew: 59008K(59008K)->6528K(59008K) Eden: 52480K(52480K)->0K(52480K) From: 6528K(6528K)->6528K(6528K)
[2026-07-22T11:25:43.386+0300] GC(85) Tenured: 40227K(65536K)->46247K(65536K)
[2026-07-22T11:25:43.386+0300] GC(85) Metaspace: 9370K(9792K)->9370K(9792K) NonClass: 8397K(8640K)->8397K(8640K) Class: 972K(1152K)->972K(1152K)
[2026-07-22T11:25:43.386+0300] GC(85) Pause Young (Allocation Failure) 96M->51M(121M) 21,226ms
[2026-07-22T11:25:43.386+0300] GC(85) User=0,03s Sys=0,00s Real=0,02s
[2026-07-22T11:25:43.667+0300] GC(86) Pause Young (Allocation Failure)
[2026-07-22T11:25:43.674+0300] GC(86) DefNew: 59008K(59008K)->2462K(59008K) Eden: 52480K(52480K)->0K(52480K) From: 6528K(6528K)->2462K(6528K)
[2026-07-22T11:25:43.675+0300] GC(86) Tenured: 46247K(65536K)->46247K(65536K)
[2026-07-22T11:25:43.675+0300] GC(86) Metaspace: 9374K(9856K)->9374K(9856K) NonClass: 8401K(8640K)->8401K(8640K) Class: 973K(1216K)->973K(1216K)
[2026-07-22T11:25:43.675+0300] GC(86) Pause Young (Allocation Failure) 102M->47M(121M) 7,103ms
[2026-07-22T11:25:43.675+0300] GC(86) User=0,01s Sys=0,00s Real=0,01s
[2026-07-22T11:25:43.850+0300] GC(87) Pause Young (Allocation Failure)
[2026-07-22T11:25:43.877+0300] GC(87) DefNew: 54942K(59008K)->6527K(59008K) Eden: 52480K(52480K)->0K(52480K) From: 2462K(6528K)->6527K(6528K)
[2026-07-22T11:25:43.877+0300] GC(87) Tenured: 46247K(65536K)->51421K(65536K)
[2026-07-22T11:25:43.877+0300] GC(87) Metaspace: 9387K(9856K)->9387K(9856K) NonClass: 8414K(8640K)->8414K(8640K) Class: 973K(1216K)->973K(1216K)
[2026-07-22T11:25:43.877+0300] GC(87) Pause Young (Allocation Failure) 98M->56M(121M) 27,369ms
[2026-07-22T11:25:43.877+0300] GC(87) User=0,03s Sys=0,00s Real=0,03s
[2026-07-22T11:25:44.146+0300] GC(88) Pause Young (Allocation Failure)
[2026-07-22T11:25:44.146+0300] GC(88) Pause Young (Allocation Failure) 107M->107M(121M) 0,105ms
[2026-07-22T11:25:44.146+0300] GC(88) User=0,00s Sys=0,00s Real=0,00s
[2026-07-22T11:25:44.146+0300] GC(89) Pause Full (Allocation Failure)
[2026-07-22T11:25:44.146+0300] GC(89) Phase 1: Mark live objects
[2026-07-22T11:25:44.173+0300] GC(89) Phase 1: Mark live objects 26,665ms
[2026-07-22T11:25:44.173+0300] GC(89) Phase 2: Compute new object addresses
[2026-07-22T11:25:44.205+0300] GC(89) Phase 2: Compute new object addresses 31,473ms
[2026-07-22T11:25:44.205+0300] GC(89) Phase 3: Adjust pointers
[2026-07-22T11:25:44.217+0300] GC(89) Phase 3: Adjust pointers 12,483ms
[2026-07-22T11:25:44.217+0300] GC(89) Phase 4: Move objects
[2026-07-22T11:25:44.222+0300] GC(89) Phase 4: Move objects 4,401ms
[2026-07-22T11:25:44.222+0300] GC(89) DefNew: 59007K(59008K)->0K(59008K) Eden: 52480K(52480K)->0K(52480K) From: 6527K(6528K)->0K(6528K)
[2026-07-22T11:25:44.222+0300] GC(89) Tenured: 51421K(65536K)->20676K(65536K)
[2026-07-22T11:25:44.222+0300] GC(89) Metaspace: 9387K(9856K)->9387K(9856K) NonClass: 8414K(8640K)->8414K(8640K) Class: 973K(1216K)->973K(1216K)
[2026-07-22T11:25:44.222+0300] GC(89) Pause Full (Allocation Failure) 107M->20M(121M) 75,631ms
[2026-07-22T11:25:44.222+0300] GC(89) User=0,08s Sys=0,00s Real=0,08s
[2026-07-22T11:25:44.505+0300] GC(90) Pause Young (Allocation Failure)
[2026-07-22T11:25:44.516+0300] GC(90) DefNew: 52480K(59008K)->4871K(59008K) Eden: 52480K(52480K)->0K(52480K) From: 0K(6528K)->4871K(6528K)
[2026-07-22T11:25:44.516+0300] GC(90) Tenured: 20676K(65536K)->20676K(65536K)
[2026-07-22T11:25:44.516+0300] GC(90) Metaspace: 9388K(9856K)->9388K(9856K) NonClass: 8414K(8640K)->8414K(8640K) Class: 973K(1216K)->973K(1216K)
[2026-07-22T11:25:44.516+0300] GC(90) Pause Young (Allocation Failure) 71M->24M(121M) 11,455ms
[2026-07-22T11:25:44.516+0300] GC(90) User=0,01s Sys=0,00s Real=0,01s
[2026-07-22T11:25:44.693+0300] GC(91) Pause Young (Allocation Failure)
[2026-07-22T11:25:44.716+0300] GC(91) DefNew: 57351K(59008K)->6528K(59008K) Eden: 52480K(52480K)->0K(52480K) From: 4871K(6528K)->6528K(6528K)
[2026-07-22T11:25:44.716+0300] GC(91) Tenured: 20676K(65536K)->25953K(65536K)
[2026-07-22T11:25:44.716+0300] GC(91) Metaspace: 9388K(9856K)->9388K(9856K) NonClass: 8414K(8640K)->8414K(8640K) Class: 973K(1216K)->973K(1216K)
[2026-07-22T11:25:44.716+0300] GC(91) Pause Young (Allocation Failure) 76M->31M(121M) 22,647ms
[2026-07-22T11:25:44.716+0300] GC(91) User=0,02s Sys=0,00s Real=0,02s
[2026-07-22T11:25:44.993+0300] GC(92) Pause Young (Allocation Failure)
[2026-07-22T11:25:45.020+0300] GC(92) DefNew: 59008K(59008K)->6527K(59008K) Eden: 52480K(52480K)->0K(52480K) From: 6528K(6528K)->6527K(6528K)
[2026-07-22T11:25:45.020+0300] GC(92) Tenured: 25953K(65536K)->33679K(65536K)
[2026-07-22T11:25:45.020+0300] GC(92) Metaspace: 9399K(9856K)->9399K(9856K) NonClass: 8426K(8640K)->8426K(8640K) Class: 973K(1216K)->973K(1216K)
[2026-07-22T11:25:45.020+0300] GC(92) Pause Young (Allocation Failure) 82M->39M(121M) 26,437ms
[2026-07-22T11:25:45.020+0300] GC(92) User=0,02s Sys=0,00s Real=0,02s
[2026-07-22T11:25:45.304+0300] GC(93) Pause Young (Allocation Failure)
[2026-07-22T11:25:45.312+0300] GC(93) DefNew: 59007K(59008K)->4239K(59008K) Eden: 52480K(52480K)->0K(52480K) From: 6527K(6528K)->4239K(6528K)
[2026-07-22T11:25:45.312+0300] GC(93) Tenured: 33679K(65536K)->33679K(65536K)
[2026-07-22T11:25:45.312+0300] GC(93) Metaspace: 9399K(9856K)->9399K(9856K) NonClass: 8426K(8640K)->8426K(8640K) Class: 973K(1216K)->973K(1216K)
[2026-07-22T11:25:45.312+0300] GC(93) Pause Young (Allocation Failure) 90M->37M(121M) 7,930ms
[2026-07-22T11:25:45.312+0300] GC(93) User=0,01s Sys=0,00s Real=0,01s
[2026-07-22T11:25:45.490+0300] GC(94) Pause Young (Allocation Failure)
[2026-07-22T11:25:45.511+0300] GC(94) DefNew: 56719K(59008K)->6528K(59008K) Eden: 52480K(52480K)->0K(52480K) From: 4239K(6528K)->6528K(6528K)
[2026-07-22T11:25:45.511+0300] GC(94) Tenured: 33679K(65536K)->36126K(65536K)
[2026-07-22T11:25:45.511+0300] GC(94) Metaspace: 9400K(9856K)->9400K(9856K) NonClass: 8426K(8640K)->8426K(8640K) Class: 973K(1216K)->973K(1216K)
[2026-07-22T11:25:45.511+0300] GC(94) Pause Young (Allocation Failure) 88M->41M(121M) 21,657ms
[2026-07-22T11:25:45.511+0300] GC(94) User=0,03s Sys=0,00s Real=0,03s
[2026-07-22T11:25:45.788+0300] GC(95) Pause Young (Allocation Failure)
[2026-07-22T11:25:45.813+0300] GC(95) DefNew: 59008K(59008K)->6527K(59008K) Eden: 52480K(52480K)->0K(52480K) From: 6528K(6528K)->6527K(6528K)
[2026-07-22T11:25:45.813+0300] GC(95) Tenured: 36126K(65536K)->44819K(65536K)
[2026-07-22T11:25:45.813+0300] GC(95) Metaspace: 9400K(9856K)->9400K(9856K) NonClass: 8427K(8640K)->8427K(8640K) Class: 973K(1216K)->973K(1216K)
[2026-07-22T11:25:45.813+0300] GC(95) Pause Young (Allocation Failure) 92M->50M(121M) 24,972ms
[2026-07-22T11:25:45.813+0300] GC(95) User=0,02s Sys=0,00s Real=0,03s
[2026-07-22T11:25:46.103+0300] GC(96) Pause Young (Allocation Failure)
[2026-07-22T11:25:46.112+0300] GC(96) DefNew: 59007K(59008K)->5135K(59008K) Eden: 52480K(52480K)->0K(52480K) From: 6527K(6528K)->5135K(6528K)
[2026-07-22T11:25:46.112+0300] GC(96) Tenured: 44819K(65536K)->44820K(65536K)
[2026-07-22T11:25:46.112+0300] GC(96) Metaspace: 9402K(9856K)->9402K(9856K) NonClass: 8429K(8640K)->8429K(8640K) Class: 973K(1216K)->973K(1216K)
[2026-07-22T11:25:46.113+0300] GC(96) Pause Young (Allocation Failure) 101M->48M(121M) 9,760ms
[2026-07-22T11:25:46.113+0300] GC(96) User=0,01s Sys=0,00s Real=0,01s
[2026-07-22T11:25:46.291+0300] GC(97) Pause Young (Allocation Failure)
[2026-07-22T11:25:46.311+0300] GC(97) DefNew: 57615K(59008K)->6528K(59008K) Eden: 52480K(52480K)->0K(52480K) From: 5135K(6528K)->6528K(6528K)
[2026-07-22T11:25:46.311+0300] GC(97) Tenured: 44820K(65536K)->45964K(65536K)
[2026-07-22T11:25:46.311+0300] GC(97) Metaspace: 9402K(9856K)->9402K(9856K) NonClass: 8429K(8640K)->8429K(8640K) Class: 973K(1216K)->973K(1216K)
[2026-07-22T11:25:46.311+0300] GC(97) Pause Young (Allocation Failure) 100M->51M(121M) 19,719ms
[2026-07-22T11:25:46.311+0300] GC(97) User=0,02s Sys=0,00s Real=0,02s
[2026-07-22T11:25:46.586+0300] GC(98) Pause Young (Allocation Failure)
[2026-07-22T11:25:46.613+0300] GC(98) DefNew: 59008K(59008K)->6527K(59008K) Eden: 52480K(52480K)->0K(52480K) From: 6528K(6528K)->6527K(6528K)
[2026-07-22T11:25:46.613+0300] GC(98) Tenured: 45964K(65536K)->55575K(65536K)
[2026-07-22T11:25:46.613+0300] GC(98) Metaspace: 9402K(9856K)->9402K(9856K) NonClass: 8429K(8640K)->8429K(8640K) Class: 973K(1216K)->973K(1216K)
[2026-07-22T11:25:46.613+0300] GC(98) Pause Young (Allocation Failure) 102M->60M(121M) 27,094ms
[2026-07-22T11:25:46.613+0300] GC(98) User=0,03s Sys=0,00s Real=0,03s
[2026-07-22T11:25:46.900+0300] GC(99) Pause Young (Allocation Failure)
[2026-07-22T11:25:46.900+0300] GC(99) Pause Young (Allocation Failure) 111M->111M(121M) 0,132ms
[2026-07-22T11:25:46.900+0300] GC(99) User=0,00s Sys=0,00s Real=0,00s
[2026-07-22T11:25:46.900+0300] GC(100) Pause Full (Allocation Failure)
[2026-07-22T11:25:46.900+0300] GC(100) Phase 1: Mark live objects
[2026-07-22T11:25:46.925+0300] GC(100) Phase 1: Mark live objects 25,573ms
[2026-07-22T11:25:46.925+0300] GC(100) Phase 2: Compute new object addresses
[2026-07-22T11:25:46.959+0300] GC(100) Phase 2: Compute new object addresses 33,719ms
[2026-07-22T11:25:46.959+0300] GC(100) Phase 3: Adjust pointers
[2026-07-22T11:25:46.968+0300] GC(100) Phase 3: Adjust pointers 8,507ms
[2026-07-22T11:25:46.968+0300] GC(100) Phase 4: Move objects
[2026-07-22T11:25:46.970+0300] GC(100) Phase 4: Move objects 1,952ms
[2026-07-22T11:25:46.970+0300] GC(100) DefNew: 59007K(59008K)->0K(59008K) Eden: 52480K(52480K)->0K(52480K) From: 6527K(6528K)->0K(6528K)
[2026-07-22T11:25:46.970+0300] GC(100) Tenured: 55575K(65536K)->13330K(65536K)
[2026-07-22T11:25:46.970+0300] GC(100) Metaspace: 9402K(9856K)->9402K(9856K) NonClass: 8429K(8640K)->8429K(8640K) Class: 973K(1216K)->973K(1216K)
[2026-07-22T11:25:46.970+0300] GC(100) Pause Full (Allocation Failure) 111M->13M(121M) 70,210ms
[2026-07-22T11:25:46.970+0300] GC(100) User=0,07s Sys=0,00s Real=0,07s
[2026-07-22T11:25:47.139+0300] GC(101) Pause Young (Allocation Failure)
[2026-07-22T11:25:47.155+0300] GC(101) DefNew: 52480K(59008K)->6528K(59008K) Eden: 52480K(52480K)->0K(52480K) From: 0K(6528K)->6528K(6528K)
[2026-07-22T11:25:47.155+0300] GC(101) Tenured: 13330K(65536K)->14932K(65536K)
[2026-07-22T11:25:47.155+0300] GC(101) Metaspace: 9407K(9856K)->9407K(9856K) NonClass: 8433K(8640K)->8433K(8640K) Class: 973K(1216K)->973K(1216K)
[2026-07-22T11:25:47.155+0300] GC(101) Pause Young (Allocation Failure) 64M->20M(121M) 16,507ms
[2026-07-22T11:25:47.155+0300] GC(101) User=0,01s Sys=0,00s Real=0,02s
[2026-07-22T11:25:47.433+0300] GC(102) Pause Young (Allocation Failure)
[2026-07-22T11:25:47.472+0300] GC(102) DefNew: 59008K(59008K)->6527K(59008K) Eden: 52480K(52480K)->0K(52480K) From: 6528K(6528K)->6527K(6528K)
[2026-07-22T11:25:47.472+0300] GC(102) Tenured: 14932K(65536K)->27119K(65536K)
[2026-07-22T11:25:47.472+0300] GC(102) Metaspace: 9407K(9856K)->9407K(9856K) NonClass: 8434K(8640K)->8434K(8640K) Class: 973K(1216K)->973K(1216K)
[2026-07-22T11:25:47.472+0300] GC(102) Pause Young (Allocation Failure) 72M->32M(121M) 38,483ms
[2026-07-22T11:25:47.472+0300] GC(102) User=0,04s Sys=0,00s Real=0,04s
[2026-07-22T11:25:47.759+0300] GC(103) Pause Young (Allocation Failure)
[2026-07-22T11:25:47.772+0300] GC(103) DefNew: 59007K(59008K)->6528K(59008K) Eden: 52480K(52480K)->0K(52480K) From: 6527K(6528K)->6528K(6528K)
[2026-07-22T11:25:47.772+0300] GC(103) Tenured: 27119K(65536K)->27601K(65536K)
[2026-07-22T11:25:47.772+0300] GC(103) Metaspace: 9407K(9856K)->9407K(9856K) NonClass: 8434K(8640K)->8434K(8640K) Class: 973K(1216K)->973K(1216K)
[2026-07-22T11:25:47.772+0300] GC(103) Pause Young (Allocation Failure) 84M->33M(121M) 12,961ms
[2026-07-22T11:25:47.772+0300] GC(103) User=0,02s Sys=0,00s Real=0,02s
[2026-07-22T11:25:47.956+0300] GC(104) Pause Young (Allocation Failure)
[2026-07-22T11:25:47.970+0300] GC(104) DefNew: 59008K(59008K)->4975K(59008K) Eden: 52480K(52480K)->0K(52480K) From: 6528K(6528K)->4975K(6528K)
[2026-07-22T11:25:47.970+0300] GC(104) Tenured: 27601K(65536K)->27693K(65536K)
[2026-07-22T11:25:47.970+0300] GC(104) Metaspace: 9427K(9920K)->9427K(9920K) NonClass: 8453K(8704K)->8453K(8704K) Class: 973K(1216K)->973K(1216K)
[2026-07-22T11:25:47.970+0300] GC(104) Pause Young (Allocation Failure) 84M->31M(121M) 14,823ms
[2026-07-22T11:25:47.970+0300] GC(104) User=0,02s Sys=0,00s Real=0,01s
[2026-07-22T11:25:48.245+0300] GC(105) Pause Young (Allocation Failure)
[2026-07-22T11:25:48.289+0300] GC(105) DefNew: 57455K(59008K)->6528K(59008K) Eden: 52480K(52480K)->0K(52480K) From: 4975K(6528K)->6528K(6528K)
[2026-07-22T11:25:48.289+0300] GC(105) Tenured: 27693K(65536K)->39051K(65536K)
[2026-07-22T11:25:48.289+0300] GC(105) Metaspace: 9427K(9920K)->9427K(9920K) NonClass: 8453K(8704K)->8453K(8704K) Class: 973K(1216K)->973K(1216K)
[2026-07-22T11:25:48.289+0300] GC(105) Pause Young (Allocation Failure) 83M->44M(121M) 44,311ms
[2026-07-22T11:25:48.289+0300] GC(105) User=0,04s Sys=0,00s Real=0,04s
[2026-07-22T11:25:48.579+0300] GC(106) Pause Young (Allocation Failure)
[2026-07-22T11:25:48.596+0300] GC(106) DefNew: 59008K(59008K)->6528K(59008K) Eden: 52480K(52480K)->0K(52480K) From: 6528K(6528K)->6528K(6528K)
[2026-07-22T11:25:48.596+0300] GC(106) Tenured: 39051K(65536K)->40357K(65536K)
[2026-07-22T11:25:48.596+0300] GC(106) Metaspace: 9427K(9920K)->9427K(9920K) NonClass: 8453K(8704K)->8453K(8704K) Class: 973K(1216K)->973K(1216K)
[2026-07-22T11:25:48.596+0300] GC(106) Pause Young (Allocation Failure) 95M->45M(121M) 17,023ms
[2026-07-22T11:25:48.597+0300] GC(106) User=0,01s Sys=0,00s Real=0,02s
[2026-07-22T11:25:48.778+0300] GC(107) Pause Young (Allocation Failure)
[2026-07-22T11:25:48.787+0300] GC(107) DefNew: 59008K(59008K)->3450K(59008K) Eden: 52480K(52480K)->0K(52480K) From: 6528K(6528K)->3450K(6528K)
[2026-07-22T11:25:48.787+0300] GC(107) Tenured: 40357K(65536K)->40394K(65536K)
[2026-07-22T11:25:48.787+0300] GC(107) Metaspace: 9427K(9920K)->9427K(9920K) NonClass: 8453K(8704K)->8453K(8704K) Class: 973K(1216K)->973K(1216K)
[2026-07-22T11:25:48.787+0300] GC(107) Pause Young (Allocation Failure) 97M->42M(121M) 9,622ms
[2026-07-22T11:25:48.787+0300] GC(107) User=0,01s Sys=0,00s Real=0,01s
[2026-07-22T11:25:49.061+0300] GC(108) Pause Young (Allocation Failure)
[2026-07-22T11:25:49.106+0300] GC(108) DefNew: 55930K(59008K)->6527K(59008K) Eden: 52480K(52480K)->0K(52480K) From: 3450K(6528K)->6527K(6528K)
[2026-07-22T11:25:49.106+0300] GC(108) Tenured: 40394K(65536K)->52600K(65536K)
[2026-07-22T11:25:49.106+0300] GC(108) Metaspace: 9444K(9920K)->9444K(9920K) NonClass: 8469K(8704K)->8469K(8704K) Class: 974K(1216K)->974K(1216K)
[2026-07-22T11:25:49.106+0300] GC(108) Pause Young (Allocation Failure) 94M->57M(121M) 45,678ms
[2026-07-22T11:25:49.106+0300] GC(108) User=0,04s Sys=0,00s Real=0,04s
[2026-07-22T11:25:49.393+0300] GC(109) Pause Young (Allocation Failure)
[2026-07-22T11:25:49.394+0300] GC(109) Pause Young (Allocation Failure) 108M->108M(121M) 0,167ms
[2026-07-22T11:25:49.394+0300] GC(109) User=0,00s Sys=0,00s Real=0,00s
[2026-07-22T11:25:49.394+0300] GC(110) Pause Full (Allocation Failure)
[2026-07-22T11:25:49.394+0300] GC(110) Phase 1: Mark live objects
[2026-07-22T11:25:49.413+0300] GC(110) Phase 1: Mark live objects 19,190ms
[2026-07-22T11:25:49.413+0300] GC(110) Phase 2: Compute new object addresses
[2026-07-22T11:25:49.443+0300] GC(110) Phase 2: Compute new object addresses 30,109ms
[2026-07-22T11:25:49.443+0300] GC(110) Phase 3: Adjust pointers
[2026-07-22T11:25:49.453+0300] GC(110) Phase 3: Adjust pointers 9,772ms
[2026-07-22T11:25:49.453+0300] GC(110) Phase 4: Move objects
[2026-07-22T11:25:49.456+0300] GC(110) Phase 4: Move objects 2,804ms
[2026-07-22T11:25:49.456+0300] GC(110) DefNew: 59007K(59008K)->0K(59008K) Eden: 52480K(52480K)->0K(52480K) From: 6527K(6528K)->0K(6528K)
[2026-07-22T11:25:49.456+0300] GC(110) Tenured: 52600K(65536K)->16151K(65536K)
[2026-07-22T11:25:49.456+0300] GC(110) Metaspace: 9444K(9920K)->9444K(9920K) NonClass: 8469K(8704K)->8469K(8704K) Class: 974K(1216K)->974K(1216K)
[2026-07-22T11:25:49.456+0300] GC(110) Pause Full (Allocation Failure) 108M->15M(121M) 62,380ms
[2026-07-22T11:25:49.456+0300] GC(110) User=0,07s Sys=0,00s Real=0,06s
[2026-07-22T11:25:49.641+0300] GC(111) Pause Young (Allocation Failure)
[2026-07-22T11:25:49.654+0300] GC(111) DefNew: 52480K(59008K)->4184K(59008K) Eden: 52480K(52480K)->0K(52480K) From: 0K(6528K)->4184K(6528K)
[2026-07-22T11:25:49.654+0300] GC(111) Tenured: 16151K(65536K)->16151K(65536K)
[2026-07-22T11:25:49.654+0300] GC(111) Metaspace: 9444K(9920K)->9444K(9920K) NonClass: 8469K(8704K)->8469K(8704K) Class: 974K(1216K)->974K(1216K)
[2026-07-22T11:25:49.654+0300] GC(111) Pause Young (Allocation Failure) 67M->19M(121M) 12,353ms
[2026-07-22T11:25:49.654+0300] GC(111) User=0,01s Sys=0,00s Real=0,01s
[2026-07-22T11:25:49.932+0300] GC(112) Pause Young (Allocation Failure)
[2026-07-22T11:25:49.973+0300] GC(112) DefNew: 56664K(59008K)->6527K(59008K) Eden: 52480K(52480K)->0K(52480K) From: 4184K(6528K)->6527K(6528K)
[2026-07-22T11:25:49.973+0300] GC(112) Tenured: 16151K(65536K)->29114K(65536K)
[2026-07-22T11:25:49.973+0300] GC(112) Metaspace: 9448K(9920K)->9448K(9920K) NonClass: 8473K(8704K)->8473K(8704K) Class: 974K(1216K)->974K(1216K)
[2026-07-22T11:25:49.973+0300] GC(112) Pause Young (Allocation Failure) 71M->34M(121M) 40,877ms
[2026-07-22T11:25:49.973+0300] GC(112) User=0,04s Sys=0,00s Real=0,04s
[2026-07-22T11:25:50.266+0300] GC(113) Pause Young (Allocation Failure)
[2026-07-22T11:25:50.283+0300] GC(113) DefNew: 59007K(59008K)->6528K(59008K) Eden: 52480K(52480K)->0K(52480K) From: 6527K(6528K)->6528K(6528K)
[2026-07-22T11:25:50.283+0300] GC(113) Tenured: 29114K(65536K)->32101K(65536K)
[2026-07-22T11:25:50.283+0300] GC(113) Metaspace: 9448K(9920K)->9448K(9920K) NonClass: 8473K(8704K)->8473K(8704K) Class: 974K(1216K)->974K(1216K)
[2026-07-22T11:25:50.284+0300] GC(113) Pause Young (Allocation Failure) 86M->37M(121M) 17,323ms
[2026-07-22T11:25:50.284+0300] GC(113) User=0,02s Sys=0,00s Real=0,02s
[2026-07-22T11:25:50.466+0300] GC(114) Pause Young (Allocation Failure)
[2026-07-22T11:25:50.471+0300] GC(114) DefNew: 59008K(59008K)->873K(59008K) Eden: 52480K(52480K)->0K(52480K) From: 6528K(6528K)->873K(6528K)
[2026-07-22T11:25:50.471+0300] GC(114) Tenured: 32101K(65536K)->32101K(65536K)
[2026-07-22T11:25:50.471+0300] GC(114) Metaspace: 9448K(9920K)->9448K(9920K) NonClass: 8473K(8704K)->8473K(8704K) Class: 974K(1216K)->974K(1216K)
[2026-07-22T11:25:50.471+0300] GC(114) Pause Young (Allocation Failure) 88M->32M(121M) 4,609ms
[2026-07-22T11:25:50.471+0300] GC(114) User=0,01s Sys=0,00s Real=0,01s
[2026-07-22T11:25:50.740+0300] GC(115) Pause Young (Allocation Failure)
[2026-07-22T11:25:50.766+0300] GC(115) DefNew: 53353K(59008K)->6528K(59008K) Eden: 52480K(52480K)->0K(52480K) From: 873K(6528K)->6528K(6528K)
[2026-07-22T11:25:50.766+0300] GC(115) Tenured: 32101K(65536K)->41575K(65536K)
[2026-07-22T11:25:50.766+0300] GC(115) Metaspace: 9448K(9920K)->9448K(9920K) NonClass: 8473K(8704K)->8473K(8704K) Class: 974K(1216K)->974K(1216K)
[2026-07-22T11:25:50.766+0300] GC(115) Pause Young (Allocation Failure) 83M->46M(121M) 26,639ms
[2026-07-22T11:25:50.766+0300] GC(115) User=0,02s Sys=0,00s Real=0,03s
[2026-07-22T11:25:51.053+0300] GC(116) Pause Young (Allocation Failure)
[2026-07-22T11:25:51.070+0300] GC(116) DefNew: 59008K(59008K)->6528K(59008K) Eden: 52480K(52480K)->0K(52480K) From: 6528K(6528K)->6528K(6528K)
[2026-07-22T11:25:51.070+0300] GC(116) Tenured: 41575K(65536K)->45461K(65536K)
[2026-07-22T11:25:51.070+0300] GC(116) Metaspace: 9452K(9920K)->9452K(9920K) NonClass: 8477K(8704K)->8477K(8704K) Class: 974K(1216K)->974K(1216K)
[2026-07-22T11:25:51.070+0300] GC(116) Pause Young (Allocation Failure) 98M->50M(121M) 16,760ms
[2026-07-22T11:25:51.070+0300] GC(116) User=0,02s Sys=0,00s Real=0,01s
[2026-07-22T11:25:51.339+0300] GC(117) Pause Young (Allocation Failure)
[2026-07-22T11:25:51.343+0300] GC(117) DefNew: 59008K(59008K)->344K(59008K) Eden: 52480K(52480K)->0K(52480K) From: 6528K(6528K)->344K(6528K)
[2026-07-22T11:25:51.343+0300] GC(117) Tenured: 45461K(65536K)->45461K(65536K)
[2026-07-22T11:25:51.343+0300] GC(117) Metaspace: 9452K(9920K)->9452K(9920K) NonClass: 8477K(8704K)->8477K(8704K) Class: 974K(1216K)->974K(1216K)
[2026-07-22T11:25:51.343+0300] GC(117) Pause Young (Allocation Failure) 102M->44M(121M) 3,669ms
[2026-07-22T11:25:51.343+0300] GC(117) User=0,00s Sys=0,00s Real=0,01s
[2026-07-22T11:25:51.514+0300] GC(118) Pause Young (Allocation Failure)
[2026-07-22T11:25:51.547+0300] GC(118) DefNew: 52824K(59008K)->6527K(59008K) Eden: 52480K(52480K)->0K(52480K) From: 344K(6528K)->6527K(6528K)
[2026-07-22T11:25:51.547+0300] GC(118) Tenured: 45461K(65536K)->53597K(65536K)
[2026-07-22T11:25:51.547+0300] GC(118) Metaspace: 9452K(9920K)->9452K(9920K) NonClass: 8477K(8704K)->8477K(8704K) Class: 974K(1216K)->974K(1216K)
[2026-07-22T11:25:51.547+0300] GC(118) Pause Young (Allocation Failure) 95M->58M(121M) 32,166ms
[2026-07-22T11:25:51.547+0300] GC(118) User=0,03s Sys=0,00s Real=0,03s
[2026-07-22T11:25:51.663+0300] Heap
[2026-07-22T11:25:51.663+0300]  def new generation   total 59008K, used 18086K [0x00000000f8000000, 0x00000000fc000000, 0x00000000fc000000)
[2026-07-22T11:25:51.663+0300]   eden space 52480K,  22% used [0x00000000f8000000, 0x00000000f8b49a40, 0x00000000fb340000)
[2026-07-22T11:25:51.663+0300]   from space 6528K,  99% used [0x00000000fb9a0000, 0x00000000fbfffff8, 0x00000000fc000000)
[2026-07-22T11:25:51.663+0300]   to   space 6528K,   0% used [0x00000000fb340000, 0x00000000fb340000, 0x00000000fb9a0000)
[2026-07-22T11:25:51.663+0300]  tenured generation   total 65536K, used 53597K [0x00000000fc000000, 0x0000000100000000, 0x0000000100000000)
[2026-07-22T11:25:51.663+0300]    the space 65536K,  81% used [0x00000000fc000000, 0x00000000ff457688, 0x00000000ff457800, 0x0000000100000000)
[2026-07-22T11:25:51.663+0300]  Metaspace       used 9452K, committed 9920K, reserved 1114112K
[2026-07-22T11:25:51.663+0300]   class space    used 974K, committed 1216K, reserved 1048576K
