# JMH version: 1.37
# VM version: JDK 21.0.3, OpenJDK 64-Bit Server VM, 21.0.3+10-LTS
# VM invoker: /home/paul/.sdkman/candidates/java/21.0.3-librca/bin/java
# VM options: <none>
# Blackhole mode: compiler (auto-detected, use -Djmh.blackhole.autoDetect=false to disable)
# Warmup: 3 iterations, 2 s each
# Measurement: 5 iterations, 2 s each
# Timeout: 10 min per iteration
# Threads: 1 thread, will synchronize iterations
# Benchmark mode: Throughput, ops/time
# Benchmark: hw09.RegistrationBenchmark.register

# Run progress: 0.00% complete, ETA 00:00:48
# Fork: 1 of 1
# Warmup Iteration   1: 4163.636 ops/s
# Warmup Iteration   2: 5785.835 ops/s
# Warmup Iteration   3: 5783.336 ops/s
Iteration   1: 5720.827 ops/s
Iteration   2: 5865.519 ops/s
Iteration   3: 5931.025 ops/s
Iteration   4: 6008.348 ops/s
Iteration   5: 5992.383 ops/s


Result "hw09.RegistrationBenchmark.register":
  5903.620 ±(99.9%) 449.318 ops/s [Average]
  (min, avg, max) = (5720.827, 5903.620, 6008.348), stdev = 116.686
  CI (99.9%): [5454.303, 6352.938] (assumes normal distribution)


# JMH version: 1.37
# VM version: JDK 21.0.3, OpenJDK 64-Bit Server VM, 21.0.3+10-LTS
# VM invoker: /home/paul/.sdkman/candidates/java/21.0.3-librca/bin/java
# VM options: <none>
# Blackhole mode: compiler (auto-detected, use -Djmh.blackhole.autoDetect=false to disable)
# Warmup: 3 iterations, 2 s each
# Measurement: 5 iterations, 2 s each
# Timeout: 10 min per iteration
# Threads: 1 thread, will synchronize iterations
# Benchmark mode: Average time, time/op
# Benchmark: hw09.RegistrationBenchmark.register

# Run progress: 33.33% complete, ETA 00:00:33
# Fork: 1 of 1
# Warmup Iteration   1: ≈ 10⁻⁴ s/op
# Warmup Iteration   2: ≈ 10⁻⁴ s/op
# Warmup Iteration   3: ≈ 10⁻⁴ s/op
Iteration   1: ≈ 10⁻⁴ s/op
Iteration   2: ≈ 10⁻⁴ s/op
Iteration   3: ≈ 10⁻⁴ s/op
Iteration   4: ≈ 10⁻⁴ s/op
Iteration   5: ≈ 10⁻⁴ s/op


Result "hw09.RegistrationBenchmark.register":
  ≈ 10⁻⁴ s/op


# JMH version: 1.37
# VM version: JDK 21.0.3, OpenJDK 64-Bit Server VM, 21.0.3+10-LTS
# VM invoker: /home/paul/.sdkman/candidates/java/21.0.3-librca/bin/java
# VM options: <none>
# Blackhole mode: compiler (auto-detected, use -Djmh.blackhole.autoDetect=false to disable)
# Warmup: 3 iterations, 2 s each
# Measurement: 5 iterations, 2 s each
# Timeout: 10 min per iteration
# Threads: 1 thread, will synchronize iterations
# Benchmark mode: Sampling time
# Benchmark: hw09.RegistrationBenchmark.register

# Run progress: 66.66% complete, ETA 00:00:16
# Fork: 1 of 1
# Warmup Iteration   1: ≈ 10⁻⁴ s/op
# Warmup Iteration   2: ≈ 10⁻⁴ s/op
# Warmup Iteration   3: ≈ 10⁻⁴ s/op
Iteration   1: ≈ 10⁻⁴ s/op
                 p0.00:   ≈ 10⁻⁴ s/op
                 p0.50:   ≈ 10⁻⁴ s/op
                 p0.90:   ≈ 10⁻⁴ s/op
                 p0.95:   ≈ 10⁻⁴ s/op
                 p0.99:   ≈ 10⁻⁴ s/op
                 p0.999:  ≈ 10⁻⁴ s/op
                 p0.9999: 0.005 s/op
                 p1.00:   0.005 s/op

Iteration   2: ≈ 10⁻⁴ s/op
                 p0.00:   ≈ 10⁻⁴ s/op
                 p0.50:   ≈ 10⁻⁴ s/op
                 p0.90:   ≈ 10⁻⁴ s/op
                 p0.95:   ≈ 10⁻⁴ s/op
                 p0.99:   ≈ 10⁻⁴ s/op
                 p0.999:  ≈ 10⁻⁴ s/op
                 p0.9999: 0.004 s/op
                 p1.00:   0.005 s/op

Iteration   3: ≈ 10⁻⁴ s/op
                 p0.00:   ≈ 10⁻⁴ s/op
                 p0.50:   ≈ 10⁻⁴ s/op
                 p0.90:   ≈ 10⁻⁴ s/op
                 p0.95:   ≈ 10⁻⁴ s/op
                 p0.99:   ≈ 10⁻⁴ s/op
                 p0.999:  ≈ 10⁻³ s/op
                 p0.9999: 0.005 s/op
                 p1.00:   0.006 s/op

Iteration   4: ≈ 10⁻⁴ s/op
                 p0.00:   ≈ 10⁻⁴ s/op
                 p0.50:   ≈ 10⁻⁴ s/op
                 p0.90:   ≈ 10⁻⁴ s/op
                 p0.95:   ≈ 10⁻⁴ s/op
                 p0.99:   ≈ 10⁻⁴ s/op
                 p0.999:  ≈ 10⁻⁴ s/op
                 p0.9999: 0.007 s/op
                 p1.00:   0.007 s/op

Iteration   5: ≈ 10⁻⁴ s/op
                 p0.00:   ≈ 10⁻⁴ s/op
                 p0.50:   ≈ 10⁻⁴ s/op
                 p0.90:   ≈ 10⁻⁴ s/op
                 p0.95:   ≈ 10⁻⁴ s/op
                 p0.99:   ≈ 10⁻⁴ s/op
                 p0.999:  ≈ 10⁻⁴ s/op
                 p0.9999: 0.006 s/op
                 p1.00:   0.007 s/op



Result "hw09.RegistrationBenchmark.register":
  N = 58395
  mean =     ≈ 10⁻⁴ ±(99.9%) 0.001 s/op

  Histogram, s/op:
    [0.000, 0.001) = 58387 
    [0.001, 0.001) = 1 
    [0.001, 0.002) = 0 
    [0.002, 0.002) = 0 
    [0.002, 0.003) = 0 
    [0.003, 0.003) = 0 
    [0.003, 0.004) = 0 
    [0.004, 0.004) = 0 
    [0.004, 0.005) = 1 
    [0.005, 0.005) = 2 
    [0.005, 0.006) = 1 
    [0.006, 0.006) = 0 
    [0.006, 0.007) = 1 
    [0.007, 0.007) = 1 
    [0.007, 0.008) = 1 

  Percentiles, s/op:
      p(0.0000) =     ≈ 10⁻⁴ s/op
     p(50.0000) =     ≈ 10⁻⁴ s/op
     p(90.0000) =     ≈ 10⁻⁴ s/op
     p(95.0000) =     ≈ 10⁻⁴ s/op
     p(99.0000) =     ≈ 10⁻⁴ s/op
     p(99.9000) =     ≈ 10⁻⁴ s/op
     p(99.9900) =      0.005 s/op
     p(99.9990) =      0.007 s/op
     p(99.9999) =      0.007 s/op
    p(100.0000) =      0.007 s/op


# JMH version: 1.37
# VM version: JDK 21.0.3, OpenJDK 64-Bit Server VM, 21.0.3+10-LTS
# VM invoker: /home/paul/.sdkman/candidates/java/21.0.3-librca/bin/java
# VM options: <none>
# Blackhole mode: compiler (auto-detected, use -Djmh.blackhole.autoDetect=false to disable)
# Warmup: 3 iterations, 2 s each
# Measurement: 5 iterations, 2 s each
# Timeout: 10 min per iteration
# Threads: 1 thread
# Benchmark mode: Single shot invocation time
# Benchmark: hw09.RegistrationBenchmark.register

# Run progress: 99.98% complete, ETA 00:00:00
# Fork: 1 of 1
# Warmup Iteration   1: 0.028 s/op
# Warmup Iteration   2: 0.003 s/op
# Warmup Iteration   3: 0.002 s/op
Iteration   1: 0.002 s/op
Iteration   2: 0.002 s/op
Iteration   3: 0.002 s/op
Iteration   4: 0.002 s/op
Iteration   5: 0.001 s/op


Result "hw09.RegistrationBenchmark.register":
  N = 5
  mean =      0.002 ±(99.9%) 0.001 s/op

  Histogram, s/op:
    [0.001, 0.001) = 1 
    [0.001, 0.002) = 0 
    [0.002, 0.002) = 1 
    [0.002, 0.002) = 1 
    [0.002, 0.002) = 1 
    [0.002, 0.002) = 0 
    [0.002, 0.002) = 0 
    [0.002, 0.002) = 0 
    [0.002, 0.002) = 0 
    [0.002, 0.002) = 0 

  Percentiles, s/op:
      p(0.0000) =      0.001 s/op
     p(50.0000) =      0.002 s/op
     p(90.0000) =      0.002 s/op
     p(95.0000) =      0.002 s/op
     p(99.0000) =      0.002 s/op
     p(99.9000) =      0.002 s/op
     p(99.9900) =      0.002 s/op
     p(99.9990) =      0.002 s/op
     p(99.9999) =      0.002 s/op
    p(100.0000) =      0.002 s/op


# Run complete. Total time: 00:00:50

REMEMBER: The numbers below are just data. To gain reusable insights, you need to follow up on
why the numbers are the way they are. Use profilers (see -prof, -lprof), design factorial
experiments, perform baseline and negative tests that provide experimental control, make sure
the benchmarking environment is safe on JVM/OS/HW level, ask for reviews from the domain experts.
Do not assume the numbers tell you what you want them to tell.

NOTE: Current JVM experimentally supports Compiler Blackholes, and they are in use. Please exercise
extra caution when trusting the results, look into the generated code to check the benchmark still
works, and factor in a small probability of new VM bugs. Additionally, while comparisons between
different JVMs are already problematic, the performance difference caused by different Blackhole
modes can be very significant. Please make sure you use the consistent Blackhole mode for comparisons.

Benchmark                                 Mode    Cnt     Score     Error  Units
RegistrationBenchmark.register           thrpt      5  5903.620 ± 449.318  ops/s
RegistrationBenchmark.register            avgt      5    ≈ 10⁻⁴             s/op
RegistrationBenchmark.register          sample  58395    ≈ 10⁻⁴             s/op
RegistrationBenchmark.register:p0.00    sample           ≈ 10⁻⁴             s/op
RegistrationBenchmark.register:p0.50    sample           ≈ 10⁻⁴             s/op
RegistrationBenchmark.register:p0.90    sample           ≈ 10⁻⁴             s/op
RegistrationBenchmark.register:p0.95    sample           ≈ 10⁻⁴             s/op
RegistrationBenchmark.register:p0.99    sample           ≈ 10⁻⁴             s/op
RegistrationBenchmark.register:p0.999   sample           ≈ 10⁻⁴             s/op
RegistrationBenchmark.register:p0.9999  sample            0.005             s/op
RegistrationBenchmark.register:p1.00    sample            0.007             s/op
RegistrationBenchmark.register              ss      5     0.002 ±   0.001   s/op
