# JMH version: 1.37
# VM version: JDK 21.0.3, OpenJDK 64-Bit Server VM, 21.0.3+10-LTS
# VM invoker: /home/paul/.sdkman/candidates/java/21.0.3-librca/bin/java
# VM options: <none>
# Blackhole mode: compiler (auto-detected, use -Djmh.blackhole.autoDetect=false to disable)
# Warmup: 5 iterations, 10 s each
# Measurement: 5 iterations, 10 s each
# Timeout: 10 min per iteration
# Threads: 1 thread, will synchronize iterations
# Benchmark mode: Average time, time/op
# Benchmark: org.openjdk.jmh.samples.JMHSample_08_DeadCode.baseline

# Run progress: 0.00% complete, ETA 00:05:00
# Fork: 1 of 1
# Warmup Iteration   1: 0.543 ns/op
# Warmup Iteration   2: 0.542 ns/op
# Warmup Iteration   3: 0.532 ns/op
# Warmup Iteration   4: 0.529 ns/op
# Warmup Iteration   5: 0.521 ns/op
Iteration   1: 0.530 ns/op
Iteration   2: 0.525 ns/op
Iteration   3: 0.544 ns/op
Iteration   4: 0.527 ns/op
Iteration   5: 0.527 ns/op


Result "org.openjdk.jmh.samples.JMHSample_08_DeadCode.baseline":
  0.531 ±(99.9%) 0.030 ns/op [Average]
  (min, avg, max) = (0.525, 0.531, 0.544), stdev = 0.008
  CI (99.9%): [0.501, 0.560] (assumes normal distribution)


# JMH version: 1.37
# VM version: JDK 21.0.3, OpenJDK 64-Bit Server VM, 21.0.3+10-LTS
# VM invoker: /home/paul/.sdkman/candidates/java/21.0.3-librca/bin/java
# VM options: <none>
# Blackhole mode: compiler (auto-detected, use -Djmh.blackhole.autoDetect=false to disable)
# Warmup: 5 iterations, 10 s each
# Measurement: 5 iterations, 10 s each
# Timeout: 10 min per iteration
# Threads: 1 thread, will synchronize iterations
# Benchmark mode: Average time, time/op
# Benchmark: org.openjdk.jmh.samples.JMHSample_08_DeadCode.measureRight

# Run progress: 33.33% complete, ETA 00:03:20
# Fork: 1 of 1
# Warmup Iteration   1: 18.300 ns/op
# Warmup Iteration   2: 17.970 ns/op
# Warmup Iteration   3: 16.400 ns/op
# Warmup Iteration   4: 16.559 ns/op
# Warmup Iteration   5: 16.542 ns/op
Iteration   1: 16.559 ns/op
Iteration   2: 16.893 ns/op
Iteration   3: 16.619 ns/op
Iteration   4: 16.840 ns/op
Iteration   5: 16.777 ns/op


Result "org.openjdk.jmh.samples.JMHSample_08_DeadCode.measureRight":
  16.738 ±(99.9%) 0.552 ns/op [Average]
  (min, avg, max) = (16.559, 16.738, 16.893), stdev = 0.143
  CI (99.9%): [16.185, 17.290] (assumes normal distribution)


# JMH version: 1.37
# VM version: JDK 21.0.3, OpenJDK 64-Bit Server VM, 21.0.3+10-LTS
# VM invoker: /home/paul/.sdkman/candidates/java/21.0.3-librca/bin/java
# VM options: <none>
# Blackhole mode: compiler (auto-detected, use -Djmh.blackhole.autoDetect=false to disable)
# Warmup: 5 iterations, 10 s each
# Measurement: 5 iterations, 10 s each
# Timeout: 10 min per iteration
# Threads: 1 thread, will synchronize iterations
# Benchmark mode: Average time, time/op
# Benchmark: org.openjdk.jmh.samples.JMHSample_08_DeadCode.measureWrong

# Run progress: 66.67% complete, ETA 00:01:40
# Fork: 1 of 1
# Warmup Iteration   1: 0.545 ns/op
# Warmup Iteration   2: 0.543 ns/op
# Warmup Iteration   3: 0.559 ns/op
# Warmup Iteration   4: 0.570 ns/op
# Warmup Iteration   5: 0.583 ns/op
Iteration   1: 0.579 ns/op
Iteration   2: 0.579 ns/op
Iteration   3: 0.578 ns/op
Iteration   4: 0.554 ns/op
Iteration   5: 0.570 ns/op


Result "org.openjdk.jmh.samples.JMHSample_08_DeadCode.measureWrong":
  0.572 ±(99.9%) 0.041 ns/op [Average]
  (min, avg, max) = (0.554, 0.572, 0.579), stdev = 0.011
  CI (99.9%): [0.531, 0.613] (assumes normal distribution)


# Run complete. Total time: 00:05:01

REMEMBER: The numbers below are just data. To gain reusable insights, you need to follow up on
why the numbers are the way they are. Use profilers (see -prof, -lprof), design factorial
experiments, perform baseline and negative tests that provide experimental control, make sure
the benchmarking environment is safe on JVM/OS/HW level, ask for reviews from the domain experts.
Do not assume the numbers tell you what you want them to tell.

NOTE: Current JVM experimentally supports Compiler Blackholes, and they are in use. Please exercise
extra caution when trusting the results, look into the generated code to check the benchmark still
works, and factor in a small probability of new VM bugs. Additionally, while comparisons between
different JVMs are already problematic, the performance difference caused by different Blackhole
modes can be very significant. Please make sure you use the consistent Blackhole mode for comparisons.

Benchmark                           Mode  Cnt   Score   Error  Units
JMHSample_08_DeadCode.baseline      avgt    5   0.531 ± 0.030  ns/op
JMHSample_08_DeadCode.measureRight  avgt    5  16.738 ± 0.552  ns/op
JMHSample_08_DeadCode.measureWrong  avgt    5   0.572 ± 0.041  ns/op
