# JMH version: 1.37
# VM version: JDK 21.0.3, OpenJDK 64-Bit Server VM, 21.0.3+10-LTS
# VM invoker: /home/paul/.sdkman/candidates/java/21.0.3-librca/bin/java
# VM options: <none>
# Blackhole mode: compiler (auto-detected, use -Djmh.blackhole.autoDetect=false to disable)
# Warmup: 5 iterations, 10 s each
# Measurement: 5 iterations, 10 s each
# Timeout: 10 min per iteration
# Threads: 1 thread, will synchronize iterations
# Benchmark mode: Throughput, ops/time
# Benchmark: org.openjdk.jmh.samples.JMHSample_01_HelloWorld.wellHelloThere

# Run progress: 0.00% complete, ETA 00:01:40
# Fork: 1 of 1
# Warmup Iteration   1: 1836733643.934 ops/s
# Warmup Iteration   2: 1904460468.267 ops/s
# Warmup Iteration   3: 1922845109.196 ops/s
# Warmup Iteration   4: 1958265223.532 ops/s
# Warmup Iteration   5: 1899698326.500 ops/s
Iteration   1: 1912936667.786 ops/s
Iteration   2: 1915750034.570 ops/s
Iteration   3: 1874136861.573 ops/s
Iteration   4: 1883182499.965 ops/s
Iteration   5: 1902151922.451 ops/s


Result "org.openjdk.jmh.samples.JMHSample_01_HelloWorld.wellHelloThere":
  1897631597.269 ±(99.9%) 70576518.390 ops/s [Average]
  (min, avg, max) = (1874136861.573, 1897631597.269, 1915750034.570), stdev = 18328497.701
  CI (99.9%): [1827055078.879, 1968208115.659] (assumes normal distribution)


# Run complete. Total time: 00:01:40

REMEMBER: The numbers below are just data. To gain reusable insights, you need to follow up on
why the numbers are the way they are. Use profilers (see -prof, -lprof), design factorial
experiments, perform baseline and negative tests that provide experimental control, make sure
the benchmarking environment is safe on JVM/OS/HW level, ask for reviews from the domain experts.
Do not assume the numbers tell you what you want them to tell.

NOTE: Current JVM experimentally supports Compiler Blackholes, and they are in use. Please exercise
extra caution when trusting the results, look into the generated code to check the benchmark still
works, and factor in a small probability of new VM bugs. Additionally, while comparisons between
different JVMs are already problematic, the performance difference caused by different Blackhole
modes can be very significant. Please make sure you use the consistent Blackhole mode for comparisons.

Benchmark                                Mode  Cnt           Score          Error  Units
JMHSample_01_HelloWorld.wellHelloThere  thrpt    5  1897631597.269 ± 70576518.390  ops/s
