[0.006s][info][gc,init] CardTable entry size: 512
[0.006s][info][gc     ] Using G1
[0.010s][info][gc,init] Version: 21.0.3+10-LTS (release)
[0.010s][info][gc,init] CPUs: 24 total, 24 available
[0.010s][info][gc,init] Memory: 31993M
[0.010s][info][gc,init] Large Page Support: Disabled
[0.010s][info][gc,init] NUMA Support: Disabled
[0.010s][info][gc,init] Compressed Oops: Enabled (32-bit)
[0.010s][info][gc,init] Heap Region Size: 1M
[0.010s][info][gc,init] Heap Min Capacity: 50M
[0.010s][info][gc,init] Heap Initial Capacity: 50M
[0.010s][info][gc,init] Heap Max Capacity: 50M
[0.010s][info][gc,init] Pre-touch: Disabled
[0.010s][info][gc,init] Parallel Workers: 18
[0.010s][info][gc,init] Concurrent Workers: 5
[0.010s][info][gc,init] Concurrent Refinement Workers: 18
[0.010s][info][gc,init] Periodic GC: Disabled
[0.022s][info][gc,metaspace] CDS archive(s) mapped at: [0x0000760437000000-0x0000760437caa000-0x0000760437caa000), size 13279232, SharedBaseAddress: 0x0000760437000000, ArchiveRelocationMode: 1.
[0.022s][info][gc,metaspace] Compressed class space mapped at: 0x0000760438000000-0x0000760478000000, reserved size: 1073741824
[0.022s][info][gc,metaspace] Narrow klass base: 0x0000760437000000, Narrow klass shift: 0, Narrow klass range: 0x100000000
[0,050s][info][gc,start    ] GC(0) Pause Young (Concurrent Start) (G1 Humongous Allocation)
[0,050s][info][gc,task     ] GC(0) Using 2 workers of 18 for evacuation
[0,051s][info][gc,phases   ] GC(0)   Pre Evacuate Collection Set: 0,1ms
[0,051s][info][gc,phases   ] GC(0)   Merge Heap Roots: 0,0ms
[0,051s][info][gc,phases   ] GC(0)   Evacuate Collection Set: 0,5ms
[0,051s][info][gc,phases   ] GC(0)   Post Evacuate Collection Set: 0,1ms
[0,051s][info][gc,phases   ] GC(0)   Other: 0,4ms
[0,051s][info][gc,heap     ] GC(0) Eden regions: 1->0(11)
[0,051s][info][gc,heap     ] GC(0) Survivor regions: 0->1(3)
[0,051s][info][gc,heap     ] GC(0) Old regions: 2->2
[0,051s][info][gc,heap     ] GC(0) Humongous regions: 20->20
[0,051s][info][gc,metaspace] GC(0) Metaspace: 76K(320K)->76K(320K) NonClass: 72K(192K)->72K(192K) Class: 3K(128K)->3K(128K)
[0,051s][info][gc          ] GC(0) Pause Young (Concurrent Start) (G1 Humongous Allocation) 22M->21M(50M) 1,515ms
[0,051s][info][gc,cpu      ] GC(0) User=0,00s Sys=0,01s Real=0,00s
[0,051s][info][gc          ] GC(1) Concurrent Undo Cycle
[0,051s][info][gc,marking  ] GC(1) Concurrent Clear Claimed Marks
[0,051s][info][gc,marking  ] GC(1) Concurrent Clear Claimed Marks 0,017ms
[0,051s][info][gc,marking  ] GC(1) Concurrent Cleanup for Next Mark
[0,051s][info][gc,marking  ] GC(1) Concurrent Cleanup for Next Mark 0,068ms
[0,051s][info][gc          ] GC(1) Concurrent Undo Cycle 0,176ms
[0,052s][info][gc,start    ] GC(2) Pause Young (Concurrent Start) (G1 Humongous Allocation)
[0,052s][info][gc,task     ] GC(2) Using 2 workers of 18 for evacuation
[0,052s][info][gc,phases   ] GC(2)   Pre Evacuate Collection Set: 0,1ms
[0,052s][info][gc,phases   ] GC(2)   Merge Heap Roots: 0,0ms
[0,052s][info][gc,phases   ] GC(2)   Evacuate Collection Set: 0,2ms
[0,052s][info][gc,phases   ] GC(2)   Post Evacuate Collection Set: 0,1ms
[0,052s][info][gc,phases   ] GC(2)   Other: 0,1ms
[0,052s][info][gc,heap     ] GC(2) Eden regions: 0->0(11)
[0,052s][info][gc,heap     ] GC(2) Survivor regions: 1->1(2)
[0,052s][info][gc,heap     ] GC(2) Old regions: 2->2
[0,052s][info][gc,heap     ] GC(2) Humongous regions: 21->21
[0,052s][info][gc,metaspace] GC(2) Metaspace: 76K(320K)->76K(320K) NonClass: 72K(192K)->72K(192K) Class: 3K(128K)->3K(128K)
[0,052s][info][gc          ] GC(2) Pause Young (Concurrent Start) (G1 Humongous Allocation) 22M->22M(50M) 0,568ms
[0,052s][info][gc,cpu      ] GC(2) User=0,00s Sys=0,00s Real=0,00s
[0,052s][info][gc          ] GC(3) Concurrent Mark Cycle
[0,052s][info][gc,marking  ] GC(3) Concurrent Scan Root Regions
[0,053s][info][gc,marking  ] GC(3) Concurrent Scan Root Regions 0,303ms
[0,053s][info][gc,marking  ] GC(3) Concurrent Mark
[0,053s][info][gc,marking  ] GC(3) Concurrent Mark From Roots
[0,053s][info][gc,task     ] GC(3) Using 5 workers of 5 for marking
[0,055s][info][gc,marking  ] GC(3) Concurrent Mark From Roots 2,859ms
[0,055s][info][gc,marking  ] GC(3) Concurrent Preclean
[0,055s][info][gc,marking  ] GC(3) Concurrent Preclean 0,013ms
[0,056s][info][gc,start    ] GC(3) Pause Remark
[0,056s][info][gc          ] GC(3) Pause Remark 30M->30M(50M) 0,216ms
[0,056s][info][gc,cpu      ] GC(3) User=0,00s Sys=0,00s Real=0,00s
[0,056s][info][gc,marking  ] GC(3) Concurrent Mark 3,279ms
[0,056s][info][gc,marking  ] GC(3) Concurrent Rebuild Remembered Sets and Scrub Regions
[0,057s][info][gc,marking  ] GC(3) Concurrent Rebuild Remembered Sets and Scrub Regions 0,727ms
[0,057s][info][gc,start    ] GC(3) Pause Cleanup
[0,057s][info][gc          ] GC(3) Pause Cleanup 33M->33M(50M) 0,066ms
[0,057s][info][gc,cpu      ] GC(3) User=0,00s Sys=0,00s Real=0,00s
[0,057s][info][gc,marking  ] GC(3) Concurrent Clear Claimed Marks
[0,057s][info][gc,marking  ] GC(3) Concurrent Clear Claimed Marks 0,017ms
[0,057s][info][gc,marking  ] GC(3) Concurrent Cleanup for Next Mark
[0,058s][info][gc,marking  ] GC(3) Concurrent Cleanup for Next Mark 0,538ms
[0,058s][info][gc          ] GC(3) Concurrent Mark Cycle 5,364ms
[0,062s][info][gc,start    ] GC(4) Pause Young (Prepare Mixed) (G1 Humongous Allocation)
[0,062s][info][gc,task     ] GC(4) Using 2 workers of 18 for evacuation
[0,062s][info][gc,phases   ] GC(4)   Pre Evacuate Collection Set: 0,1ms
[0,062s][info][gc,phases   ] GC(4)   Merge Heap Roots: 0,0ms
[0,062s][info][gc,phases   ] GC(4)   Evacuate Collection Set: 0,2ms
[0,062s][info][gc,phases   ] GC(4)   Post Evacuate Collection Set: 0,1ms
[0,062s][info][gc,phases   ] GC(4)   Other: 0,0ms
[0,062s][info][gc,heap     ] GC(4) Eden regions: 1->0(0)
[0,062s][info][gc,heap     ] GC(4) Survivor regions: 1->0(0)
[0,062s][info][gc,heap     ] GC(4) Old regions: 2->4
[0,062s][info][gc,heap     ] GC(4) Humongous regions: 46->46
[0,062s][info][gc,metaspace] GC(4) Metaspace: 76K(320K)->76K(320K) NonClass: 72K(192K)->72K(192K) Class: 3K(128K)->3K(128K)
[0,062s][info][gc          ] GC(4) Pause Young (Prepare Mixed) (G1 Humongous Allocation) (Evacuation Failure) 47M->47M(50M) 0,632ms
[0,062s][info][gc,cpu      ] GC(4) User=0,00s Sys=0,01s Real=0,00s
[0,062s][info][gc,ergo     ] Attempting full compaction
[0,062s][info][gc,start    ] GC(5) Pause Full (G1 Compaction Pause)
[0,062s][info][gc,task     ] GC(5) Using 2 workers of 18 for full compaction
[0,062s][info][gc,phases,start] GC(5) Phase 1: Mark live objects
[0,064s][info][gc,phases      ] GC(5) Phase 1: Mark live objects 1,783ms
[0,064s][info][gc,phases,start] GC(5) Phase 2: Prepare compaction
[0,064s][info][gc,phases      ] GC(5) Phase 2: Prepare compaction 0,082ms
[0,064s][info][gc,phases,start] GC(5) Phase 3: Adjust pointers
[0,065s][info][gc,phases      ] GC(5) Phase 3: Adjust pointers 0,695ms
[0,065s][info][gc,phases,start] GC(5) Phase 4: Compact heap
[0,065s][info][gc,phases      ] GC(5) Phase 4: Compact heap 0,078ms
[0,065s][info][gc,phases,start] GC(5) Phase 5: Reset Metadata
[0,065s][info][gc,phases      ] GC(5) Phase 5: Reset Metadata 0,306ms
[0,067s][info][gc,heap        ] GC(5) Eden regions: 0->0(1)
[0,067s][info][gc,heap        ] GC(5) Survivor regions: 0->0(0)
[0,067s][info][gc,heap        ] GC(5) Old regions: 4->3
[0,067s][info][gc,heap        ] GC(5) Humongous regions: 46->46
[0,067s][info][gc,metaspace   ] GC(5) Metaspace: 76K(320K)->76K(320K) NonClass: 72K(192K)->72K(192K) Class: 3K(128K)->3K(128K)
[0,067s][info][gc             ] GC(5) Pause Full (G1 Compaction Pause) 47M->47M(50M) 4,601ms
[0,067s][info][gc,cpu         ] GC(5) User=0,00s Sys=0,00s Real=0,00s
[0,067s][info][gc,start       ] GC(6) Pause Young (Concurrent Start) (G1 Humongous Allocation)
[0,067s][info][gc,task        ] GC(6) Using 2 workers of 18 for evacuation
[0,068s][info][gc,phases      ] GC(6)   Pre Evacuate Collection Set: 0,1ms
[0,068s][info][gc,phases      ] GC(6)   Merge Heap Roots: 0,0ms
[0,068s][info][gc,phases      ] GC(6)   Evacuate Collection Set: 0,1ms
[0,068s][info][gc,phases      ] GC(6)   Post Evacuate Collection Set: 0,1ms
[0,068s][info][gc,phases      ] GC(6)   Other: 0,0ms
[0,068s][info][gc,heap        ] GC(6) Eden regions: 0->0(0)
[0,068s][info][gc,heap        ] GC(6) Survivor regions: 0->0(0)
[0,068s][info][gc,heap        ] GC(6) Old regions: 3->3
[0,068s][info][gc,heap        ] GC(6) Humongous regions: 47->47
[0,068s][info][gc,metaspace   ] GC(6) Metaspace: 76K(320K)->76K(320K) NonClass: 72K(192K)->72K(192K) Class: 3K(128K)->3K(128K)
[0,068s][info][gc             ] GC(6) Pause Young (Concurrent Start) (G1 Humongous Allocation) 48M->48M(50M) 0,453ms
[0,068s][info][gc,cpu         ] GC(6) User=0,00s Sys=0,00s Real=0,00s
[0,068s][info][gc,ergo        ] Attempting full compaction clearing soft references
[0,068s][info][gc,start       ] GC(7) Pause Full (G1 Compaction Pause)
[0,068s][info][gc,task        ] GC(7) Using 2 workers of 18 for full compaction
[0,068s][info][gc             ] GC(8) Concurrent Mark Cycle
[0,068s][info][gc,marking     ] GC(8) Concurrent Scan Root Regions
[0,068s][info][gc,marking     ] GC(8) Concurrent Scan Root Regions 0,017ms
[0,068s][info][gc,phases,start] GC(7) Phase 1: Mark live objects
[0,070s][info][gc,phases      ] GC(7) Phase 1: Mark live objects 1,620ms
[0,070s][info][gc,phases,start] GC(7) Phase 2: Prepare compaction
[0,070s][info][gc,phases      ] GC(7) Phase 2: Prepare compaction 0,085ms
[0,070s][info][gc,phases,start] GC(7) Phase 3: Adjust pointers
[0,071s][info][gc,phases      ] GC(7) Phase 3: Adjust pointers 0,687ms
[0,071s][info][gc,phases,start] GC(7) Phase 4: Compact heap
[0,071s][info][gc,phases      ] GC(7) Phase 4: Compact heap 0,090ms
[0,071s][info][gc,phases,start] GC(7) Phase 5: Reset Metadata
[0,071s][info][gc,phases      ] GC(7) Phase 5: Reset Metadata 0,511ms
[0,072s][info][gc,heap        ] GC(7) Eden regions: 0->0(1)
[0,072s][info][gc,heap        ] GC(7) Survivor regions: 0->0(0)
[0,072s][info][gc,heap        ] GC(7) Old regions: 3->2
[0,072s][info][gc,heap        ] GC(7) Humongous regions: 47->47
[0,072s][info][gc,metaspace   ] GC(7) Metaspace: 76K(320K)->76K(320K) NonClass: 72K(192K)->72K(192K) Class: 3K(128K)->3K(128K)
[0,072s][info][gc             ] GC(7) Pause Full (G1 Compaction Pause) 48M->48M(50M) 3,931ms
[0,072s][info][gc,cpu         ] GC(7) User=0,01s Sys=0,00s Real=0,01s
[0,072s][info][gc,marking     ] GC(8) Concurrent Mark Abort
[0,072s][info][gc             ] GC(8) Concurrent Mark Cycle 4,067ms
[0,072s][info][gc,start       ] GC(9) Pause Young (Concurrent Start) (G1 Humongous Allocation)
[0,072s][info][gc,task        ] GC(9) Using 2 workers of 18 for evacuation
[0,073s][info][gc,phases      ] GC(9)   Pre Evacuate Collection Set: 0,1ms
[0,073s][info][gc,phases      ] GC(9)   Merge Heap Roots: 0,0ms
[0,073s][info][gc,phases      ] GC(9)   Evacuate Collection Set: 0,1ms
[0,073s][info][gc,phases      ] GC(9)   Post Evacuate Collection Set: 0,1ms
[0,073s][info][gc,phases      ] GC(9)   Other: 0,0ms
[0,073s][info][gc,heap        ] GC(9) Eden regions: 0->0(0)
[0,073s][info][gc,heap        ] GC(9) Survivor regions: 0->0(0)
[0,073s][info][gc,heap        ] GC(9) Old regions: 2->2
[0,073s][info][gc,heap        ] GC(9) Humongous regions: 48->48
[0,073s][info][gc,metaspace   ] GC(9) Metaspace: 76K(320K)->76K(320K) NonClass: 72K(192K)->72K(192K) Class: 3K(128K)->3K(128K)
[0,073s][info][gc             ] GC(9) Pause Young (Concurrent Start) (G1 Humongous Allocation) 49M->49M(50M) 0,433ms
[0,073s][info][gc,cpu         ] GC(9) User=0,00s Sys=0,00s Real=0,00s
[0,073s][info][gc,ergo        ] Attempting full compaction clearing soft references
[0,073s][info][gc,start       ] GC(10) Pause Full (G1 Compaction Pause)
[0,073s][info][gc,task        ] GC(10) Using 2 workers of 18 for full compaction
[0,073s][info][gc             ] GC(11) Concurrent Mark Cycle
[0,073s][info][gc,marking     ] GC(11) Concurrent Scan Root Regions
[0,073s][info][gc,marking     ] GC(11) Concurrent Scan Root Regions 0,018ms
[0,073s][info][gc,phases,start] GC(10) Phase 1: Mark live objects
[0,074s][info][gc,phases      ] GC(10) Phase 1: Mark live objects 1,472ms
[0,074s][info][gc,phases,start] GC(10) Phase 2: Prepare compaction
[0,075s][info][gc,phases      ] GC(10) Phase 2: Prepare compaction 0,057ms
[0,075s][info][gc,phases,start] GC(10) Phase 3: Adjust pointers
[0,075s][info][gc,phases      ] GC(10) Phase 3: Adjust pointers 0,789ms
[0,075s][info][gc,phases,start] GC(10) Phase 4: Compact heap
[0,075s][info][gc,phases      ] GC(10) Phase 4: Compact heap 0,050ms
[0,075s][info][gc,phases,start] GC(10) Phase 5: Reset Metadata
[0,076s][info][gc,phases      ] GC(10) Phase 5: Reset Metadata 0,494ms
[0,076s][info][gc,heap        ] GC(10) Eden regions: 0->0(0)
[0,077s][info][gc,heap        ] GC(10) Survivor regions: 0->0(0)
[0,077s][info][gc,heap        ] GC(10) Old regions: 2->2
[0,077s][info][gc,heap        ] GC(10) Humongous regions: 48->48
[0,077s][info][gc,metaspace   ] GC(10) Metaspace: 76K(320K)->76K(320K) NonClass: 72K(192K)->72K(192K) Class: 3K(128K)->3K(128K)
[0,077s][info][gc             ] GC(10) Pause Full (G1 Compaction Pause) 49M->49M(50M) 3,746ms
[0,077s][info][gc,cpu         ] GC(10) User=0,00s Sys=0,00s Real=0,00s
[0,077s][info][gc,marking     ] GC(11) Concurrent Mark Abort
[0,077s][info][gc             ] GC(11) Concurrent Mark Cycle 3,823ms
[0,077s][info][gc,start       ] GC(12) Pause Young (Normal) (G1 Humongous Allocation)
[0,077s][info][gc,task        ] GC(12) Using 2 workers of 18 for evacuation
[0,077s][info][gc,phases      ] GC(12)   Pre Evacuate Collection Set: 0,0ms
[0,077s][info][gc,phases      ] GC(12)   Merge Heap Roots: 0,0ms
[0,077s][info][gc,phases      ] GC(12)   Evacuate Collection Set: 0,0ms
[0,077s][info][gc,phases      ] GC(12)   Post Evacuate Collection Set: 0,1ms
[0,077s][info][gc,phases      ] GC(12)   Other: 0,0ms
[0,077s][info][gc,heap        ] GC(12) Eden regions: 0->0(0)
[0,077s][info][gc,heap        ] GC(12) Survivor regions: 0->0(0)
[0,077s][info][gc,heap        ] GC(12) Old regions: 2->2
[0,077s][info][gc,heap        ] GC(12) Humongous regions: 48->48
[0,077s][info][gc,metaspace   ] GC(12) Metaspace: 76K(320K)->76K(320K) NonClass: 72K(192K)->72K(192K) Class: 3K(128K)->3K(128K)
[0,077s][info][gc             ] GC(12) Pause Young (Normal) (G1 Humongous Allocation) 49M->49M(50M) 0,381ms
[0,077s][info][gc,cpu         ] GC(12) User=0,00s Sys=0,00s Real=0,00s
[0,077s][info][gc,ergo        ] Attempting full compaction
[0,077s][info][gc,start       ] GC(13) Pause Full (G1 Compaction Pause)
[0,077s][info][gc,task        ] GC(13) Using 2 workers of 18 for full compaction
[0,077s][info][gc,phases,start] GC(13) Phase 1: Mark live objects
[0,079s][info][gc,phases      ] GC(13) Phase 1: Mark live objects 1,572ms
[0,079s][info][gc,phases,start] GC(13) Phase 2: Prepare compaction
[0,079s][info][gc,phases      ] GC(13) Phase 2: Prepare compaction 0,054ms
[0,079s][info][gc,phases,start] GC(13) Phase 3: Adjust pointers
[0,080s][info][gc,phases      ] GC(13) Phase 3: Adjust pointers 1,075ms
[0,080s][info][gc,phases,start] GC(13) Phase 4: Compact heap
[0,080s][info][gc,phases      ] GC(13) Phase 4: Compact heap 0,062ms
[0,080s][info][gc,phases,start] GC(13) Phase 5: Reset Metadata
[0,081s][info][gc,phases      ] GC(13) Phase 5: Reset Metadata 0,526ms
[0,081s][info][gc,heap        ] GC(13) Eden regions: 0->0(0)
[0,081s][info][gc,heap        ] GC(13) Survivor regions: 0->0(0)
[0,081s][info][gc,heap        ] GC(13) Old regions: 2->2
[0,081s][info][gc,heap        ] GC(13) Humongous regions: 48->48
[0,081s][info][gc,metaspace   ] GC(13) Metaspace: 76K(320K)->76K(320K) NonClass: 72K(192K)->72K(192K) Class: 3K(128K)->3K(128K)
[0,081s][info][gc             ] GC(13) Pause Full (G1 Compaction Pause) 49M->49M(50M) 4,270ms
[0,081s][info][gc,cpu         ] GC(13) User=0,01s Sys=0,00s Real=0,01s
[0,081s][info][gc,ergo        ] Attempting maximal full compaction clearing soft references
[0,081s][info][gc,start       ] GC(14) Pause Full (G1 Compaction Pause)
[0,081s][info][gc,task        ] GC(14) Using 2 workers of 18 for full compaction
[0,081s][info][gc,phases,start] GC(14) Phase 1: Mark live objects
[0,083s][info][gc,phases      ] GC(14) Phase 1: Mark live objects 1,634ms
[0,083s][info][gc,phases,start] GC(14) Phase 2: Prepare compaction
[0,084s][info][gc,phases      ] GC(14) Phase 2: Prepare compaction 1,172ms
[0,084s][info][gc,phases,start] GC(14) Phase 3: Adjust pointers
[0,086s][info][gc,phases      ] GC(14) Phase 3: Adjust pointers 1,649ms
[0,086s][info][gc,phases,start] GC(14) Phase 4: Compact heap
[0,088s][info][gc,phases      ] GC(14) Phase 4: Compact heap 1,471ms
[0,088s][info][gc,phases,start] GC(14) Phase 5: Reset Metadata
[0,088s][info][gc,phases      ] GC(14) Phase 5: Reset Metadata 0,083ms
[0,088s][info][gc,heap        ] GC(14) Eden regions: 0->0(0)
[0,088s][info][gc,heap        ] GC(14) Survivor regions: 0->0(0)
[0,088s][info][gc,heap        ] GC(14) Old regions: 2->2
[0,088s][info][gc,heap        ] GC(14) Humongous regions: 48->48
[0,088s][info][gc,metaspace   ] GC(14) Metaspace: 76K(320K)->76K(320K) NonClass: 72K(192K)->72K(192K) Class: 3K(128K)->3K(128K)
[0,088s][info][gc             ] GC(14) Pause Full (G1 Compaction Pause) 49M->49M(50M) 7,067ms
[0,088s][info][gc,cpu         ] GC(14) User=0,01s Sys=0,00s Real=0,01s
[0,089s][info][gc,start       ] GC(15) Pause Young (Concurrent Start) (G1 Evacuation Pause)
[0,089s][info][gc,task        ] GC(15) Using 2 workers of 18 for evacuation
[0,089s][info][gc,phases      ] GC(15)   Pre Evacuate Collection Set: 0,1ms
[0,089s][info][gc,phases      ] GC(15)   Merge Heap Roots: 0,0ms
[0,089s][info][gc,phases      ] GC(15)   Evacuate Collection Set: 0,1ms
[0,089s][info][gc,phases      ] GC(15)   Post Evacuate Collection Set: 0,1ms
[0,089s][info][gc,phases      ] GC(15)   Other: 0,1ms
[0,089s][info][gc,heap        ] GC(15) Eden regions: 0->0(0)
[0,089s][info][gc,heap        ] GC(15) Survivor regions: 0->0(0)
[0,089s][info][gc,heap        ] GC(15) Old regions: 2->2
[0,089s][info][gc,heap        ] GC(15) Humongous regions: 48->48
[0,089s][info][gc,metaspace   ] GC(15) Metaspace: 76K(320K)->76K(320K) NonClass: 72K(192K)->72K(192K) Class: 3K(128K)->3K(128K)
[0,089s][info][gc             ] GC(15) Pause Young (Concurrent Start) (G1 Evacuation Pause) 49M->49M(50M) 0,600ms
[0,089s][info][gc,cpu         ] GC(15) User=0,00s Sys=0,00s Real=0,00s
[0,089s][info][gc,ergo        ] Attempting full compaction
[0,089s][info][gc,start       ] GC(17) Pause Full (G1 Compaction Pause)
[0,089s][info][gc             ] GC(16) Concurrent Mark Cycle
[0,089s][info][gc,task        ] GC(17) Using 2 workers of 18 for full compaction
[0,089s][info][gc,marking     ] GC(16) Concurrent Scan Root Regions
[0,089s][info][gc,marking     ] GC(16) Concurrent Scan Root Regions 0,049ms
[0,090s][info][gc,phases,start] GC(17) Phase 1: Mark live objects
[0,091s][info][gc,phases      ] GC(17) Phase 1: Mark live objects 1,608ms
[0,091s][info][gc,phases,start] GC(17) Phase 2: Prepare compaction
[0,091s][info][gc,phases      ] GC(17) Phase 2: Prepare compaction 0,066ms
[0,091s][info][gc,phases,start] GC(17) Phase 3: Adjust pointers
[0,092s][info][gc,phases      ] GC(17) Phase 3: Adjust pointers 1,032ms
[0,092s][info][gc,phases,start] GC(17) Phase 4: Compact heap
[0,092s][info][gc,phases      ] GC(17) Phase 4: Compact heap 0,084ms
[0,092s][info][gc,phases,start] GC(17) Phase 5: Reset Metadata
[0,093s][info][gc,phases      ] GC(17) Phase 5: Reset Metadata 0,572ms
[0,094s][info][gc,heap        ] GC(17) Eden regions: 0->0(0)
[0,094s][info][gc,heap        ] GC(17) Survivor regions: 0->0(0)
[0,094s][info][gc,heap        ] GC(17) Old regions: 2->2
[0,094s][info][gc,heap        ] GC(17) Humongous regions: 48->48
[0,094s][info][gc,metaspace   ] GC(17) Metaspace: 76K(320K)->76K(320K) NonClass: 72K(192K)->72K(192K) Class: 3K(128K)->3K(128K)
[0,094s][info][gc             ] GC(17) Pause Full (G1 Compaction Pause) 49M->49M(50M) 4,541ms
[0,094s][info][gc,cpu         ] GC(17) User=0,00s Sys=0,00s Real=0,00s
[0,094s][info][gc,ergo        ] Attempting maximal full compaction clearing soft references
[0,094s][info][gc,start       ] GC(18) Pause Full (G1 Compaction Pause)
[0,094s][info][gc,task        ] GC(18) Using 2 workers of 18 for full compaction
[0,094s][info][gc,phases,start] GC(18) Phase 1: Mark live objects
[0,096s][info][gc,phases      ] GC(18) Phase 1: Mark live objects 1,681ms
[0,096s][info][gc,phases,start] GC(18) Phase 2: Prepare compaction
[0,096s][info][gc,phases      ] GC(18) Phase 2: Prepare compaction 0,496ms
[0,096s][info][gc,phases,start] GC(18) Phase 3: Adjust pointers
[0,098s][info][gc,phases      ] GC(18) Phase 3: Adjust pointers 1,139ms
[0,098s][info][gc,phases,start] GC(18) Phase 4: Compact heap
[0,098s][info][gc,phases      ] GC(18) Phase 4: Compact heap 0,500ms
[0,098s][info][gc,phases,start] GC(18) Phase 5: Reset Metadata
[0,098s][info][gc,phases      ] GC(18) Phase 5: Reset Metadata 0,065ms
[0,099s][info][gc,heap        ] GC(18) Eden regions: 0->0(0)
[0,099s][info][gc,heap        ] GC(18) Survivor regions: 0->0(0)
[0,099s][info][gc,heap        ] GC(18) Old regions: 2->2
[0,099s][info][gc,heap        ] GC(18) Humongous regions: 48->48
[0,099s][info][gc,metaspace   ] GC(18) Metaspace: 76K(320K)->76K(320K) NonClass: 72K(192K)->72K(192K) Class: 3K(128K)->3K(128K)
[0,099s][info][gc             ] GC(18) Pause Full (G1 Compaction Pause) 49M->49M(50M) 5,200ms
[0,099s][info][gc,cpu         ] GC(18) User=0,01s Sys=0,00s Real=0,01s
[0,099s][info][gc,marking     ] GC(16) Concurrent Mark Abort
[0,099s][info][gc             ] GC(16) Concurrent Mark Cycle 9,952ms
[0,099s][info][gc,start       ] GC(19) Pause Young (Normal) (G1 Evacuation Pause)
[0,099s][info][gc,task        ] GC(19) Using 2 workers of 18 for evacuation
[0,100s][info][gc,phases      ] GC(19)   Pre Evacuate Collection Set: 0,1ms
[0,100s][info][gc,phases      ] GC(19)   Merge Heap Roots: 0,0ms
[0,100s][info][gc,phases      ] GC(19)   Evacuate Collection Set: 0,1ms
[0,100s][info][gc,phases      ] GC(19)   Post Evacuate Collection Set: 0,1ms
[0,100s][info][gc,phases      ] GC(19)   Other: 0,0ms
[0,100s][info][gc,heap        ] GC(19) Eden regions: 0->0(0)
[0,100s][info][gc,heap        ] GC(19) Survivor regions: 0->0(0)
[0,100s][info][gc,heap        ] GC(19) Old regions: 2->2
[0,100s][info][gc,heap        ] GC(19) Humongous regions: 48->48
[0,100s][info][gc,metaspace   ] GC(19) Metaspace: 76K(320K)->76K(320K) NonClass: 72K(192K)->72K(192K) Class: 3K(128K)->3K(128K)
[0,100s][info][gc             ] GC(19) Pause Young (Normal) (G1 Evacuation Pause) 49M->49M(50M) 0,537ms
[0,100s][info][gc,cpu         ] GC(19) User=0,00s Sys=0,00s Real=0,00s
[0,100s][info][gc,ergo        ] Attempting full compaction
[0,100s][info][gc,start       ] GC(20) Pause Full (G1 Compaction Pause)
[0,100s][info][gc,task        ] GC(20) Using 2 workers of 18 for full compaction
[0,100s][info][gc,phases,start] GC(20) Phase 1: Mark live objects
[0,102s][info][gc,phases      ] GC(20) Phase 1: Mark live objects 1,705ms
[0,102s][info][gc,phases,start] GC(20) Phase 2: Prepare compaction
[0,102s][info][gc,phases      ] GC(20) Phase 2: Prepare compaction 0,089ms
[0,102s][info][gc,phases,start] GC(20) Phase 3: Adjust pointers
[0,103s][info][gc,phases      ] GC(20) Phase 3: Adjust pointers 1,061ms
[0,103s][info][gc,phases,start] GC(20) Phase 4: Compact heap
[0,103s][info][gc,phases      ] GC(20) Phase 4: Compact heap 0,082ms
[0,103s][info][gc,phases,start] GC(20) Phase 5: Reset Metadata
[0,103s][info][gc,phases      ] GC(20) Phase 5: Reset Metadata 0,438ms
[0,104s][info][gc,heap        ] GC(20) Eden regions: 0->0(0)
[0,104s][info][gc,heap        ] GC(20) Survivor regions: 0->0(0)
[0,104s][info][gc,heap        ] GC(20) Old regions: 2->2
[0,104s][info][gc,heap        ] GC(20) Humongous regions: 48->48
[0,104s][info][gc,metaspace   ] GC(20) Metaspace: 76K(320K)->76K(320K) NonClass: 72K(192K)->72K(192K) Class: 3K(128K)->3K(128K)
[0,104s][info][gc             ] GC(20) Pause Full (G1 Compaction Pause) 49M->49M(50M) 4,286ms
[0,104s][info][gc,cpu         ] GC(20) User=0,01s Sys=0,00s Real=0,00s
[0,104s][info][gc,ergo        ] Attempting maximal full compaction clearing soft references
[0,104s][info][gc,start       ] GC(21) Pause Full (G1 Compaction Pause)
[0,104s][info][gc,task        ] GC(21) Using 2 workers of 18 for full compaction
[0,104s][info][gc,phases,start] GC(21) Phase 1: Mark live objects
[0,106s][info][gc,phases      ] GC(21) Phase 1: Mark live objects 1,729ms
[0,106s][info][gc,phases,start] GC(21) Phase 2: Prepare compaction
[0,107s][info][gc,phases      ] GC(21) Phase 2: Prepare compaction 0,645ms
[0,107s][info][gc,phases,start] GC(21) Phase 3: Adjust pointers
[0,108s][info][gc,phases      ] GC(21) Phase 3: Adjust pointers 1,092ms
[0,108s][info][gc,phases,start] GC(21) Phase 4: Compact heap
[0,108s][info][gc,phases      ] GC(21) Phase 4: Compact heap 0,596ms
[0,108s][info][gc,phases,start] GC(21) Phase 5: Reset Metadata
[0,109s][info][gc,phases      ] GC(21) Phase 5: Reset Metadata 0,078ms
[0,110s][info][gc,heap        ] GC(21) Eden regions: 0->0(0)
[0,110s][info][gc,heap        ] GC(21) Survivor regions: 0->0(0)
[0,110s][info][gc,heap        ] GC(21) Old regions: 2->2
[0,110s][info][gc,heap        ] GC(21) Humongous regions: 48->48
[0,110s][info][gc,metaspace   ] GC(21) Metaspace: 76K(320K)->76K(320K) NonClass: 72K(192K)->72K(192K) Class: 3K(128K)->3K(128K)
[0,110s][info][gc             ] GC(21) Pause Full (G1 Compaction Pause) 49M->49M(50M) 5,459ms
[0,110s][info][gc,cpu         ] GC(21) User=0,01s Sys=0,00s Real=0,01s
[0,110s][info][gc,start       ] GC(22) Pause Young (Concurrent Start) (G1 Evacuation Pause)
[0,110s][info][gc,task        ] GC(22) Using 2 workers of 18 for evacuation
[0,111s][info][gc,phases      ] GC(22)   Pre Evacuate Collection Set: 0,2ms
[0,111s][info][gc,phases      ] GC(22)   Merge Heap Roots: 0,0ms
[0,111s][info][gc,phases      ] GC(22)   Evacuate Collection Set: 0,1ms
[0,111s][info][gc,phases      ] GC(22)   Post Evacuate Collection Set: 0,1ms
[0,111s][info][gc,phases      ] GC(22)   Other: 0,1ms
[0,111s][info][gc,heap        ] GC(22) Eden regions: 0->0(0)
[0,111s][info][gc,heap        ] GC(22) Survivor regions: 0->0(0)
[0,111s][info][gc,heap        ] GC(22) Old regions: 2->2
[0,111s][info][gc,heap        ] GC(22) Humongous regions: 48->48
[0,111s][info][gc,metaspace   ] GC(22) Metaspace: 76K(320K)->76K(320K) NonClass: 73K(192K)->73K(192K) Class: 3K(128K)->3K(128K)
[0,111s][info][gc             ] GC(22) Pause Young (Concurrent Start) (G1 Evacuation Pause) 49M->49M(50M) 0,800ms
[0,111s][info][gc,cpu         ] GC(22) User=0,00s Sys=0,00s Real=0,00s
[0,111s][info][gc,ergo        ] Attempting full compaction
[0,111s][info][gc,start       ] GC(24) Pause Full (G1 Compaction Pause)
[0,111s][info][gc             ] GC(23) Concurrent Mark Cycle
[0,111s][info][gc,task        ] GC(24) Using 2 workers of 18 for full compaction
[0,111s][info][gc,marking     ] GC(23) Concurrent Scan Root Regions
[0,111s][info][gc,marking     ] GC(23) Concurrent Scan Root Regions 0,083ms
[0,111s][info][gc,phases,start] GC(24) Phase 1: Mark live objects
[0,113s][info][gc,phases      ] GC(24) Phase 1: Mark live objects 1,864ms
[0,113s][info][gc,phases,start] GC(24) Phase 2: Prepare compaction
[0,113s][info][gc,phases      ] GC(24) Phase 2: Prepare compaction 0,089ms
[0,113s][info][gc,phases,start] GC(24) Phase 3: Adjust pointers
[0,114s][info][gc,phases      ] GC(24) Phase 3: Adjust pointers 0,913ms
[0,114s][info][gc,phases,start] GC(24) Phase 4: Compact heap
[0,114s][info][gc,phases      ] GC(24) Phase 4: Compact heap 0,090ms
[0,114s][info][gc,phases,start] GC(24) Phase 5: Reset Metadata
[0,115s][info][gc,phases      ] GC(24) Phase 5: Reset Metadata 0,470ms
[0,116s][info][gc,heap        ] GC(24) Eden regions: 0->0(0)
[0,116s][info][gc,heap        ] GC(24) Survivor regions: 0->0(0)
[0,116s][info][gc,heap        ] GC(24) Old regions: 2->2
[0,116s][info][gc,heap        ] GC(24) Humongous regions: 48->48
[0,116s][info][gc,metaspace   ] GC(24) Metaspace: 76K(320K)->76K(320K) NonClass: 73K(192K)->73K(192K) Class: 3K(128K)->3K(128K)
[0,116s][info][gc             ] GC(24) Pause Full (G1 Compaction Pause) 49M->49M(50M) 4,758ms
[0,116s][info][gc,cpu         ] GC(24) User=0,00s Sys=0,01s Real=0,00s
[0,116s][info][gc,ergo        ] Attempting maximal full compaction clearing soft references
[0,116s][info][gc,start       ] GC(25) Pause Full (G1 Compaction Pause)
[0,116s][info][gc,task        ] GC(25) Using 2 workers of 18 for full compaction
[0,116s][info][gc,phases,start] GC(25) Phase 1: Mark live objects
[0,118s][info][gc,phases      ] GC(25) Phase 1: Mark live objects 1,839ms
[0,118s][info][gc,phases,start] GC(25) Phase 2: Prepare compaction
[0,119s][info][gc,phases      ] GC(25) Phase 2: Prepare compaction 0,594ms
[0,119s][info][gc,phases,start] GC(25) Phase 3: Adjust pointers
[0,120s][info][gc,phases      ] GC(25) Phase 3: Adjust pointers 1,172ms
[0,120s][info][gc,phases,start] GC(25) Phase 4: Compact heap
[0,121s][info][gc,phases      ] GC(25) Phase 4: Compact heap 1,037ms
[0,121s][info][gc,phases,start] GC(25) Phase 5: Reset Metadata
[0,121s][info][gc,phases      ] GC(25) Phase 5: Reset Metadata 0,098ms
[0,122s][info][gc,heap        ] GC(25) Eden regions: 0->0(0)
[0,122s][info][gc,heap        ] GC(25) Survivor regions: 0->0(0)
[0,122s][info][gc,heap        ] GC(25) Old regions: 2->2
[0,122s][info][gc,heap        ] GC(25) Humongous regions: 48->48
[0,122s][info][gc,metaspace   ] GC(25) Metaspace: 76K(320K)->76K(320K) NonClass: 73K(192K)->73K(192K) Class: 3K(128K)->3K(128K)
[0,122s][info][gc             ] GC(25) Pause Full (G1 Compaction Pause) 49M->49M(50M) 6,019ms
[0,122s][info][gc,cpu         ] GC(25) User=0,01s Sys=0,00s Real=0,01s
[0,122s][info][gc,marking     ] GC(23) Concurrent Mark Abort
[0,122s][info][gc             ] GC(23) Concurrent Mark Cycle 11,043ms
[0,122s][info][gc,start       ] GC(26) Pause Young (Normal) (G1 Evacuation Pause)
[0,122s][info][gc,task        ] GC(26) Using 2 workers of 18 for evacuation
[0,122s][info][gc,phases      ] GC(26)   Pre Evacuate Collection Set: 0,1ms
[0,122s][info][gc,phases      ] GC(26)   Merge Heap Roots: 0,0ms
[0,122s][info][gc,phases      ] GC(26)   Evacuate Collection Set: 0,1ms
[0,123s][info][gc,phases      ] GC(26)   Post Evacuate Collection Set: 0,1ms
[0,123s][info][gc,phases      ] GC(26)   Other: 0,1ms
[0,123s][info][gc,heap        ] GC(26) Eden regions: 0->0(0)
[0,123s][info][gc,heap        ] GC(26) Survivor regions: 0->0(0)
[0,123s][info][gc,heap        ] GC(26) Old regions: 2->2
[0,123s][info][gc,heap        ] GC(26) Humongous regions: 48->48
[0,123s][info][gc,metaspace   ] GC(26) Metaspace: 76K(320K)->76K(320K) NonClass: 73K(192K)->73K(192K) Class: 3K(128K)->3K(128K)
[0,123s][info][gc             ] GC(26) Pause Young (Normal) (G1 Evacuation Pause) 49M->49M(50M) 0,601ms
[0,123s][info][gc,cpu         ] GC(26) User=0,00s Sys=0,00s Real=0,00s
[0,123s][info][gc,ergo        ] Attempting full compaction
[0,123s][info][gc,start       ] GC(27) Pause Full (G1 Compaction Pause)
[0,123s][info][gc,task        ] GC(27) Using 2 workers of 18 for full compaction
[0,123s][info][gc,phases,start] GC(27) Phase 1: Mark live objects
[0,125s][info][gc,phases      ] GC(27) Phase 1: Mark live objects 1,856ms
[0,125s][info][gc,phases,start] GC(27) Phase 2: Prepare compaction
[0,125s][info][gc,phases      ] GC(27) Phase 2: Prepare compaction 0,099ms
[0,125s][info][gc,phases,start] GC(27) Phase 3: Adjust pointers
[0,126s][info][gc,phases      ] GC(27) Phase 3: Adjust pointers 0,902ms
[0,126s][info][gc,phases,start] GC(27) Phase 4: Compact heap
[0,126s][info][gc,phases      ] GC(27) Phase 4: Compact heap 0,103ms
[0,126s][info][gc,phases,start] GC(27) Phase 5: Reset Metadata
[0,126s][info][gc,phases      ] GC(27) Phase 5: Reset Metadata 0,620ms
[0,127s][info][gc,heap        ] GC(27) Eden regions: 0->0(0)
[0,127s][info][gc,heap        ] GC(27) Survivor regions: 0->0(0)
[0,128s][info][gc,heap        ] GC(27) Old regions: 2->2
[0,128s][info][gc,heap        ] GC(27) Humongous regions: 48->48
[0,128s][info][gc,metaspace   ] GC(27) Metaspace: 76K(320K)->76K(320K) NonClass: 73K(192K)->73K(192K) Class: 3K(128K)->3K(128K)
[0,128s][info][gc             ] GC(27) Pause Full (G1 Compaction Pause) 49M->49M(50M) 4,890ms
[0,128s][info][gc,cpu         ] GC(27) User=0,01s Sys=0,00s Real=0,00s
[0,128s][info][gc,ergo        ] Attempting maximal full compaction clearing soft references
[0,128s][info][gc,start       ] GC(28) Pause Full (G1 Compaction Pause)
[0,128s][info][gc,task        ] GC(28) Using 2 workers of 18 for full compaction
[0,128s][info][gc,phases,start] GC(28) Phase 1: Mark live objects
[0,130s][info][gc,phases      ] GC(28) Phase 1: Mark live objects 2,071ms
[0,130s][info][gc,phases,start] GC(28) Phase 2: Prepare compaction
[0,131s][info][gc,phases      ] GC(28) Phase 2: Prepare compaction 0,715ms
[0,131s][info][gc,phases,start] GC(28) Phase 3: Adjust pointers
[0,132s][info][gc,phases      ] GC(28) Phase 3: Adjust pointers 1,303ms
[0,132s][info][gc,phases,start] GC(28) Phase 4: Compact heap
[0,133s][info][gc,phases      ] GC(28) Phase 4: Compact heap 0,571ms
[0,133s][info][gc,phases,start] GC(28) Phase 5: Reset Metadata
[0,133s][info][gc,phases      ] GC(28) Phase 5: Reset Metadata 0,097ms
[0,134s][info][gc,heap        ] GC(28) Eden regions: 0->0(0)
[0,134s][info][gc,heap        ] GC(28) Survivor regions: 0->0(0)
[0,134s][info][gc,heap        ] GC(28) Old regions: 2->2
[0,134s][info][gc,heap        ] GC(28) Humongous regions: 48->48
[0,134s][info][gc,metaspace   ] GC(28) Metaspace: 76K(320K)->76K(320K) NonClass: 73K(192K)->73K(192K) Class: 3K(128K)->3K(128K)
[0,134s][info][gc             ] GC(28) Pause Full (G1 Compaction Pause) 49M->49M(50M) 6,167ms
[0,134s][info][gc,cpu         ] GC(28) User=0,00s Sys=0,00s Real=0,01s
