[0.063s][info][gc,init] CardTable entry size: 512
[0.070s][info][gc     ] Using G1
[0.108s][info][gc,init] Version: 21.0.3+10-LTS (release)
[0.109s][info][gc,init] CPUs: 24 total, 24 available
[0.109s][info][gc,init] Memory: 31993M
[0.109s][info][gc,init] Large Page Support: Disabled
[0.109s][info][gc,init] NUMA Support: Disabled
[0.109s][info][gc,init] Compressed Oops: Enabled (32-bit)
[0.109s][info][gc,init] Heap Region Size: 1M
[0.109s][info][gc,init] Heap Min Capacity: 2G
[0.109s][info][gc,init] Heap Initial Capacity: 2G
[0.109s][info][gc,init] Heap Max Capacity: 2G
[0.109s][info][gc,init] Pre-touch: Disabled
[0.109s][info][gc,init] Parallel Workers: 18
[0.109s][info][gc,init] Concurrent Workers: 5
[0.109s][info][gc,init] Concurrent Refinement Workers: 18
[0.109s][info][gc,init] Periodic GC: Disabled
[0.190s][info][gc,metaspace] CDS archive(s) mapped at: [0x0000759c07000000-0x0000759c07caa000-0x0000759c07caa000), size 13279232, SharedBaseAddress: 0x0000759c07000000, ArchiveRelocationMode: 1.
[0.190s][info][gc,metaspace] Compressed class space mapped at: 0x0000759c08000000-0x0000759c48000000, reserved size: 1073741824
[0.190s][info][gc,metaspace] Narrow klass base: 0x0000759c07000000, Narrow klass shift: 0, Narrow klass range: 0x100000000
[0,602s][info][gc,start    ] GC(0) Pause Young (Concurrent Start) (G1 Humongous Allocation)
[0,605s][info][gc,task     ] GC(0) Using 18 workers of 18 for evacuation
[0,606s][info][gc,phases   ] GC(0)   Pre Evacuate Collection Set: 0,5ms
[0,606s][info][gc,phases   ] GC(0)   Merge Heap Roots: 0,2ms
[0,606s][info][gc,phases   ] GC(0)   Evacuate Collection Set: 0,3ms
[0,606s][info][gc,phases   ] GC(0)   Post Evacuate Collection Set: 0,3ms
[0,606s][info][gc,phases   ] GC(0)   Other: 3,1ms
[0,606s][info][gc,heap     ] GC(0) Eden regions: 2->0(101)
[0,606s][info][gc,heap     ] GC(0) Survivor regions: 0->1(13)
[0,606s][info][gc,heap     ] GC(0) Old regions: 2->2
[0,606s][info][gc,heap     ] GC(0) Humongous regions: 920->920
[0,606s][info][gc,metaspace] GC(0) Metaspace: 78K(320K)->78K(320K) NonClass: 74K(192K)->74K(192K) Class: 3K(128K)->3K(128K)
[0,606s][info][gc          ] GC(0) Pause Young (Concurrent Start) (G1 Humongous Allocation) 922M->921M(2048M) 4,522ms
[0,606s][info][gc,cpu      ] GC(0) User=0,01s Sys=0,01s Real=0,01s
[0,606s][info][gc          ] GC(1) Concurrent Mark Cycle
[0,606s][info][gc,marking  ] GC(1) Concurrent Scan Root Regions
[0,611s][info][gc,marking  ] GC(1) Concurrent Scan Root Regions 4,937ms
[0,611s][info][gc,marking  ] GC(1) Concurrent Mark
[0,611s][info][gc,marking  ] GC(1) Concurrent Mark From Roots
[0,612s][info][gc,task     ] GC(1) Using 5 workers of 5 for marking
[0,614s][info][gc,marking  ] GC(1) Concurrent Mark From Roots 2,838ms
[0,614s][info][gc,marking  ] GC(1) Concurrent Preclean
[0,614s][info][gc,marking  ] GC(1) Concurrent Preclean 0,010ms
[0,614s][info][gc,start    ] GC(1) Pause Remark
[0,615s][info][gc          ] GC(1) Pause Remark 942M->942M(2048M) 0,496ms
[0,615s][info][gc,cpu      ] GC(1) User=0,01s Sys=0,00s Real=0,00s
[0,615s][info][gc,marking  ] GC(1) Concurrent Mark 3,540ms
[0,615s][info][gc,marking  ] GC(1) Concurrent Rebuild Remembered Sets and Scrub Regions
[0,616s][info][gc,marking  ] GC(1) Concurrent Rebuild Remembered Sets and Scrub Regions 0,691ms
[0,616s][info][gc,start    ] GC(1) Pause Cleanup
[0,616s][info][gc          ] GC(1) Pause Cleanup 944M->944M(2048M) 0,263ms
[0,616s][info][gc,cpu      ] GC(1) User=0,00s Sys=0,00s Real=0,00s
[0,616s][info][gc,marking  ] GC(1) Concurrent Clear Claimed Marks
[0,616s][info][gc,marking  ] GC(1) Concurrent Clear Claimed Marks 0,014ms
[0,616s][info][gc,marking  ] GC(1) Concurrent Cleanup for Next Mark
[0,621s][info][gc,marking  ] GC(1) Concurrent Cleanup for Next Mark 4,571ms
[0,621s][info][gc          ] GC(1) Concurrent Mark Cycle 14,475ms
[0,987s][info][gc,start    ] GC(2) Pause Young (Prepare Mixed) (G1 Humongous Allocation)
[0,987s][info][gc,task     ] GC(2) Using 18 workers of 18 for evacuation
[0,989s][info][gc,phases   ] GC(2)   Pre Evacuate Collection Set: 0,5ms
[0,989s][info][gc,phases   ] GC(2)   Merge Heap Roots: 0,2ms
[0,989s][info][gc,phases   ] GC(2)   Evacuate Collection Set: 0,2ms
[0,989s][info][gc,phases   ] GC(2)   Post Evacuate Collection Set: 0,4ms
[0,989s][info][gc,phases   ] GC(2)   Other: 0,1ms
[0,989s][info][gc,heap     ] GC(2) Eden regions: 1->0(0)
[0,989s][info][gc,heap     ] GC(2) Survivor regions: 1->0(0)
[0,989s][info][gc,heap     ] GC(2) Old regions: 2->4
[0,989s][info][gc,heap     ] GC(2) Humongous regions: 2044->2044
[0,989s][info][gc,metaspace] GC(2) Metaspace: 78K(320K)->78K(320K) NonClass: 74K(192K)->74K(192K) Class: 3K(128K)->3K(128K)
[0,989s][info][gc          ] GC(2) Pause Young (Prepare Mixed) (G1 Humongous Allocation) (Evacuation Failure) 2046M->2046M(2048M) 1,702ms
[0,989s][info][gc,cpu      ] GC(2) User=0,00s Sys=0,00s Real=0,00s
[0,989s][info][gc,ergo     ] Attempting full compaction
[0,989s][info][gc,start    ] GC(3) Pause Full (G1 Compaction Pause)
[0,989s][info][gc,task     ] GC(3) Using 18 workers of 18 for full compaction
[0,990s][info][gc,phases,start] GC(3) Phase 1: Mark live objects
[0,991s][info][gc,phases      ] GC(3) Phase 1: Mark live objects 1,210ms
[0,991s][info][gc,phases,start] GC(3) Phase 2: Prepare compaction
[0,992s][info][gc,phases      ] GC(3) Phase 2: Prepare compaction 0,382ms
[0,992s][info][gc,phases,start] GC(3) Phase 3: Adjust pointers
[0,992s][info][gc,phases      ] GC(3) Phase 3: Adjust pointers 0,723ms
[0,992s][info][gc,phases,start] GC(3) Phase 4: Compact heap
[0,993s][info][gc,phases      ] GC(3) Phase 4: Compact heap 0,304ms
[0,993s][info][gc,phases,start] GC(3) Phase 5: Reset Metadata
[0,994s][info][gc,phases      ] GC(3) Phase 5: Reset Metadata 0,910ms
[0,997s][info][gc,heap        ] GC(3) Eden regions: 0->0(2)
[0,998s][info][gc,heap        ] GC(3) Survivor regions: 0->0(0)
[0,998s][info][gc,heap        ] GC(3) Old regions: 4->2
[0,998s][info][gc,heap        ] GC(3) Humongous regions: 2044->2044
[0,998s][info][gc,metaspace   ] GC(3) Metaspace: 78K(320K)->78K(320K) NonClass: 74K(192K)->74K(192K) Class: 3K(128K)->3K(128K)
[0,998s][info][gc             ] GC(3) Pause Full (G1 Compaction Pause) 2046M->2045M(2048M) 8,605ms
[0,998s][info][gc,cpu         ] GC(3) User=0,05s Sys=0,03s Real=0,01s
[0,998s][info][gc,start       ] GC(4) Pause Young (Concurrent Start) (G1 Humongous Allocation)
[0,998s][info][gc,task        ] GC(4) Using 18 workers of 18 for evacuation
[0,999s][info][gc,phases      ] GC(4)   Pre Evacuate Collection Set: 0,6ms
[0,999s][info][gc,phases      ] GC(4)   Merge Heap Roots: 0,1ms
[0,999s][info][gc,phases      ] GC(4)   Evacuate Collection Set: 0,2ms
[0,999s][info][gc,phases      ] GC(4)   Post Evacuate Collection Set: 0,2ms
[0,999s][info][gc,phases      ] GC(4)   Other: 0,1ms
[0,999s][info][gc,heap        ] GC(4) Eden regions: 0->0(1)
[0,999s][info][gc,heap        ] GC(4) Survivor regions: 0->0(1)
[0,999s][info][gc,heap        ] GC(4) Old regions: 2->2
[1,000s][info][gc,heap        ] GC(4) Humongous regions: 2045->2045
[1,000s][info][gc,metaspace   ] GC(4) Metaspace: 78K(320K)->78K(320K) NonClass: 74K(192K)->74K(192K) Class: 3K(128K)->3K(128K)
[1,000s][info][gc             ] GC(4) Pause Young (Concurrent Start) (G1 Humongous Allocation) 2046M->2046M(2048M) 1,375ms
[1,000s][info][gc,cpu         ] GC(4) User=0,00s Sys=0,01s Real=0,00s
[1,000s][info][gc             ] GC(5) Concurrent Mark Cycle
[1,000s][info][gc,marking     ] GC(5) Concurrent Scan Root Regions
[1,000s][info][gc,marking     ] GC(5) Concurrent Scan Root Regions 0,017ms
[1,000s][info][gc,marking     ] GC(5) Concurrent Mark
[1,000s][info][gc,marking     ] GC(5) Concurrent Mark From Roots
[1,000s][info][gc,task        ] GC(5) Using 5 workers of 5 for marking
[1,000s][info][gc,start       ] GC(6) Pause Young (Normal) (G1 Humongous Allocation)
[1,000s][info][gc,task        ] GC(6) Using 18 workers of 18 for evacuation
[1,001s][info][gc,phases      ] GC(6)   Pre Evacuate Collection Set: 0,3ms
[1,001s][info][gc,phases      ] GC(6)   Merge Heap Roots: 0,1ms
[1,001s][info][gc,phases      ] GC(6)   Evacuate Collection Set: 0,1ms
[1,001s][info][gc,phases      ] GC(6)   Post Evacuate Collection Set: 0,2ms
[1,001s][info][gc,phases      ] GC(6)   Other: 0,1ms
[1,001s][info][gc,heap        ] GC(6) Eden regions: 0->0(0)
[1,001s][info][gc,heap        ] GC(6) Survivor regions: 0->0(0)
[1,001s][info][gc,heap        ] GC(6) Old regions: 2->2
[1,001s][info][gc,heap        ] GC(6) Humongous regions: 2046->2046
[1,001s][info][gc,metaspace   ] GC(6) Metaspace: 78K(320K)->78K(320K) NonClass: 74K(192K)->74K(192K) Class: 3K(128K)->3K(128K)
[1,001s][info][gc             ] GC(6) Pause Young (Normal) (G1 Humongous Allocation) 2047M->2047M(2048M) 1,038ms
[1,001s][info][gc,cpu         ] GC(6) User=0,01s Sys=0,00s Real=0,00s
[1,001s][info][gc,ergo        ] Attempting full compaction
[1,001s][info][gc,start       ] GC(7) Pause Full (G1 Compaction Pause)
[1,001s][info][gc,task        ] GC(7) Using 18 workers of 18 for full compaction
[1,003s][info][gc,phases,start] GC(7) Phase 1: Mark live objects
[1,004s][info][gc,phases      ] GC(7) Phase 1: Mark live objects 1,154ms
[1,004s][info][gc,phases,start] GC(7) Phase 2: Prepare compaction
[1,005s][info][gc,phases      ] GC(7) Phase 2: Prepare compaction 0,321ms
[1,005s][info][gc,phases,start] GC(7) Phase 3: Adjust pointers
[1,006s][info][gc,phases      ] GC(7) Phase 3: Adjust pointers 1,243ms
[1,006s][info][gc,phases,start] GC(7) Phase 4: Compact heap
[1,006s][info][gc,phases      ] GC(7) Phase 4: Compact heap 0,125ms
[1,006s][info][gc,phases,start] GC(7) Phase 5: Reset Metadata
[1,007s][info][gc,phases      ] GC(7) Phase 5: Reset Metadata 1,315ms
[1,009s][info][gc,heap        ] GC(7) Eden regions: 0->0(0)
[1,009s][info][gc,heap        ] GC(7) Survivor regions: 0->0(0)
[1,009s][info][gc,heap        ] GC(7) Old regions: 2->2
[1,009s][info][gc,heap        ] GC(7) Humongous regions: 2046->2046
[1,009s][info][gc,metaspace   ] GC(7) Metaspace: 78K(320K)->78K(320K) NonClass: 74K(192K)->74K(192K) Class: 3K(128K)->3K(128K)
[1,009s][info][gc             ] GC(7) Pause Full (G1 Compaction Pause) 2047M->2047M(2048M) 8,103ms
[1,009s][info][gc,cpu         ] GC(7) User=0,07s Sys=0,00s Real=0,01s
[1,009s][info][gc,ergo        ] Attempting maximal full compaction clearing soft references
[1,009s][info][gc,start       ] GC(8) Pause Full (G1 Compaction Pause)
[1,009s][info][gc,task        ] GC(8) Using 18 workers of 18 for full compaction
[1,011s][info][gc,phases,start] GC(8) Phase 1: Mark live objects
[1,012s][info][gc,phases      ] GC(8) Phase 1: Mark live objects 1,308ms
[1,012s][info][gc,phases,start] GC(8) Phase 2: Prepare compaction
[1,014s][info][gc,phases      ] GC(8) Phase 2: Prepare compaction 1,503ms
[1,014s][info][gc,phases,start] GC(8) Phase 3: Adjust pointers
[1,015s][info][gc,phases      ] GC(8) Phase 3: Adjust pointers 0,950ms
[1,015s][info][gc,phases,start] GC(8) Phase 4: Compact heap
[1,017s][info][gc,phases      ] GC(8) Phase 4: Compact heap 1,937ms
[1,017s][info][gc,phases,start] GC(8) Phase 5: Reset Metadata
[1,018s][info][gc,phases      ] GC(8) Phase 5: Reset Metadata 0,963ms
[1,019s][info][gc,heap        ] GC(8) Eden regions: 0->0(0)
[1,019s][info][gc,heap        ] GC(8) Survivor regions: 0->0(0)
[1,019s][info][gc,heap        ] GC(8) Old regions: 2->2
[1,019s][info][gc,heap        ] GC(8) Humongous regions: 2046->2046
[1,019s][info][gc,metaspace   ] GC(8) Metaspace: 78K(320K)->78K(320K) NonClass: 74K(192K)->74K(192K) Class: 3K(128K)->3K(128K)
[1,019s][info][gc             ] GC(8) Pause Full (G1 Compaction Pause) 2047M->2047M(2048M) 10,001ms
[1,019s][info][gc,cpu         ] GC(8) User=0,07s Sys=0,00s Real=0,01s
[1,020s][info][gc,marking     ] GC(5) Concurrent Mark From Roots 19,825ms
[1,020s][info][gc,start       ] GC(9) Pause Young (Normal) (G1 Evacuation Pause)
[1,020s][info][gc,task        ] GC(9) Using 18 workers of 18 for evacuation
[1,021s][info][gc,phases      ] GC(9)   Pre Evacuate Collection Set: 0,4ms
[1,021s][info][gc,phases      ] GC(9)   Merge Heap Roots: 0,1ms
[1,021s][info][gc,phases      ] GC(9)   Evacuate Collection Set: 0,2ms
[1,021s][info][gc,phases      ] GC(9)   Post Evacuate Collection Set: 0,2ms
[1,021s][info][gc,phases      ] GC(9)   Other: 0,1ms
[1,021s][info][gc,heap        ] GC(9) Eden regions: 0->0(0)
[1,021s][info][gc,heap        ] GC(9) Survivor regions: 0->0(0)
[1,021s][info][gc,heap        ] GC(9) Old regions: 2->2
[1,021s][info][gc,heap        ] GC(9) Humongous regions: 2046->2046
[1,021s][info][gc,metaspace   ] GC(9) Metaspace: 78K(320K)->78K(320K) NonClass: 74K(192K)->74K(192K) Class: 3K(128K)->3K(128K)
[1,021s][info][gc             ] GC(9) Pause Young (Normal) (G1 Evacuation Pause) 2047M->2047M(2048M) 1,221ms
[1,021s][info][gc,cpu         ] GC(9) User=0,01s Sys=0,00s Real=0,00s
[1,021s][info][gc,ergo        ] Attempting full compaction
[1,021s][info][gc,start       ] GC(10) Pause Full (G1 Compaction Pause)
[1,021s][info][gc,task        ] GC(10) Using 18 workers of 18 for full compaction
[1,022s][info][gc,phases,start] GC(10) Phase 1: Mark live objects
[1,024s][info][gc,phases      ] GC(10) Phase 1: Mark live objects 1,247ms
[1,024s][info][gc,phases,start] GC(10) Phase 2: Prepare compaction
[1,024s][info][gc,phases      ] GC(10) Phase 2: Prepare compaction 0,284ms
[1,024s][info][gc,phases,start] GC(10) Phase 3: Adjust pointers
[1,025s][info][gc,phases      ] GC(10) Phase 3: Adjust pointers 1,237ms
[1,025s][info][gc,phases,start] GC(10) Phase 4: Compact heap
[1,025s][info][gc,phases      ] GC(10) Phase 4: Compact heap 0,131ms
[1,025s][info][gc,phases,start] GC(10) Phase 5: Reset Metadata
[1,027s][info][gc,phases      ] GC(10) Phase 5: Reset Metadata 1,296ms
[1,029s][info][gc,heap        ] GC(10) Eden regions: 0->0(0)
[1,029s][info][gc,heap        ] GC(10) Survivor regions: 0->0(0)
[1,029s][info][gc,heap        ] GC(10) Old regions: 2->2
[1,029s][info][gc,heap        ] GC(10) Humongous regions: 2046->2046
[1,029s][info][gc,metaspace   ] GC(10) Metaspace: 78K(320K)->78K(320K) NonClass: 74K(192K)->74K(192K) Class: 3K(128K)->3K(128K)
[1,029s][info][gc             ] GC(10) Pause Full (G1 Compaction Pause) 2047M->2047M(2048M) 7,822ms
[1,029s][info][gc,cpu         ] GC(10) User=0,07s Sys=0,00s Real=0,01s
[1,029s][info][gc,ergo        ] Attempting maximal full compaction clearing soft references
[1,029s][info][gc,start       ] GC(11) Pause Full (G1 Compaction Pause)
[1,029s][info][gc,task        ] GC(11) Using 18 workers of 18 for full compaction
[1,030s][info][gc,phases,start] GC(11) Phase 1: Mark live objects
[1,031s][info][gc,phases      ] GC(11) Phase 1: Mark live objects 1,249ms
[1,031s][info][gc,phases,start] GC(11) Phase 2: Prepare compaction
[1,032s][info][gc,phases      ] GC(11) Phase 2: Prepare compaction 0,947ms
[1,032s][info][gc,phases,start] GC(11) Phase 3: Adjust pointers
[1,033s][info][gc,phases      ] GC(11) Phase 3: Adjust pointers 0,767ms
[1,033s][info][gc,phases,start] GC(11) Phase 4: Compact heap
[1,034s][info][gc,phases      ] GC(11) Phase 4: Compact heap 0,588ms
[1,034s][info][gc,phases,start] GC(11) Phase 5: Reset Metadata
[1,035s][info][gc,phases      ] GC(11) Phase 5: Reset Metadata 0,868ms
[1,036s][info][gc,heap        ] GC(11) Eden regions: 0->0(0)
[1,036s][info][gc,heap        ] GC(11) Survivor regions: 0->0(0)
[1,036s][info][gc,heap        ] GC(11) Old regions: 2->2
[1,036s][info][gc,heap        ] GC(11) Humongous regions: 2046->2046
[1,036s][info][gc,metaspace   ] GC(11) Metaspace: 78K(320K)->78K(320K) NonClass: 74K(192K)->74K(192K) Class: 3K(128K)->3K(128K)
[1,037s][info][gc             ] GC(11) Pause Full (G1 Compaction Pause) 2047M->2047M(2048M) 7,760ms
[1,037s][info][gc,cpu         ] GC(11) User=0,07s Sys=0,00s Real=0,01s
[1,037s][info][gc,marking     ] GC(5) Concurrent Mark Abort
[1,037s][info][gc             ] GC(5) Concurrent Mark Cycle 37,033ms
[1,037s][info][gc,start       ] GC(12) Pause Young (Normal) (G1 Evacuation Pause)
[1,037s][info][gc,task        ] GC(12) Using 18 workers of 18 for evacuation
[1,038s][info][gc,phases      ] GC(12)   Pre Evacuate Collection Set: 0,4ms
[1,038s][info][gc,phases      ] GC(12)   Merge Heap Roots: 0,1ms
[1,038s][info][gc,phases      ] GC(12)   Evacuate Collection Set: 0,2ms
[1,038s][info][gc,phases      ] GC(12)   Post Evacuate Collection Set: 0,2ms
[1,038s][info][gc,phases      ] GC(12)   Other: 0,1ms
[1,038s][info][gc,heap        ] GC(12) Eden regions: 0->0(0)
[1,038s][info][gc,heap        ] GC(12) Survivor regions: 0->0(0)
[1,038s][info][gc,heap        ] GC(12) Old regions: 2->2
[1,038s][info][gc,heap        ] GC(12) Humongous regions: 2046->2046
[1,038s][info][gc,metaspace   ] GC(12) Metaspace: 78K(320K)->78K(320K) NonClass: 74K(192K)->74K(192K) Class: 3K(128K)->3K(128K)
[1,038s][info][gc             ] GC(12) Pause Young (Normal) (G1 Evacuation Pause) 2047M->2047M(2048M) 1,155ms
[1,038s][info][gc,cpu         ] GC(12) User=0,01s Sys=0,00s Real=0,00s
[1,038s][info][gc,ergo        ] Attempting full compaction
[1,038s][info][gc,start       ] GC(13) Pause Full (G1 Compaction Pause)
[1,038s][info][gc,task        ] GC(13) Using 18 workers of 18 for full compaction
[1,038s][info][gc,phases,start] GC(13) Phase 1: Mark live objects
[1,039s][info][gc,phases      ] GC(13) Phase 1: Mark live objects 0,887ms
[1,039s][info][gc,phases,start] GC(13) Phase 2: Prepare compaction
[1,039s][info][gc,phases      ] GC(13) Phase 2: Prepare compaction 0,222ms
[1,039s][info][gc,phases,start] GC(13) Phase 3: Adjust pointers
[1,040s][info][gc,phases      ] GC(13) Phase 3: Adjust pointers 1,165ms
[1,041s][info][gc,phases,start] GC(13) Phase 4: Compact heap
[1,041s][info][gc,phases      ] GC(13) Phase 4: Compact heap 0,127ms
[1,041s][info][gc,phases,start] GC(13) Phase 5: Reset Metadata
[1,042s][info][gc,phases      ] GC(13) Phase 5: Reset Metadata 1,052ms
[1,043s][info][gc,heap        ] GC(13) Eden regions: 0->0(0)
[1,043s][info][gc,heap        ] GC(13) Survivor regions: 0->0(0)
[1,043s][info][gc,heap        ] GC(13) Old regions: 2->2
[1,043s][info][gc,heap        ] GC(13) Humongous regions: 2046->2046
[1,044s][info][gc,metaspace   ] GC(13) Metaspace: 78K(320K)->78K(320K) NonClass: 74K(192K)->74K(192K) Class: 3K(128K)->3K(128K)
[1,044s][info][gc             ] GC(13) Pause Full (G1 Compaction Pause) 2047M->2047M(2048M) 5,658ms
[1,044s][info][gc,cpu         ] GC(13) User=0,05s Sys=0,00s Real=0,01s
[1,044s][info][gc,ergo        ] Attempting maximal full compaction clearing soft references
[1,044s][info][gc,start       ] GC(14) Pause Full (G1 Compaction Pause)
[1,044s][info][gc,task        ] GC(14) Using 18 workers of 18 for full compaction
[1,044s][info][gc,phases,start] GC(14) Phase 1: Mark live objects
[1,045s][info][gc,phases      ] GC(14) Phase 1: Mark live objects 1,011ms
[1,045s][info][gc,phases,start] GC(14) Phase 2: Prepare compaction
[1,046s][info][gc,phases      ] GC(14) Phase 2: Prepare compaction 0,836ms
[1,046s][info][gc,phases,start] GC(14) Phase 3: Adjust pointers
[1,047s][info][gc,phases      ] GC(14) Phase 3: Adjust pointers 1,294ms
[1,047s][info][gc,phases,start] GC(14) Phase 4: Compact heap
[1,048s][info][gc,phases      ] GC(14) Phase 4: Compact heap 0,572ms
[1,048s][info][gc,phases,start] GC(14) Phase 5: Reset Metadata
[1,049s][info][gc,phases      ] GC(14) Phase 5: Reset Metadata 0,865ms
[1,050s][info][gc,heap        ] GC(14) Eden regions: 0->0(0)
[1,050s][info][gc,heap        ] GC(14) Survivor regions: 0->0(0)
[1,050s][info][gc,heap        ] GC(14) Old regions: 2->2
[1,050s][info][gc,heap        ] GC(14) Humongous regions: 2046->2046
[1,050s][info][gc,metaspace   ] GC(14) Metaspace: 78K(320K)->78K(320K) NonClass: 74K(192K)->74K(192K) Class: 3K(128K)->3K(128K)
[1,050s][info][gc             ] GC(14) Pause Full (G1 Compaction Pause) 2047M->2047M(2048M) 6,841ms
[1,050s][info][gc,cpu         ] GC(14) User=0,04s Sys=0,01s Real=0,00s
[1,051s][info][gc,start       ] GC(15) Pause Young (Concurrent Start) (G1 Evacuation Pause)
[1,051s][info][gc,task        ] GC(15) Using 18 workers of 18 for evacuation
[1,052s][info][gc,phases      ] GC(15)   Pre Evacuate Collection Set: 0,5ms
[1,052s][info][gc,phases      ] GC(15)   Merge Heap Roots: 0,1ms
[1,052s][info][gc,phases      ] GC(15)   Evacuate Collection Set: 0,2ms
[1,052s][info][gc,phases      ] GC(15)   Post Evacuate Collection Set: 0,3ms
[1,052s][info][gc,phases      ] GC(15)   Other: 0,1ms
[1,052s][info][gc,heap        ] GC(15) Eden regions: 0->0(0)
[1,052s][info][gc,heap        ] GC(15) Survivor regions: 0->0(0)
[1,052s][info][gc,heap        ] GC(15) Old regions: 2->2
[1,052s][info][gc,heap        ] GC(15) Humongous regions: 2046->2046
[1,052s][info][gc,metaspace   ] GC(15) Metaspace: 78K(320K)->78K(320K) NonClass: 74K(192K)->74K(192K) Class: 3K(128K)->3K(128K)
[1,052s][info][gc             ] GC(15) Pause Young (Concurrent Start) (G1 Evacuation Pause) 2047M->2047M(2048M) 1,488ms
[1,052s][info][gc,cpu         ] GC(15) User=0,01s Sys=0,00s Real=0,00s
[1,052s][info][gc             ] GC(16) Concurrent Mark Cycle
[1,052s][info][gc,marking     ] GC(16) Concurrent Scan Root Regions
[1,052s][info][gc,marking     ] GC(16) Concurrent Scan Root Regions 0,017ms
[1,052s][info][gc,marking     ] GC(16) Concurrent Mark
[1,052s][info][gc,marking     ] GC(16) Concurrent Mark From Roots
[1,052s][info][gc,task        ] GC(16) Using 5 workers of 5 for marking
[1,052s][info][gc,ergo        ] Attempting full compaction
[1,053s][info][gc,start       ] GC(17) Pause Full (G1 Compaction Pause)
[1,053s][info][gc,task        ] GC(17) Using 18 workers of 18 for full compaction
[1,054s][info][gc,phases,start] GC(17) Phase 1: Mark live objects
[1,055s][info][gc,phases      ] GC(17) Phase 1: Mark live objects 1,068ms
[1,055s][info][gc,phases,start] GC(17) Phase 2: Prepare compaction
[1,055s][info][gc,phases      ] GC(17) Phase 2: Prepare compaction 0,295ms
[1,055s][info][gc,phases,start] GC(17) Phase 3: Adjust pointers
[1,057s][info][gc,phases      ] GC(17) Phase 3: Adjust pointers 1,297ms
[1,057s][info][gc,phases,start] GC(17) Phase 4: Compact heap
[1,057s][info][gc,phases      ] GC(17) Phase 4: Compact heap 0,144ms
[1,057s][info][gc,phases,start] GC(17) Phase 5: Reset Metadata
[1,058s][info][gc,phases      ] GC(17) Phase 5: Reset Metadata 1,322ms
[1,060s][info][gc,heap        ] GC(17) Eden regions: 0->0(0)
[1,060s][info][gc,heap        ] GC(17) Survivor regions: 0->0(0)
[1,060s][info][gc,heap        ] GC(17) Old regions: 2->2
[1,060s][info][gc,heap        ] GC(17) Humongous regions: 2046->2046
[1,060s][info][gc,metaspace   ] GC(17) Metaspace: 78K(320K)->78K(320K) NonClass: 74K(192K)->74K(192K) Class: 3K(128K)->3K(128K)
[1,060s][info][gc             ] GC(17) Pause Full (G1 Compaction Pause) 2047M->2047M(2048M) 7,650ms
[1,060s][info][gc,cpu         ] GC(17) User=0,06s Sys=0,01s Real=0,01s
[1,060s][info][gc,ergo        ] Attempting maximal full compaction clearing soft references
[1,060s][info][gc,start       ] GC(18) Pause Full (G1 Compaction Pause)
[1,060s][info][gc,task        ] GC(18) Using 18 workers of 18 for full compaction
[1,062s][info][gc,phases,start] GC(18) Phase 1: Mark live objects
[1,063s][info][gc,phases      ] GC(18) Phase 1: Mark live objects 1,266ms
[1,063s][info][gc,phases,start] GC(18) Phase 2: Prepare compaction
[1,063s][info][gc,phases      ] GC(18) Phase 2: Prepare compaction 0,621ms
[1,063s][info][gc,phases,start] GC(18) Phase 3: Adjust pointers
[1,065s][info][gc,phases      ] GC(18) Phase 3: Adjust pointers 1,443ms
[1,065s][info][gc,phases,start] GC(18) Phase 4: Compact heap
[1,066s][info][gc,phases      ] GC(18) Phase 4: Compact heap 1,074ms
[1,066s][info][gc,phases,start] GC(18) Phase 5: Reset Metadata
[1,067s][info][gc,phases      ] GC(18) Phase 5: Reset Metadata 0,887ms
[1,069s][info][gc,heap        ] GC(18) Eden regions: 0->0(0)
[1,069s][info][gc,heap        ] GC(18) Survivor regions: 0->0(0)
[1,069s][info][gc,heap        ] GC(18) Old regions: 2->2
[1,069s][info][gc,heap        ] GC(18) Humongous regions: 2046->2046
[1,069s][info][gc,metaspace   ] GC(18) Metaspace: 78K(320K)->78K(320K) NonClass: 74K(192K)->74K(192K) Class: 3K(128K)->3K(128K)
[1,069s][info][gc             ] GC(18) Pause Full (G1 Compaction Pause) 2047M->2047M(2048M) 8,450ms
[1,069s][info][gc,cpu         ] GC(18) User=0,07s Sys=0,00s Real=0,01s
[1,069s][info][gc,start       ] GC(19) Pause Young (Normal) (G1 Evacuation Pause)
[1,069s][info][gc,marking     ] GC(16) Concurrent Mark From Roots 16,406ms
[1,069s][info][gc,task        ] GC(19) Using 18 workers of 18 for evacuation
[1,070s][info][gc,phases      ] GC(19)   Pre Evacuate Collection Set: 0,4ms
[1,070s][info][gc,phases      ] GC(19)   Merge Heap Roots: 0,1ms
[1,070s][info][gc,phases      ] GC(19)   Evacuate Collection Set: 0,1ms
[1,070s][info][gc,phases      ] GC(19)   Post Evacuate Collection Set: 0,2ms
[1,070s][info][gc,phases      ] GC(19)   Other: 0,1ms
[1,070s][info][gc,heap        ] GC(19) Eden regions: 0->0(0)
[1,070s][info][gc,heap        ] GC(19) Survivor regions: 0->0(0)
[1,070s][info][gc,heap        ] GC(19) Old regions: 2->2
[1,070s][info][gc,heap        ] GC(19) Humongous regions: 2046->2046
[1,070s][info][gc,metaspace   ] GC(19) Metaspace: 78K(320K)->78K(320K) NonClass: 74K(192K)->74K(192K) Class: 3K(128K)->3K(128K)
[1,070s][info][gc             ] GC(19) Pause Young (Normal) (G1 Evacuation Pause) 2047M->2047M(2048M) 1,190ms
[1,070s][info][gc,cpu         ] GC(19) User=0,01s Sys=0,00s Real=0,00s
[1,070s][info][gc,ergo        ] Attempting full compaction
[1,070s][info][gc,start       ] GC(20) Pause Full (G1 Compaction Pause)
[1,070s][info][gc,task        ] GC(20) Using 18 workers of 18 for full compaction
[1,071s][info][gc,phases,start] GC(20) Phase 1: Mark live objects
[1,073s][info][gc,phases      ] GC(20) Phase 1: Mark live objects 1,046ms
[1,073s][info][gc,phases,start] GC(20) Phase 2: Prepare compaction
[1,073s][info][gc,phases      ] GC(20) Phase 2: Prepare compaction 0,162ms
[1,073s][info][gc,phases,start] GC(20) Phase 3: Adjust pointers
[1,073s][info][gc,phases      ] GC(20) Phase 3: Adjust pointers 0,638ms
[1,073s][info][gc,phases,start] GC(20) Phase 4: Compact heap
[1,073s][info][gc,phases      ] GC(20) Phase 4: Compact heap 0,068ms
[1,073s][info][gc,phases,start] GC(20) Phase 5: Reset Metadata
[1,075s][info][gc,phases      ] GC(20) Phase 5: Reset Metadata 1,263ms
[1,076s][info][gc,heap        ] GC(20) Eden regions: 0->0(0)
[1,076s][info][gc,heap        ] GC(20) Survivor regions: 0->0(0)
[1,076s][info][gc,heap        ] GC(20) Old regions: 2->2
[1,076s][info][gc,heap        ] GC(20) Humongous regions: 2046->2046
[1,076s][info][gc,metaspace   ] GC(20) Metaspace: 78K(320K)->78K(320K) NonClass: 74K(192K)->74K(192K) Class: 3K(128K)->3K(128K)
[1,076s][info][gc             ] GC(20) Pause Full (G1 Compaction Pause) 2047M->2047M(2048M) 6,371ms
[1,076s][info][gc,cpu         ] GC(20) User=0,07s Sys=0,00s Real=0,01s
[1,076s][info][gc,ergo        ] Attempting maximal full compaction clearing soft references
[1,076s][info][gc,start       ] GC(21) Pause Full (G1 Compaction Pause)
[1,076s][info][gc,task        ] GC(21) Using 18 workers of 18 for full compaction
[1,078s][info][gc,phases,start] GC(21) Phase 1: Mark live objects
[1,079s][info][gc,phases      ] GC(21) Phase 1: Mark live objects 1,038ms
[1,079s][info][gc,phases,start] GC(21) Phase 2: Prepare compaction
[1,080s][info][gc,phases      ] GC(21) Phase 2: Prepare compaction 0,828ms
[1,080s][info][gc,phases,start] GC(21) Phase 3: Adjust pointers
[1,081s][info][gc,phases      ] GC(21) Phase 3: Adjust pointers 1,156ms
[1,081s][info][gc,phases,start] GC(21) Phase 4: Compact heap
[1,081s][info][gc,phases      ] GC(21) Phase 4: Compact heap 0,576ms
[1,082s][info][gc,phases,start] GC(21) Phase 5: Reset Metadata
[1,082s][info][gc,phases      ] GC(21) Phase 5: Reset Metadata 0,895ms
[1,084s][info][gc,heap        ] GC(21) Eden regions: 0->0(0)
[1,084s][info][gc,heap        ] GC(21) Survivor regions: 0->0(0)
[1,084s][info][gc,heap        ] GC(21) Old regions: 2->2
[1,084s][info][gc,heap        ] GC(21) Humongous regions: 2046->2046
[1,084s][info][gc,metaspace   ] GC(21) Metaspace: 78K(320K)->78K(320K) NonClass: 74K(192K)->74K(192K) Class: 3K(128K)->3K(128K)
[1,084s][info][gc             ] GC(21) Pause Full (G1 Compaction Pause) 2047M->2047M(2048M) 7,646ms
[1,084s][info][gc,cpu         ] GC(21) User=0,07s Sys=0,00s Real=0,01s
[1,084s][info][gc,marking     ] GC(16) Concurrent Mark Abort
[1,084s][info][gc             ] GC(16) Concurrent Mark Cycle 31,930ms
